<html>
<body>
<pre>
<h1>µVision Build Log</h1>
<h2>Tool Versions:</h2>
IDE-Version: µVision V5.22.0.0
Copyright (C) 2016 ARM Ltd and ARM Germany GmbH. All rights reserved.
License Information: linjian xiang, university of alberta, LIC=FQQKP-MPK4A-5ACDF-6Y5M4-D4AU1-PBSPZ
 
Tool Versions:
Toolchain:       MDK-ARM Professional  Version: 5.22
Toolchain Path:  C:\Keil_v5\ARM\ARMCC\Bin
C Compiler:      Armcc.exe V5.06 update 4 (build 422)
Assembler:       Armasm.exe V5.06 update 4 (build 422)
Linker/Locator:  ArmLink.exe V5.06 update 4 (build 422)
Library Manager: ArmAr.exe V5.06 update 4 (build 422)
Hex Converter:   FromElf.exe V5.06 update 4 (build 422)
CPU DLL:         SARMCM3.DLL V5.22
Dialog DLL:      DCM.DLL V1.13.9.0
Target DLL:      STLink\ST-LINKIII-KEIL_SWO.dll V2.0.18.0
Dialog DLL:      TCM.DLL V1.21.0.0
 
<h2>Project:</h2>
C:\Users\ljxia_000\Documents\robomaster\new_board\7.12_NEWBOARD00\7.12_NEWBOARD\RM2016_hero_newboard\RM2016 Infantry.uvprojx
Project File Date:  06/26/2017

<h2>Output:</h2>
*** Using Compiler 'V5.06 update 4 (build 422)', folder: 'C:\Keil_v5\ARM\ARMCC\Bin'
Build target 'Target 1'
compiling led.c...
compiling main.c...
compiling bsp.c...
compiling gun.c...
BSP\gun.c(109): warning:  #1-D: last line of file ends without a newline
  }
BSP\gun.c: 1 warning, 0 errors
compiling can1.c...
compiling can2.c...
compiling delay.c...
compiling exti.c...
compiling laser.c...
compiling timer.c...
compiling usart1.c...
BSP\usart1.c(17): warning:  #177-D: variable "rc_raw_data"  was declared but never referenced
  static RC_Raw_t rc_raw_data;	 //remote raw data 
BSP\usart1.c: 1 warning, 0 errors
compiling usart3.c...
compiling bsp_flash.c...
compiling stm32f4xx_it.c...
compiling encoder.c...
compiling misc.c...
compiling stm32f4xx_adc.c...
compiling stm32f4xx_can.c...
compiling stm32f4xx_crc.c...
compiling stm32f4xx_dac.c...
compiling stm32f4xx_dma.c...
compiling stm32f4xx_exti.c...
compiling stm32f4xx_flash.c...
compiling stm32f4xx_gpio.c...
compiling stm32f4xx_pwr.c...
compiling stm32f4xx_rcc.c...
compiling stm32f4xx_spi.c...
compiling stm32f4xx_syscfg.c...
compiling stm32f4xx_usart.c...
compiling stm32f4xx_tim.c...
assembling startup_stm32f427xx.s...
compiling system_stm32f4xx.c...
compiling stm32f4xx_i2c.c...
compiling imu.c...
compiling mpu6050_i2c.c...
compiling mpu6050_driver.c...
compiling mpu6050_interrupt.c...
compiling IOTask.c...
compiling ControlTask.c...
APP\ControlTask.c(56): warning:  #1035-D: single-precision operand implicitly converted to double-precision
  		 ChassisSpeedRef.rotate_ref = CMRotatePID.output*0.75;
APP\ControlTask.c(102): warning:  #1035-D: single-precision operand implicitly converted to double-precision
  		HeroTrackSpeedPID.ref =  -HeroTrackRef.pitch_angle_dynamic_ref*0.025; //0.075
APP\ControlTask.c: 2 warnings, 0 errors
compiling RemoteTask.c...
APP\RemoteTask.c(272): warning:  #177-D: variable "d"  was declared but never referenced
  			uint8_t d = 0x4;
APP\RemoteTask.c(284): warning:  #177-D: variable "b"  was declared but never referenced
  						uint8_t b = 0x1;
APP\RemoteTask.c(292): warning:  #177-D: variable "c"  was declared but never referenced
  			uint8_t c = 0x2;
APP\RemoteTask.c(310): warning:  #177-D: variable "a"  was declared but never referenced
  			uint8_t a = 0x5;
APP\RemoteTask.c: 4 warnings, 0 errors
compiling CanBusTask.c...
compiling SuperviseTask.c...
linking...
Program Size: Code=41636 RO-data=1516 RW-data=1708 ZI-data=7244  
After Build - User command #1: fromelf.exe  --bin -o ./bin/RM2016_Infantry.bin ./Outputs/RM2016_Infantry.axf
".\Outputs\RM2016_Infantry.axf" - 0 Error(s), 8 Warning(s).

<h2>Software Packages used:</h2>

Package Vendor: ARM
                http://www.keil.com/pack/ARM.CMSIS.5.0.0.pack
                ARM::CMSIS:CORE:5.0.0
                CMSIS (Cortex Microcontroller Software Interface Standard)
   * Component: CORE Version: 5.0.0

<h2>Collection of Component include folders:</h2>
  C:\Users\ljxia_000\Documents\robomaster\new_board\7.12_NEWBOARD00\7.12_NEWBOARD\RM2016_hero_newboard\RTE\_Target_1
  C:\Keil_v5\ARM\PACK\ARM\CMSIS\5.0.0\CMSIS\Include
  C:\Keil_v5\ARM\PACK\Keil\STM32F4xx_DFP\2.11.0\Drivers\CMSIS\Device\ST\STM32F4xx\Include

<h2>Collection of Component Files used:</h2>

   * Component: ARM::CMSIS:CORE:5.0.0
Build Time Elapsed:  00:00:17
</pre>
</body>
</html>
