Component: ARM Compiler 5.06 update 4 (build 422) Tool: armlink [4d35d2]

==============================================================================

Section Cross References

    main.o(.text) refers to controltask.o(.text) for ControtLoopTaskInit
    main.o(.text) refers to remotetask.o(.text) for RemoteTaskInit
    main.o(.text) refers to delay.o(.text) for delay_ms
    main.o(.text) refers to bsp.o(.text) for BSP_Init
    main.o(.text) refers to timer.o(.text) for Get_Time_Micros
    main.o(.text) refers to imu.o(.text) for IMU_getYawPitchRoll
    main.o(.text) refers to iotask.o(.text) for UploadParameter
    main.o(.text) refers to main.o(.data) for system_micrsecond
    main.o(.text) refers to imu.o(.bss) for angle
    bsp.o(.text) refers to misc.o(.text) for NVIC_PriorityGroupConfig
    bsp.o(.text) refers to gun.o(.text) for PWM_Configuration
    bsp.o(.text) refers to led.o(.text) for Led_Configuration
    bsp.o(.text) refers to laser.o(.text) for Laser_Configuration
    bsp.o(.text) refers to timer.o(.text) for TIM2_Configuration
    bsp.o(.text) refers to encoder.o(.text) for Quad_Encoder_Configuration
    bsp.o(.text) refers to can1.o(.text) for CAN2_NEW_Configuration
    bsp.o(.text) refers to can2.o(.text) for CAN1_NEW_Configuration
    bsp.o(.text) refers to usart1.o(.text) for USART1_Configuration
    bsp.o(.text) refers to usart3.o(.text) for USART3_Configuration
    led.o(.text) refers to stm32f4xx_rcc.o(.text) for RCC_AHB1PeriphClockCmd
    led.o(.text) refers to stm32f4xx_gpio.o(.text) for GPIO_Init
    gun.o(.text) refers to stm32f4xx_rcc.o(.text) for RCC_AHB1PeriphClockCmd
    gun.o(.text) refers to stm32f4xx_gpio.o(.text) for GPIO_Init
    gun.o(.text) refers to stm32f4xx_tim.o(.text) for TIM_TimeBaseInit
    gun.o(.text) refers to gun.o(.data) for gpio
    gun.o(.text) refers to gun.o(.bss) for tim
    can1.o(.text) refers to stm32f4xx_rcc.o(.text) for RCC_AHB1PeriphClockCmd
    can1.o(.text) refers to stm32f4xx_gpio.o(.text) for GPIO_PinAFConfig
    can1.o(.text) refers to misc.o(.text) for NVIC_Init
    can1.o(.text) refers to stm32f4xx_can.o(.text) for CAN_DeInit
    can2.o(.text) refers to stm32f4xx_rcc.o(.text) for RCC_AHB1PeriphClockCmd
    can2.o(.text) refers to stm32f4xx_gpio.o(.text) for GPIO_PinAFConfig
    can2.o(.text) refers to misc.o(.text) for NVIC_Init
    can2.o(.text) refers to stm32f4xx_can.o(.text) for CAN_DeInit
    exti.o(.text) refers to stm32f4xx_rcc.o(.text) for RCC_APB2PeriphClockCmd
    exti.o(.text) refers to stm32f4xx_gpio.o(.text) for GPIO_Init
    exti.o(.text) refers to stm32f4xx_syscfg.o(.text) for SYSCFG_EXTILineConfig
    exti.o(.text) refers to stm32f4xx_exti.o(.text) for EXTI_Init
    exti.o(.text) refers to misc.o(.text) for NVIC_Init
    laser.o(.text) refers to stm32f4xx_rcc.o(.text) for RCC_AHB1PeriphClockCmd
    laser.o(.text) refers to stm32f4xx_gpio.o(.text) for GPIO_Init
    timer.o(.text) refers to stm32f4xx_rcc.o(.text) for RCC_APB2PeriphClockCmd
    timer.o(.text) refers to stm32f4xx_tim.o(.text) for TIM_ARRPreloadConfig
    timer.o(.text) refers to misc.o(.text) for NVIC_Init
    timer.o(.text) refers to usart3.o(.text) for Convert32to8
    timer.o(.text) refers to stm32f4xx_usart.o(.text) for USART_SendData
    timer.o(.text) refers to timer.o(.data) for i
    usart1.o(.text) refers to fifo.o(.text) for FIFO_Init
    usart1.o(.text) refers to stm32f4xx_rcc.o(.text) for RCC_AHB1PeriphClockCmd
    usart1.o(.text) refers to stm32f4xx_gpio.o(.text) for GPIO_PinAFConfig
    usart1.o(.text) refers to stm32f4xx_usart.o(.text) for USART_DeInit
    usart1.o(.text) refers to stm32f4xx_dma.o(.text) for DMA_DeInit
    usart1.o(.text) refers to misc.o(.text) for NVIC_Init
    usart1.o(.text) refers to remotetask.o(.text) for RemoteDataPrcess
    usart1.o(.text) refers to supervisetask.o(.text) for GetLostCounter
    usart1.o(.text) refers to lostcounter.o(.text) for LostCounterFeed
    usart1.o(.text) refers to usart1.o(.bss) for _USART1_RX_BUF
    usart1.o(.text) refers to usart1.o(.data) for this_time_rx_len
    usart3.o(.text) refers to stm32f4xx_rcc.o(.text) for RCC_AHB1PeriphClockCmd
    usart3.o(.text) refers to stm32f4xx_gpio.o(.text) for GPIO_PinAFConfig
    usart3.o(.text) refers to stm32f4xx_usart.o(.text) for USART_Init
    usart3.o(.text) refers to misc.o(.text) for NVIC_Init
    usart3.o(.text) refers to fifo.o(.text) for FIFO_S_Create
    usart3.o(.text) refers to usart3.o(.data) for UART_TranFifo
    usart3.o(.text) refers to canbustask.o(.data) for ZGyroModuleAngle
    usart3.o(.text) refers to imu.o(.data) for yaw_angle
    encoder.o(.text) refers to stm32f4xx_rcc.o(.text) for RCC_AHB1PeriphClockCmd
    encoder.o(.text) refers to stm32f4xx_gpio.o(.text) for GPIO_Init
    encoder.o(.text) refers to stm32f4xx_tim.o(.text) for TIM_EncoderInterfaceConfig
    encoder.o(.text) refers to encoder.o(.data) for Encoder_Dir
    bsp_flash.o(.text) refers to stm32f4xx_flash.o(.text) for FLASH_Unlock
[...]
    _main_clock                              0x080001b5   Thumb Code     0  entry7b.o(.ARM.Collect$$$$00000008)
    _main_cpp_init                           0x080001b5   Thumb Code     0  entry8b.o(.ARM.Collect$$$$0000000A)
    _main_init                               0x080001b5   Thumb Code     0  entry9a.o(.ARM.Collect$$$$0000000B)
    __rt_final_cpp                           0x080001bd   Thumb Code     0  entry10a.o(.ARM.Collect$$$$0000000D)
    __rt_final_exit                          0x080001bd   Thumb Code     0  entry11a.o(.ARM.Collect$$$$0000000F)
    main                                     0x080001c1   Thumb Code    80  main.o(.text)
    BSP_Init                                 0x08000221   Thumb Code    62  bsp.o(.text)
    Led_Configuration                        0x08000265   Thumb Code    98  led.o(.text)
    GUN_OFF                                  0x080002d1   Thumb Code    12  gun.o(.text)
    GUN_ON                                   0x080002dd   Thumb Code    14  gun.o(.text)
    GUN_Control                              0x080002eb   Thumb Code    10  gun.o(.text)
    APS_ON                                   0x080002f5   Thumb Code    10  gun.o(.text)
    APS_OFF                                  0x080002ff   Thumb Code     8  gun.o(.text)
    PWM_Configuration                        0x08000307   Thumb Code   236  gun.o(.text)
    servo_Configuration                      0x080003f3   Thumb Code   134  gun.o(.text)
    CAN2_NEW_Configuration                   0x08000499   Thumb Code   264  can1.o(.text)
    CAN2_TX_IRQHandler                       0x080005a1   Thumb Code    22  can1.o(.text)
    CAN2_RX0_IRQHandler                      0x080005b7   Thumb Code    12  can1.o(.text)
    CAN1_NEW_Configuration                   0x080005cd   Thumb Code   260  can2.o(.text)
    CAN1_TX_IRQHandler                       0x080006d1   Thumb Code    22  can2.o(.text)
    GYRO_RST                                 0x080006e7   Thumb Code    86  can2.o(.text)
    CAN1_RX0_IRQHandler                      0x0800073d   Thumb Code    30  can2.o(.text)
    delay_ms                                 0x08000769   Thumb Code    28  delay.o(.text)
    delay_us                                 0x08000785   Thumb Code    26  delay.o(.text)
    Delay_ms                                 0x0800079f   Thumb Code    28  delay.o(.text)
    Delay_us                                 0x080007bb   Thumb Code    26  delay.o(.text)
    Exti_Configuration                       0x080007d5   Thumb Code   216  exti.o(.text)
    EXTI0_IRQHandler                         0x080008ad   Thumb Code    18  exti.o(.text)
    EXTI1_IRQHandler                         0x080008bf   Thumb Code    18  exti.o(.text)
    Laser_Configuration                      0x080008d9   Thumb Code    54  laser.o(.text)
    TIM8_Configuration                       0x08000915   Thumb Code    84  timer.o(.text)
    TIM6_Configuration                       0x08000969   Thumb Code    72  timer.o(.text)
    TIM6_Start                               0x080009b1   Thumb Code    30  timer.o(.text)
    TIM4_Configuration                       0x080009cf   Thumb Code    84  timer.o(.text)
    TIM2_Configuration                       0x08000a23   Thumb Code    60  timer.o(.text)
    TIM2_IRQHandler                          0x08000a5f   Thumb Code    30  timer.o(.text)
    TIM6_DAC_IRQHandler                      0x08000a7d   Thumb Code    82  timer.o(.text)
    Get_Time_Micros                          0x08000acf   Thumb Code     8  timer.o(.text)
    USART1_Configuration                     0x08000b01   Thumb Code   302  usart1.o(.text)
    USART1_IRQHandler                        0x08000c2f   Thumb Code   190  usart1.o(.text)
    USART1_GetRxBuf                          0x08000ced   Thumb Code     4  usart1.o(.text)
    USART3_Configuration                     0x08000d0d   Thumb Code   182  usart3.o(.text)
    UART3_PrintCh                            0x08000dc3   Thumb Code    28  usart3.o(.text)
    UART3_PrintBlock                         0x08000ddf   Thumb Code    44  usart3.o(.text)
    Convert16to8                             0x08000e0b   Thumb Code     8  usart3.o(.text)
    Convert32to8                             0x08000e13   Thumb Code    46  usart3.o(.text)
    fputc                                    0x08000e41   Thumb Code    24  usart3.o(.text)
    USART3_IRQHandler                        0x08000e59   Thumb Code   106  usart3.o(.text)
    Quad_Encoder_Configuration               0x08000ed9   Thumb Code    90  encoder.o(.text)
    Encoder_Start                            0x08000f33   Thumb Code    12  encoder.o(.text)
    GetQuadEncoderDiff                       0x08000f3f   Thumb Code    40  encoder.o(.text)
    BSP_FLASH_GetFlashSector                 0x08000f7b   Thumb Code   116  bsp_flash.o(.text)
    BSP_FLASH_Write                          0x08000fef   Thumb Code   168  bsp_flash.o(.text)
    BSP_FLASH_Read                           0x08001097   Thumb Code    34  bsp_flash.o(.text)
    NMI_Handler                              0x080010e9   Thumb Code     2  stm32f4xx_it.o(.text)
    HardFault_Handler                        0x080010eb   Thumb Code     4  stm32f4xx_it.o(.text)
    MemManage_Handler                        0x080010ef   Thumb Code     4  stm32f4xx_it.o(.text)
    BusFault_Handler                         0x080010f3   Thumb Code     4  stm32f4xx_it.o(.text)
    UsageFault_Handler                       0x080010f7   Thumb Code     4  stm32f4xx_it.o(.text)
    SVC_Handler                              0x080010fb   Thumb Code     2  stm32f4xx_it.o(.text)
    DebugMon_Handler                         0x080010fd   Thumb Code     2  stm32f4xx_it.o(.text)
    PendSV_Handler                           0x080010ff   Thumb Code     2  stm32f4xx_it.o(.text)
    NVIC_PriorityGroupConfig                 0x08001101   Thumb Code    10  misc.o(.text)
    NVIC_Init                                0x0800110b   Thumb Code   106  misc.o(.text)
    NVIC_SetVectorTable                      0x08001175   Thumb Code    14  misc.o(.text)
    NVIC_SystemLPConfig                      0x08001183   Thumb Code    34  misc.o(.text)
    SysTick_CLKSourceConfig                  0x080011a5   Thumb Code    40  misc.o(.text)
    CAN_DeInit                               0x080011e1   Thumb Code    50  stm32f4xx_can.o(.text)
    CAN_Init                                 0x08001213   Thumb Code   276  stm32f4xx_can.o(.text)
    CAN_FilterInit                           0x08001327   Thumb Code   258  stm32f4xx_can.o(.text)
    CAN_StructInit                           0x08001429   Thumb Code    32  stm32f4xx_can.o(.text)
    CAN_SlaveStartBank                       0x08001449   Thumb Code    48  stm32f4xx_can.o(.text)
    CAN_DBGFreeze                            0x08001479   Thumb Code    22  stm32f4xx_can.o(.text)
    CAN_TTComModeCmd                         0x0800148f   Thumb Code   118  stm32f4xx_can.o(.text)
    CAN_Transmit                             0x08001505   Thumb Code   304  stm32f4xx_can.o(.text)
    CAN_TransmitStatus                       0x08001635   Thumb Code   138  stm32f4xx_can.o(.text)
    CAN_CancelTransmit                       0x080016bf   Thumb Code    48  stm32f4xx_can.o(.text)
    CAN_Receive                              0x080016ef   Thumb Code   240  stm32f4xx_can.o(.text)
    CAN_FIFORelease                          0x080017df   Thumb Code    22  stm32f4xx_can.o(.text)
    CAN_MessagePending                       0x080017f5   Thumb Code    30  stm32f4xx_can.o(.text)
    CAN_OperatingModeRequest                 0x08001813   Thumb Code   162  stm32f4xx_can.o(.text)
    CAN_Sleep                                0x080018b5   Thumb Code    30  stm32f4xx_can.o(.text)
    CAN_WakeUp                               0x080018d3   Thumb Code    48  stm32f4xx_can.o(.text)
    CAN_GetLastErrorCode                     0x08001903   Thumb Code    12  stm32f4xx_can.o(.text)
    CAN_GetReceiveErrorCounter               0x0800190f   Thumb Code    10  stm32f4xx_can.o(.text)
    CAN_GetLSBTransmitErrorCounter           0x08001919   Thumb Code    12  stm32f4xx_can.o(.text)
    CAN_ITConfig                             0x08001925   Thumb Code    18  stm32f4xx_can.o(.text)
    CAN_GetFlagStatus                        0x08001937   Thumb Code   120  stm32f4xx_can.o(.text)
    CAN_ClearFlag                            0x080019af   Thumb Code    52  stm32f4xx_can.o(.text)
    CAN_GetITStatus                          0x080019f5   Thumb Code   310  stm32f4xx_can.o(.text)
    CAN_ClearITPendingBit                    0x08001b2b   Thumb Code   162  stm32f4xx_can.o(.text)
    DMA_DeInit                               0x08001bd1   Thumb Code   324  stm32f4xx_dma.o(.text)
    DMA_Init                                 0x08001d15   Thumb Code    82  stm32f4xx_dma.o(.text)
    DMA_StructInit                           0x08001d67   Thumb Code    34  stm32f4xx_dma.o(.text)
    DMA_Cmd                                  0x08001d89   Thumb Code    22  stm32f4xx_dma.o(.text)
    DMA_PeriphIncOffsetSizeConfig            0x08001d9f   Thumb Code    22  stm32f4xx_dma.o(.text)
    DMA_FlowControllerConfig                 0x08001db5   Thumb Code    22  stm32f4xx_dma.o(.text)
    DMA_SetCurrDataCounter                   0x08001dcb   Thumb Code     4  stm32f4xx_dma.o(.text)
    DMA_GetCurrDataCounter                   0x08001dcf   Thumb Code     8  stm32f4xx_dma.o(.text)
    DMA_DoubleBufferModeConfig               0x08001dd7   Thumb Code    24  stm32f4xx_dma.o(.text)
    DMA_DoubleBufferModeCmd                  0x08001def   Thumb Code    22  stm32f4xx_dma.o(.text)
    DMA_MemoryTargetConfig                   0x08001e05   Thumb Code    10  stm32f4xx_dma.o(.text)
    DMA_GetCurrentMemoryTarget               0x08001e0f   Thumb Code    20  stm32f4xx_dma.o(.text)
    DMA_GetCmdStatus                         0x08001e23   Thumb Code    20  stm32f4xx_dma.o(.text)
    DMA_GetFIFOStatus                        0x08001e37   Thumb Code    12  stm32f4xx_dma.o(.text)
    DMA_GetFlagStatus                        0x08001e43   Thumb Code    56  stm32f4xx_dma.o(.text)
    DMA_ClearFlag                            0x08001e7b   Thumb Code    40  stm32f4xx_dma.o(.text)
    DMA_ITConfig                             0x08001ea3   Thumb Code    58  stm32f4xx_dma.o(.text)
    DMA_GetITStatus                          0x08001edd   Thumb Code    84  stm32f4xx_dma.o(.text)
    DMA_ClearITPendingBit                    0x08001f31   Thumb Code    40  stm32f4xx_dma.o(.text)
    EXTI_DeInit                              0x08001f79   Thumb Code    28  stm32f4xx_exti.o(.text)
    EXTI_Init                                0x08001f95   Thumb Code   142  stm32f4xx_exti.o(.text)
    EXTI_StructInit                          0x08002023   Thumb Code    16  stm32f4xx_exti.o(.text)
    EXTI_GenerateSWInterrupt                 0x08002033   Thumb Code    16  stm32f4xx_exti.o(.text)
    EXTI_GetFlagStatus                       0x08002043   Thumb Code    22  stm32f4xx_exti.o(.text)
    EXTI_ClearFlag                           0x08002059   Thumb Code     8  stm32f4xx_exti.o(.text)
    EXTI_GetITStatus                         0x08002061   Thumb Code    34  stm32f4xx_exti.o(.text)
    EXTI_ClearITPendingBit                   0x08002083   Thumb Code     8  stm32f4xx_exti.o(.text)
    FLASH_SetLatency                         0x08002095   Thumb Code     6  stm32f4xx_flash.o(.text)
    FLASH_PrefetchBufferCmd                  0x0800209b   Thumb Code    30  stm32f4xx_flash.o(.text)
    FLASH_InstructionCacheCmd                0x080020b9   Thumb Code    30  stm32f4xx_flash.o(.text)
    FLASH_DataCacheCmd                       0x080020d7   Thumb Code    30  stm32f4xx_flash.o(.text)
    FLASH_InstructionCacheReset              0x080020f5   Thumb Code    14  stm32f4xx_flash.o(.text)
    FLASH_DataCacheReset                     0x08002103   Thumb Code    14  stm32f4xx_flash.o(.text)
    FLASH_Unlock                             0x08002111   Thumb Code    26  stm32f4xx_flash.o(.text)
    FLASH_Lock                               0x0800212b   Thumb Code    18  stm32f4xx_flash.o(.text)
    FLASH_GetStatus                          0x0800213d   Thumb Code    74  stm32f4xx_flash.o(.text)
    FLASH_WaitForLastOperation               0x08002187   Thumb Code    34  stm32f4xx_flash.o(.text)
    FLASH_EraseSector                        0x080021a9   Thumb Code   140  stm32f4xx_flash.o(.text)
    FLASH_EraseAllSectors                    0x08002235   Thumb Code   112  stm32f4xx_flash.o(.text)
    FLASH_ProgramDoubleWord                  0x080022a5   Thumb Code    86  stm32f4xx_flash.o(.text)
    FLASH_ProgramWord                        0x080022fb   Thumb Code    82  stm32f4xx_flash.o(.text)
    FLASH_ProgramHalfWord                    0x0800234d   Thumb Code    82  stm32f4xx_flash.o(.text)
    FLASH_ProgramByte                        0x0800239f   Thumb Code    78  stm32f4xx_flash.o(.text)
    FLASH_OB_Unlock                          0x080023ed   Thumb Code    26  stm32f4xx_flash.o(.text)
    FLASH_OB_Lock                            0x08002407   Thumb Code    18  stm32f4xx_flash.o(.text)
    FLASH_OB_WRPConfig                       0x08002419   Thumb Code    54  stm32f4xx_flash.o(.text)
    FLASH_OB_RDPConfig                       0x0800244f   Thumb Code    24  stm32f4xx_flash.o(.text)
    FLASH_OB_UserConfig                      0x08002467   Thumb Code    68  stm32f4xx_flash.o(.text)
    FLASH_OB_BORConfig                       0x080024ab   Thumb Code    22  stm32f4xx_flash.o(.text)
    FLASH_OB_Launch                          0x080024c1   Thumb Code    26  stm32f4xx_flash.o(.text)
    FLASH_OB_GetUser                         0x080024db   Thumb Code    10  stm32f4xx_flash.o(.text)
    FLASH_OB_GetWRP                          0x080024e5   Thumb Code     8  stm32f4xx_flash.o(.text)
    FLASH_OB_GetRDP                          0x080024ed   Thumb Code    20  stm32f4xx_flash.o(.text)
    FLASH_OB_GetBOR                          0x08002501   Thumb Code    10  stm32f4xx_flash.o(.text)
    FLASH_ITConfig                           0x0800250b   Thumb Code    34  stm32f4xx_flash.o(.text)
    FLASH_GetFlagStatus                      0x0800252d   Thumb Code    22  stm32f4xx_flash.o(.text)
    FLASH_ClearFlag                          0x08002543   Thumb Code     8  stm32f4xx_flash.o(.text)
    GPIO_DeInit                              0x08002551   Thumb Code   220  stm32f4xx_gpio.o(.text)
    GPIO_Init                                0x0800262d   Thumb Code   144  stm32f4xx_gpio.o(.text)
    GPIO_StructInit                          0x080026bd   Thumb Code    18  stm32f4xx_gpio.o(.text)
    GPIO_PinLockConfig                       0x080026cf   Thumb Code    34  stm32f4xx_gpio.o(.text)
    GPIO_ReadInputDataBit                    0x080026f1   Thumb Code    18  stm32f4xx_gpio.o(.text)
    GPIO_ReadInputData                       0x08002703   Thumb Code     8  stm32f4xx_gpio.o(.text)
    GPIO_ReadOutputDataBit                   0x0800270b   Thumb Code    18  stm32f4xx_gpio.o(.text)
    GPIO_ReadOutputData                      0x0800271d   Thumb Code     8  stm32f4xx_gpio.o(.text)
    GPIO_SetBits                             0x08002725   Thumb Code     4  stm32f4xx_gpio.o(.text)
    GPIO_ResetBits                           0x08002729   Thumb Code     4  stm32f4xx_gpio.o(.text)
    GPIO_WriteBit                            0x0800272d   Thumb Code    10  stm32f4xx_gpio.o(.text)
    GPIO_Write                               0x08002737   Thumb Code     4  stm32f4xx_gpio.o(.text)
    GPIO_ToggleBits                          0x0800273b   Thumb Code     8  stm32f4xx_gpio.o(.text)
    GPIO_PinAFConfig                         0x08002743   Thumb Code    70  stm32f4xx_gpio.o(.text)
    RCC_DeInit                               0x080027ad   Thumb Code    60  stm32f4xx_rcc.o(.text)
    RCC_HSEConfig                            0x080027e9   Thumb Code    14  stm32f4xx_rcc.o(.text)
    RCC_GetFlagStatus                        0x080027f7   Thumb Code    60  stm32f4xx_rcc.o(.text)
    RCC_WaitForHSEStartUp                    0x08002833   Thumb Code    56  stm32f4xx_rcc.o(.text)
    RCC_AdjustHSICalibrationValue            0x0800286b   Thumb Code    20  stm32f4xx_rcc.o(.text)
    RCC_HSICmd                               0x0800287f   Thumb Code     6  stm32f4xx_rcc.o(.text)
    RCC_LSEConfig                            0x08002885   Thumb Code    46  stm32f4xx_rcc.o(.text)
    RCC_LSICmd                               0x080028b3   Thumb Code     6  stm32f4xx_rcc.o(.text)
    RCC_PLLConfig                            0x080028b9   Thumb Code    32  stm32f4xx_rcc.o(.text)
    RCC_PLLCmd                               0x080028d9   Thumb Code     6  stm32f4xx_rcc.o(.text)
    RCC_PLLI2SConfig                         0x080028df   Thumb Code    14  stm32f4xx_rcc.o(.text)
    RCC_PLLI2SCmd                            0x080028ed   Thumb Code     6  stm32f4xx_rcc.o(.text)
    RCC_ClockSecuritySystemCmd               0x080028f3   Thumb Code     6  stm32f4xx_rcc.o(.text)
    RCC_MCO1Config                           0x080028f9   Thumb Code    28  stm32f4xx_rcc.o(.text)
    RCC_MCO2Config                           0x08002915   Thumb Code    28  stm32f4xx_rcc.o(.text)
    RCC_SYSCLKConfig                         0x08002931   Thumb Code    20  stm32f4xx_rcc.o(.text)
    RCC_GetSYSCLKSource                      0x08002945   Thumb Code    12  stm32f4xx_rcc.o(.text)
    RCC_HCLKConfig                           0x08002951   Thumb Code    20  stm32f4xx_rcc.o(.text)
    RCC_PCLK1Config                          0x08002965   Thumb Code    20  stm32f4xx_rcc.o(.text)
    RCC_PCLK2Config                          0x08002979   Thumb Code    22  stm32f4xx_rcc.o(.text)
    RCC_GetClocksFreq                        0x0800298f   Thumb Code   222  stm32f4xx_rcc.o(.text)
    RCC_RTCCLKConfig                         0x08002a6d   Thumb Code    54  stm32f4xx_rcc.o(.text)
    RCC_RTCCLKCmd                            0x08002aa3   Thumb Code     8  stm32f4xx_rcc.o(.text)
    RCC_BackupResetCmd                       0x08002aab   Thumb Code     8  stm32f4xx_rcc.o(.text)
    RCC_I2SCLKConfig                         0x08002ab3   Thumb Code     6  stm32f4xx_rcc.o(.text)
    RCC_AHB1PeriphClockCmd                   0x08002ab9   Thumb Code    34  stm32f4xx_rcc.o(.text)
    RCC_AHB2PeriphClockCmd                   0x08002adb   Thumb Code    34  stm32f4xx_rcc.o(.text)
    RCC_AHB3PeriphClockCmd                   0x08002afd   Thumb Code    34  stm32f4xx_rcc.o(.text)
    RCC_APB1PeriphClockCmd                   0x08002b1f   Thumb Code    34  stm32f4xx_rcc.o(.text)
    RCC_APB2PeriphClockCmd                   0x08002b41   Thumb Code    34  stm32f4xx_rcc.o(.text)
    RCC_AHB1PeriphResetCmd                   0x08002b63   Thumb Code    34  stm32f4xx_rcc.o(.text)
    RCC_AHB2PeriphResetCmd                   0x08002b85   Thumb Code    72  stm32f4xx_rcc.o(.text)
    RCC_AHB3PeriphResetCmd                   0x08002bcd   Thumb Code    34  stm32f4xx_rcc.o(.text)
    RCC_APB1PeriphResetCmd                   0x08002bef   Thumb Code    34  stm32f4xx_rcc.o(.text)
    RCC_APB2PeriphResetCmd                   0x08002c11   Thumb Code    34  stm32f4xx_rcc.o(.text)
    RCC_AHB1PeriphClockLPModeCmd             0x08002c33   Thumb Code    34  stm32f4xx_rcc.o(.text)
    RCC_AHB2PeriphClockLPModeCmd             0x08002c55   Thumb Code    34  stm32f4xx_rcc.o(.text)
    RCC_AHB3PeriphClockLPModeCmd             0x08002c77   Thumb Code    34  stm32f4xx_rcc.o(.text)
    RCC_APB1PeriphClockLPModeCmd             0x08002c99   Thumb Code    34  stm32f4xx_rcc.o(.text)
    RCC_APB2PeriphClockLPModeCmd             0x08002cbb   Thumb Code    34  stm32f4xx_rcc.o(.text)
    RCC_ITConfig                             0x08002cdd   Thumb Code    34  stm32f4xx_rcc.o(.text)
    RCC_ClearFlag                            0x08002cff   Thumb Code    18  stm32f4xx_rcc.o(.text)
    RCC_GetITStatus                          0x08002d11   Thumb Code    22  stm32f4xx_rcc.o(.text)
    RCC_ClearITPendingBit                    0x08002d27   Thumb Code     8  stm32f4xx_rcc.o(.text)
    SYSCFG_DeInit                            0x08002d35   Thumb Code    22  stm32f4xx_syscfg.o(.text)
    SYSCFG_MemoryRemapConfig                 0x08002d4b   Thumb Code     6  stm32f4xx_syscfg.o(.text)
    SYSCFG_EXTILineConfig                    0x08002d51   Thumb Code    66  stm32f4xx_syscfg.o(.text)
    SYSCFG_ETH_MediaInterfaceConfig          0x08002d93   Thumb Code     6  stm32f4xx_syscfg.o(.text)
    SYSCFG_CompensationCellCmd               0x08002d99   Thumb Code     6  stm32f4xx_syscfg.o(.text)
    SYSCFG_GetCompensationCellStatus         0x08002d9f   Thumb Code    22  stm32f4xx_syscfg.o(.text)
    TIM_DeInit                               0x08002dc1   Thumb Code   346  stm32f4xx_tim.o(.text)
    TIM_TimeBaseInit                         0x08002f1b   Thumb Code   104  stm32f4xx_tim.o(.text)
    TIM_TimeBaseStructInit                   0x08002f83   Thumb Code    18  stm32f4xx_tim.o(.text)
    TIM_PrescalerConfig                      0x08002f95   Thumb Code     6  stm32f4xx_tim.o(.text)
    TIM_CounterModeConfig                    0x08002f9b   Thumb Code    18  stm32f4xx_tim.o(.text)
    TIM_SetCounter                           0x08002fad   Thumb Code     4  stm32f4xx_tim.o(.text)
    TIM_SetAutoreload                        0x08002fb1   Thumb Code     4  stm32f4xx_tim.o(.text)
    TIM_GetCounter                           0x08002fb5   Thumb Code     6  stm32f4xx_tim.o(.text)
    TIM_GetPrescaler                         0x08002fbb   Thumb Code     6  stm32f4xx_tim.o(.text)
    TIM_UpdateDisableConfig                  0x08002fc1   Thumb Code    24  stm32f4xx_tim.o(.text)
    TIM_UpdateRequestConfig                  0x08002fd9   Thumb Code    24  stm32f4xx_tim.o(.text)
    TIM_ARRPreloadConfig                     0x08002ff1   Thumb Code    24  stm32f4xx_tim.o(.text)
    TIM_SelectOnePulseMode                   0x08003009   Thumb Code    18  stm32f4xx_tim.o(.text)
    TIM_SetClockDivision                     0x0800301b   Thumb Code    18  stm32f4xx_tim.o(.text)
    TIM_Cmd                                  0x0800302d   Thumb Code    24  stm32f4xx_tim.o(.text)
    TIM_OC1Init                              0x08003045   Thumb Code   114  stm32f4xx_tim.o(.text)
    TIM_OC2Init                              0x080030b7   Thumb Code   154  stm32f4xx_tim.o(.text)
    TIM_OC3Init                              0x08003151   Thumb Code   204  stm32f4xx_tim.o(.text)
    TIM_OC4Init                              0x0800321d   Thumb Code   112  stm32f4xx_tim.o(.text)
    TIM_OCStructInit                         0x0800328d   Thumb Code    20  stm32f4xx_tim.o(.text)
    TIM_SelectOCxM                           0x080032a1   Thumb Code    86  stm32f4xx_tim.o(.text)
    TIM_SetCompare1                          0x080032f7   Thumb Code     4  stm32f4xx_tim.o(.text)
    TIM_SetCompare2                          0x080032fb   Thumb Code     4  stm32f4xx_tim.o(.text)
    TIM_SetCompare3                          0x080032ff   Thumb Code     4  stm32f4xx_tim.o(.text)
    TIM_SetCompare4                          0x08003303   Thumb Code     4  stm32f4xx_tim.o(.text)
    TIM_ForcedOC1Config                      0x08003307   Thumb Code    18  stm32f4xx_tim.o(.text)
    TIM_ForcedOC2Config                      0x08003319   Thumb Code    26  stm32f4xx_tim.o(.text)
    TIM_ForcedOC3Config                      0x08003333   Thumb Code    18  stm32f4xx_tim.o(.text)
    TIM_ForcedOC4Config                      0x08003345   Thumb Code    26  stm32f4xx_tim.o(.text)
    TIM_OC1PreloadConfig                     0x0800335f   Thumb Code    18  stm32f4xx_tim.o(.text)
    TIM_OC2PreloadConfig                     0x08003371   Thumb Code    26  stm32f4xx_tim.o(.text)
    TIM_OC3PreloadConfig                     0x0800338b   Thumb Code    18  stm32f4xx_tim.o(.text)
    TIM_OC4PreloadConfig                     0x0800339d   Thumb Code    26  stm32f4xx_tim.o(.text)
    TIM_OC1FastConfig                        0x080033b7   Thumb Code    18  stm32f4xx_tim.o(.text)
    TIM_OC2FastConfig                        0x080033c9   Thumb Code    26  stm32f4xx_tim.o(.text)
    TIM_OC3FastConfig                        0x080033e3   Thumb Code    18  stm32f4xx_tim.o(.text)
    TIM_OC4FastConfig                        0x080033f5   Thumb Code    26  stm32f4xx_tim.o(.text)
    TIM_ClearOC1Ref                          0x0800340f   Thumb Code    18  stm32f4xx_tim.o(.text)
    TIM_ClearOC2Ref                          0x08003421   Thumb Code    24  stm32f4xx_tim.o(.text)
    TIM_ClearOC3Ref                          0x08003439   Thumb Code    18  stm32f4xx_tim.o(.text)
    TIM_ClearOC4Ref                          0x0800344b   Thumb Code    24  stm32f4xx_tim.o(.text)
    TIM_OC1PolarityConfig                    0x08003463   Thumb Code    18  stm32f4xx_tim.o(.text)
    TIM_OC1NPolarityConfig                   0x08003475   Thumb Code    18  stm32f4xx_tim.o(.text)
    TIM_OC2PolarityConfig                    0x08003487   Thumb Code    26  stm32f4xx_tim.o(.text)
    TIM_OC2NPolarityConfig                   0x080034a1   Thumb Code    26  stm32f4xx_tim.o(.text)
    TIM_OC3PolarityConfig                    0x080034bb   Thumb Code    26  stm32f4xx_tim.o(.text)
    TIM_OC3NPolarityConfig                   0x080034d5   Thumb Code    26  stm32f4xx_tim.o(.text)
    TIM_OC4PolarityConfig                    0x080034ef   Thumb Code    26  stm32f4xx_tim.o(.text)
    TIM_CCxCmd                               0x08003509   Thumb Code    30  stm32f4xx_tim.o(.text)
    TIM_CCxNCmd                              0x08003527   Thumb Code    30  stm32f4xx_tim.o(.text)
    TIM_SetIC4Prescaler                      0x08003545   Thumb Code    26  stm32f4xx_tim.o(.text)
    TIM_SetIC3Prescaler                      0x080035af   Thumb Code    18  stm32f4xx_tim.o(.text)
    TIM_SetIC2Prescaler                      0x08003609   Thumb Code    26  stm32f4xx_tim.o(.text)
    TIM_SetIC1Prescaler                      0x0800367d   Thumb Code    18  stm32f4xx_tim.o(.text)
    TIM_ICInit                               0x080036c9   Thumb Code   110  stm32f4xx_tim.o(.text)
    TIM_ICStructInit                         0x08003737   Thumb Code    18  stm32f4xx_tim.o(.text)
    TIM_PWMIConfig                           0x08003749   Thumb Code   124  stm32f4xx_tim.o(.text)
    TIM_GetCapture1                          0x080037c5   Thumb Code     6  stm32f4xx_tim.o(.text)
    TIM_GetCapture2                          0x080037cb   Thumb Code     6  stm32f4xx_tim.o(.text)
    TIM_GetCapture3                          0x080037d1   Thumb Code     6  stm32f4xx_tim.o(.text)
    TIM_GetCapture4                          0x080037d7   Thumb Code     6  stm32f4xx_tim.o(.text)
    TIM_BDTRConfig                           0x080037dd   Thumb Code    32  stm32f4xx_tim.o(.text)
    TIM_BDTRStructInit                       0x080037fd   Thumb Code    18  stm32f4xx_tim.o(.text)
    TIM_CtrlPWMOutputs                       0x0800380f   Thumb Code    30  stm32f4xx_tim.o(.text)
    TIM_SelectCOM                            0x0800382d   Thumb Code    24  stm32f4xx_tim.o(.text)
    TIM_CCPreloadControl                     0x08003845   Thumb Code    24  stm32f4xx_tim.o(.text)
    TIM_ITConfig                             0x0800385d   Thumb Code    18  stm32f4xx_tim.o(.text)
    TIM_GenerateEvent                        0x0800386f   Thumb Code     4  stm32f4xx_tim.o(.text)
    TIM_GetFlagStatus                        0x08003873   Thumb Code    18  stm32f4xx_tim.o(.text)
    TIM_ClearFlag                            0x08003885   Thumb Code     6  stm32f4xx_tim.o(.text)
    TIM_GetITStatus                          0x0800388b   Thumb Code    34  stm32f4xx_tim.o(.text)
    TIM_ClearITPendingBit                    0x080038ad   Thumb Code     6  stm32f4xx_tim.o(.text)
    TIM_DMAConfig                            0x080038b3   Thumb Code    10  stm32f4xx_tim.o(.text)
    TIM_DMACmd                               0x080038bd   Thumb Code    18  stm32f4xx_tim.o(.text)
    TIM_SelectCCDMA                          0x080038cf   Thumb Code    24  stm32f4xx_tim.o(.text)
    TIM_InternalClockConfig                  0x080038e7   Thumb Code    12  stm32f4xx_tim.o(.text)
    TIM_SelectInputTrigger                   0x080038f3   Thumb Code    18  stm32f4xx_tim.o(.text)
    TIM_ITRxExternalClockConfig              0x08003905   Thumb Code    24  stm32f4xx_tim.o(.text)
    TIM_TIxExternalClockConfig               0x0800391d   Thumb Code    62  stm32f4xx_tim.o(.text)
    TIM_ETRConfig                            0x0800395b   Thumb Code    28  stm32f4xx_tim.o(.text)
    TIM_ETRClockMode1Config                  0x08003977   Thumb Code    54  stm32f4xx_tim.o(.text)
    TIM_ETRClockMode2Config                  0x080039ad   Thumb Code    32  stm32f4xx_tim.o(.text)
    TIM_SelectOutputTrigger                  0x080039cd   Thumb Code    18  stm32f4xx_tim.o(.text)
    TIM_SelectSlaveMode                      0x080039df   Thumb Code    18  stm32f4xx_tim.o(.text)
    TIM_SelectMasterSlaveMode                0x080039f1   Thumb Code    18  stm32f4xx_tim.o(.text)
    TIM_EncoderInterfaceConfig               0x08003a03   Thumb Code    66  stm32f4xx_tim.o(.text)
    TIM_SelectHallSensor                     0x08003a45   Thumb Code    24  stm32f4xx_tim.o(.text)
    TIM_RemapConfig                          0x08003a5d   Thumb Code     6  stm32f4xx_tim.o(.text)
    USART_DeInit                             0x08003a65   Thumb Code   156  stm32f4xx_usart.o(.text)
    USART_Init                               0x08003b01   Thumb Code   204  stm32f4xx_usart.o(.text)
    USART_StructInit                         0x08003bcd   Thumb Code    24  stm32f4xx_usart.o(.text)
    USART_ClockInit                          0x08003be5   Thumb Code    32  stm32f4xx_usart.o(.text)
    USART_ClockStructInit                    0x08003c05   Thumb Code    12  stm32f4xx_usart.o(.text)
    USART_Cmd                                0x08003c11   Thumb Code    24  stm32f4xx_usart.o(.text)
    USART_SetPrescaler                       0x08003c29   Thumb Code    16  stm32f4xx_usart.o(.text)
    USART_OverSampling8Cmd                   0x08003c39   Thumb Code    22  stm32f4xx_usart.o(.text)
    USART_OneBitMethodCmd                    0x08003c4f   Thumb Code    24  stm32f4xx_usart.o(.text)
    USART_SendData                           0x08003c67   Thumb Code     8  stm32f4xx_usart.o(.text)
    USART_ReceiveData                        0x08003c6f   Thumb Code    10  stm32f4xx_usart.o(.text)
    USART_SetAddress                         0x08003c79   Thumb Code    18  stm32f4xx_usart.o(.text)
    USART_ReceiverWakeUpCmd                  0x08003c8b   Thumb Code    24  stm32f4xx_usart.o(.text)
    USART_WakeUpConfig                       0x08003ca3   Thumb Code    18  stm32f4xx_usart.o(.text)
    USART_LINBreakDetectLengthConfig         0x08003cb5   Thumb Code    18  stm32f4xx_usart.o(.text)
    USART_LINCmd                             0x08003cc7   Thumb Code    24  stm32f4xx_usart.o(.text)
    USART_SendBreak                          0x08003cdf   Thumb Code    10  stm32f4xx_usart.o(.text)
    USART_HalfDuplexCmd                      0x08003ce9   Thumb Code    24  stm32f4xx_usart.o(.text)
    USART_SetGuardTime                       0x08003d01   Thumb Code    16  stm32f4xx_usart.o(.text)
    USART_SmartCardCmd                       0x08003d11   Thumb Code    24  stm32f4xx_usart.o(.text)
    USART_SmartCardNACKCmd                   0x08003d29   Thumb Code    24  stm32f4xx_usart.o(.text)
    USART_IrDAConfig                         0x08003d41   Thumb Code    18  stm32f4xx_usart.o(.text)
    USART_IrDACmd                            0x08003d53   Thumb Code    24  stm32f4xx_usart.o(.text)
    USART_DMACmd                             0x08003d6b   Thumb Code    18  stm32f4xx_usart.o(.text)
    USART_ITConfig                           0x08003d7d   Thumb Code    74  stm32f4xx_usart.o(.text)
    USART_GetFlagStatus                      0x08003dc7   Thumb Code    26  stm32f4xx_usart.o(.text)
    USART_ClearFlag                          0x08003de1   Thumb Code    18  stm32f4xx_usart.o(.text)
    USART_GetITStatus                        0x08003df3   Thumb Code   110  stm32f4xx_usart.o(.text)
    USART_ClearITPendingBit                  0x08003e61   Thumb Code    30  stm32f4xx_usart.o(.text)
    SystemInit                               0x08003f5d   Thumb Code    88  system_stm32f4xx.o(.text)
    SystemCoreClockUpdate                    0x08003fb5   Thumb Code   174  system_stm32f4xx.o(.text)
    Reset_Handler                            0x08004091   Thumb Code     8  startup_stm32f427xx.o(.text)
    SysTick_Handler                          0x080040a9   Thumb Code     2  startup_stm32f427xx.o(.text)
    ADC_IRQHandler                           0x080040ab   Thumb Code     0  startup_stm32f427xx.o(.text)
    CAN1_RX1_IRQHandler                      0x080040ab   Thumb Code     0  startup_stm32f427xx.o(.text)
    CAN1_SCE_IRQHandler                      0x080040ab   Thumb Code     0  startup_stm32f427xx.o(.text)
    CAN2_RX1_IRQHandler                      0x080040ab   Thumb Code     0  startup_stm32f427xx.o(.text)
    CAN2_SCE_IRQHandler                      0x080040ab   Thumb Code     0  startup_stm32f427xx.o(.text)
    DCMI_IRQHandler                          0x080040ab   Thumb Code     0  startup_stm32f427xx.o(.text)
    DMA1_Stream0_IRQHandler                  0x080040ab   Thumb Code     0  startup_stm32f427xx.o(.text)
    DMA1_Stream1_IRQHandler                  0x080040ab   Thumb Code     0  startup_stm32f427xx.o(.text)
    DMA1_Stream2_IRQHandler                  0x080040ab   Thumb Code     0  startup_stm32f427xx.o(.text)
    DMA1_Stream3_IRQHandler                  0x080040ab   Thumb Code     0  startup_stm32f427xx.o(.text)
    DMA1_Stream4_IRQHandler                  0x080040ab   Thumb Code     0  startup_stm32f427xx.o(.text)
    DMA1_Stream5_IRQHandler                  0x080040ab   Thumb Code     0  startup_stm32f427xx.o(.text)
    DMA1_Stream6_IRQHandler                  0x080040ab   Thumb Code     0  startup_stm32f427xx.o(.text)
    DMA1_Stream7_IRQHandler                  0x080040ab   Thumb Code     0  startup_stm32f427xx.o(.text)
    DMA2D_IRQHandler                         0x080040ab   Thumb Code     0  startup_stm32f427xx.o(.text)
    DMA2_Stream0_IRQHandler                  0x080040ab   Thumb Code     0  startup_stm32f427xx.o(.text)
    DMA2_Stream1_IRQHandler                  0x080040ab   Thumb Code     0  startup_stm32f427xx.o(.text)
    DMA2_Stream2_IRQHandler                  0x080040ab   Thumb Code     0  startup_stm32f427xx.o(.text)
    DMA2_Stream3_IRQHandler                  0x080040ab   Thumb Code     0  startup_stm32f427xx.o(.text)
    DMA2_Stream4_IRQHandler                  0x080040ab   Thumb Code     0  startup_stm32f427xx.o(.text)
    DMA2_Stream5_IRQHandler                  0x080040ab   Thumb Code     0  startup_stm32f427xx.o(.text)
    DMA2_Stream6_IRQHandler                  0x080040ab   Thumb Code     0  startup_stm32f427xx.o(.text)
    DMA2_Stream7_IRQHandler                  0x080040ab   Thumb Code     0  startup_stm32f427xx.o(.text)
    ETH_IRQHandler                           0x080040ab   Thumb Code     0  startup_stm32f427xx.o(.text)
    ETH_WKUP_IRQHandler                      0x080040ab   Thumb Code     0  startup_stm32f427xx.o(.text)
    EXTI15_10_IRQHandler                     0x080040ab   Thumb Code     0  startup_stm32f427xx.o(.text)
    EXTI2_IRQHandler                         0x080040ab   Thumb Code     0  startup_stm32f427xx.o(.text)
    EXTI3_IRQHandler                         0x080040ab   Thumb Code     0  startup_stm32f427xx.o(.text)
    EXTI9_5_IRQHandler                       0x080040ab   Thumb Code     0  startup_stm32f427xx.o(.text)
    FLASH_IRQHandler                         0x080040ab   Thumb Code     0  startup_stm32f427xx.o(.text)
    FMC_IRQHandler                           0x080040ab   Thumb Code     0  startup_stm32f427xx.o(.text)
    FPU_IRQHandler                           0x080040ab   Thumb Code     0  startup_stm32f427xx.o(.text)
    HASH_RNG_IRQHandler                      0x080040ab   Thumb Code     0  startup_stm32f427xx.o(.text)
    I2C1_ER_IRQHandler                       0x080040ab   Thumb Code     0  startup_stm32f427xx.o(.text)
    I2C1_EV_IRQHandler                       0x080040ab   Thumb Code     0  startup_stm32f427xx.o(.text)
    I2C2_ER_IRQHandler                       0x080040ab   Thumb Code     0  startup_stm32f427xx.o(.text)
    I2C2_EV_IRQHandler                       0x080040ab   Thumb Code     0  startup_stm32f427xx.o(.text)
    I2C3_ER_IRQHandler                       0x080040ab   Thumb Code     0  startup_stm32f427xx.o(.text)
    I2C3_EV_IRQHandler                       0x080040ab   Thumb Code     0  startup_stm32f427xx.o(.text)
    OTG_FS_IRQHandler                        0x080040ab   Thumb Code     0  startup_stm32f427xx.o(.text)
    OTG_FS_WKUP_IRQHandler                   0x080040ab   Thumb Code     0  startup_stm32f427xx.o(.text)
    OTG_HS_EP1_IN_IRQHandler                 0x080040ab   Thumb Code     0  startup_stm32f427xx.o(.text)
    OTG_HS_EP1_OUT_IRQHandler                0x080040ab   Thumb Code     0  startup_stm32f427xx.o(.text)
    OTG_HS_IRQHandler                        0x080040ab   Thumb Code     0  startup_stm32f427xx.o(.text)
    OTG_HS_WKUP_IRQHandler                   0x080040ab   Thumb Code     0  startup_stm32f427xx.o(.text)
    PVD_IRQHandler                           0x080040ab   Thumb Code     0  startup_stm32f427xx.o(.text)
    RCC_IRQHandler                           0x080040ab   Thumb Code     0  startup_stm32f427xx.o(.text)
    RTC_Alarm_IRQHandler                     0x080040ab   Thumb Code     0  startup_stm32f427xx.o(.text)
    RTC_WKUP_IRQHandler                      0x080040ab   Thumb Code     0  startup_stm32f427xx.o(.text)
    SAI1_IRQHandler                          0x080040ab   Thumb Code     0  startup_stm32f427xx.o(.text)
    SDIO_IRQHandler                          0x080040ab   Thumb Code     0  startup_stm32f427xx.o(.text)
    SPI1_IRQHandler                          0x080040ab   Thumb Code     0  startup_stm32f427xx.o(.text)
    SPI2_IRQHandler                          0x080040ab   Thumb Code     0  startup_stm32f427xx.o(.text)
    SPI3_IRQHandler                          0x080040ab   Thumb Code     0  startup_stm32f427xx.o(.text)
    SPI4_IRQHandler                          0x080040ab   Thumb Code     0  startup_stm32f427xx.o(.text)
    SPI5_IRQHandler                          0x080040ab   Thumb Code     0  startup_stm32f427xx.o(.text)
    SPI6_IRQHandler                          0x080040ab   Thumb Code     0  startup_stm32f427xx.o(.text)
    TAMP_STAMP_IRQHandler                    0x080040ab   Thumb Code     0  startup_stm32f427xx.o(.text)
    TIM1_BRK_TIM9_IRQHandler                 0x080040ab   Thumb Code     0  startup_stm32f427xx.o(.text)
    TIM1_CC_IRQHandler                       0x080040ab   Thumb Code     0  startup_stm32f427xx.o(.text)
    TIM1_TRG_COM_TIM11_IRQHandler            0x080040ab   Thumb Code     0  startup_stm32f427xx.o(.text)
    TIM1_UP_TIM10_IRQHandler                 0x080040ab   Thumb Code     0  startup_stm32f427xx.o(.text)
    TIM3_IRQHandler                          0x080040ab   Thumb Code     0  startup_stm32f427xx.o(.text)
    TIM4_IRQHandler                          0x080040ab   Thumb Code     0  startup_stm32f427xx.o(.text)
    TIM5_IRQHandler                          0x080040ab   Thumb Code     0  startup_stm32f427xx.o(.text)
    TIM7_IRQHandler                          0x080040ab   Thumb Code     0  startup_stm32f427xx.o(.text)
    TIM8_BRK_TIM12_IRQHandler                0x080040ab   Thumb Code     0  startup_stm32f427xx.o(.text)
    TIM8_CC_IRQHandler                       0x080040ab   Thumb Code     0  startup_stm32f427xx.o(.text)
    TIM8_TRG_COM_TIM14_IRQHandler            0x080040ab   Thumb Code     0  startup_stm32f427xx.o(.text)
    TIM8_UP_TIM13_IRQHandler                 0x080040ab   Thumb Code     0  startup_stm32f427xx.o(.text)
    UART4_IRQHandler                         0x080040ab   Thumb Code     0  startup_stm32f427xx.o(.text)
    UART5_IRQHandler                         0x080040ab   Thumb Code     0  startup_stm32f427xx.o(.text)
    UART7_IRQHandler                         0x080040ab   Thumb Code     0  startup_stm32f427xx.o(.text)
    UART8_IRQHandler                         0x080040ab   Thumb Code     0  startup_stm32f427xx.o(.text)
    USART2_IRQHandler                        0x080040ab   Thumb Code     0  startup_stm32f427xx.o(.text)
    USART6_IRQHandler                        0x080040ab   Thumb Code     0  startup_stm32f427xx.o(.text)
    WWDG_IRQHandler                          0x080040ab   Thumb Code     0  startup_stm32f427xx.o(.text)
    invSqrt                                  0x080040b5   Thumb Code    56  imu.o(.text)
    Init_Quaternion                          0x080040ed   Thumb Code   664  imu.o(.text)
    IMU_getValues                            0x08004385   Thumb Code   196  imu.o(.text)
    IMU_AHRSupdate                           0x08004449   Thumb Code  2034  imu.o(.text)
    IMU_getQ                                 0x08004c3b   Thumb Code    56  imu.o(.text)
    IMU_getYawPitchRoll                      0x08004c73   Thumb Code   648  imu.o(.text)
    GetPitchYawGxGyGz                        0x08004efb   Thumb Code   204  imu.o(.text)
    IIC_Delay                                0x08004ff9   Thumb Code    26  mpu6050_i2c.o(.text)
    HEAT_Configuration                       0x08005013   Thumb Code    50  mpu6050_i2c.o(.text)
    IIC_GPIO_Init                            0x08005045   Thumb Code    40  mpu6050_i2c.o(.text)
    IIC_SDA_Out                              0x0800506d   Thumb Code    30  mpu6050_i2c.o(.text)
    IIC_SDA_In                               0x0800508b   Thumb Code    36  mpu6050_i2c.o(.text)
    IIC_Start                                0x080050af   Thumb Code    52  mpu6050_i2c.o(.text)
    IIC_Stop                                 0x080050e3   Thumb Code    52  mpu6050_i2c.o(.text)
    IIC_Ack                                  0x08005117   Thumb Code    58  mpu6050_i2c.o(.text)
    IIC_WaitAck                              0x08005151   Thumb Code    80  mpu6050_i2c.o(.text)
    IIC_WriteBit                             0x080051a1   Thumb Code    86  mpu6050_i2c.o(.text)
    IIC_ReadBit                              0x080051f7   Thumb Code    78  mpu6050_i2c.o(.text)
    IIC_WriteData                            0x08005245   Thumb Code    68  mpu6050_i2c.o(.text)
    IIC_ReadData                             0x08005289   Thumb Code   122  mpu6050_i2c.o(.text)
    MPU6050_ReadData                         0x0800530d   Thumb Code    36  mpu6050_driver.o(.text)
    HMC5883_Init                             0x08005331   Thumb Code   104  mpu6050_driver.o(.text)
    MPU6050_Init                             0x08005399   Thumb Code   178  mpu6050_driver.o(.text)
    MPU6050_EnableInt                        0x0800544b   Thumb Code    44  mpu6050_driver.o(.text)
    MPU6050_Initialize                       0x08005477   Thumb Code    20  mpu6050_driver.o(.text)
    MPU6050_DataSave                         0x0800548b   Thumb Code   494  mpu6050_driver.o(.text)
    HMC58X3_ReadData                         0x08005679   Thumb Code    18  mpu6050_driver.o(.text)
    MPU6050_getMotion6                       0x0800568b   Thumb Code   354  mpu6050_driver.o(.text)
    MPU6050_getlastMotion6                   0x080057ed   Thumb Code    76  mpu6050_driver.o(.text)
    HMC58X3_newValues                        0x08005839   Thumb Code   334  mpu6050_driver.o(.text)
    HMC58X3_getRaw                           0x08005987   Thumb Code    90  mpu6050_driver.o(.text)
    HMC58X3_getlastValues                    0x080059e1   Thumb Code    22  mpu6050_driver.o(.text)
    HMC58X3_mgetValues                       0x080059f7   Thumb Code   214  mpu6050_driver.o(.text)
    MPU6050_IntConfiguration                 0x08005acd   Thumb Code   124  mpu6050_interrupt.o(.text)
    EXTI4_IRQHandler                         0x08005b49   Thumb Code    46  mpu6050_interrupt.o(.text)
    Is_AppParam_Calied                       0x08005b81   Thumb Code     6  iotask.o(.text)
    AppParamInit                             0x08005b9b   Thumb Code   276  iotask.o(.text)
    SetGimbalCaliData                        0x08005caf   Thumb Code    24  iotask.o(.text)
    SetGyroCaliData                          0x08005cc7   Thumb Code    28  iotask.o(.text)
    SetAccCaliData                           0x08005ce3   Thumb Code    24  iotask.o(.text)
    SetMagCaliData                           0x08005cfb   Thumb Code    24  iotask.o(.text)
    SetPIDCaliData                           0x08005d13   Thumb Code   280  iotask.o(.text)
    GetGimbalCaliData                        0x08005e2b   Thumb Code    16  iotask.o(.text)
    GetGyroCaliData                          0x08005e3b   Thumb Code    20  iotask.o(.text)
    GetAccCaliData                           0x08005e4f   Thumb Code    20  iotask.o(.text)
    GetMagCaliData                           0x08005e63   Thumb Code    20  iotask.o(.text)
    IsGimbalCalied                           0x08005e77   Thumb Code    16  iotask.o(.text)
    IsGyroCalied                             0x08005e87   Thumb Code    16  iotask.o(.text)
    IsAccCalied                              0x08005e97   Thumb Code    18  iotask.o(.text)
    IsMagCalied                              0x08005ea9   Thumb Code    18  iotask.o(.text)
    SetCaliCmdFlag                           0x08005ebb   Thumb Code    12  iotask.o(.text)
    ResetCaliCmdFlag                         0x08005ec7   Thumb Code    12  iotask.o(.text)
    ResetManualCaliCmdFlag                   0x08005ed3   Thumb Code     8  iotask.o(.text)
    GetCaliCmdFlagGrp                        0x08005edb   Thumb Code     6  iotask.o(.text)
    ManualGetCaliCmdFlagGrp                  0x08005ee1   Thumb Code     6  iotask.o(.text)
    IsCaliCmdFlagSet                         0x08005ee7   Thumb Code    18  iotask.o(.text)
    Sensor_Offset_Param_Init                 0x08005ef9   Thumb Code   168  iotask.o(.text)
    MagEndCaliProcess                        0x08005fa1   Thumb Code   138  iotask.o(.text)
    MagStartCaliProcess                      0x0800602b   Thumb Code    26  iotask.o(.text)
    GimbalCaliProcess                        0x08006045   Thumb Code   134  iotask.o(.text)
    GyroCaliProcess                          0x080060cb   Thumb Code   202  iotask.o(.text)
    CalibrateLoop                            0x08006195   Thumb Code   234  iotask.o(.text)
    PIDCaliProcess                           0x0800627f   Thumb Code    22  iotask.o(.text)
    UploadParameter                          0x08006295   Thumb Code   618  iotask.o(.text)
    ManualSetGimbal                          0x080064ff   Thumb Code   108  iotask.o(.text)
    ManualSetGyro                            0x0800656b   Thumb Code    14  iotask.o(.text)
    ManualCali                               0x08006579   Thumb Code    32  iotask.o(.text)
    ManualSetMag                             0x08006599   Thumb Code    62  iotask.o(.text)
    GetWorkState                             0x08006637   Thumb Code     6  controltask.o(.text)
    CMControlLoop                            0x0800663d   Thumb Code   810  controltask.o(.text)
    Hero_reload                              0x08006967   Thumb Code   366  controltask.o(.text)
    ShooterMControlLoop                      0x08006ad5   Thumb Code    78  controltask.o(.text)
    SetGimbalMotorOutput                     0x08006b23   Thumb Code    78  controltask.o(.text)
    GMYawControlLoop                         0x08006b71   Thumb Code   164  controltask.o(.text)
    GMPitchControlLoop                       0x08006c15   Thumb Code   196  controltask.o(.text)
    GimbalYawControlModeSwitch               0x08006cd9   Thumb Code   278  controltask.o(.text)
    ControtLoopTaskInit                      0x08006def   Thumb Code   386  controltask.o(.text)
    WorkStateFSM                             0x08006f8f   Thumb Code   284  controltask.o(.text)
    Control_Task                             0x080070ab   Thumb Code    94  controltask.o(.text)
    GetRemoteSwitchAction                    0x0800713d   Thumb Code   120  remotetask.o(.text)
    IsRemoteBeingAction                      0x080071b5   Thumb Code   238  remotetask.o(.text)
    SetInputMode                             0x080072a3   Thumb Code    36  remotetask.o(.text)
    GetInputMode                             0x080072c7   Thumb Code     6  remotetask.o(.text)
    SetShootState                            0x080072cd   Thumb Code     6  remotetask.o(.text)
    RemoteShootControl                       0x080072d3   Thumb Code   264  remotetask.o(.text)
    MouseShootControl                        0x080073db   Thumb Code   288  remotetask.o(.text)
    HeroRemoteControlProcess                 0x080074fb   Thumb Code    78  remotetask.o(.text)
    GimbalAngleLimit                         0x08007549   Thumb Code   228  remotetask.o(.text)
    MouseKeyControlProcess                   0x0800762d   Thumb Code   446  remotetask.o(.text)
    RemoteControlProcess                     0x080077eb   Thumb Code   222  remotetask.o(.text)
    RemoteDataPrcess                         0x080078c9   Thumb Code   262  remotetask.o(.text)
    GetShootState                            0x080079cf   Thumb Code     6  remotetask.o(.text)
    GetFrictionState                         0x080079d5   Thumb Code     6  remotetask.o(.text)
    SetFrictionState                         0x080079db   Thumb Code     6  remotetask.o(.text)
    RemoteTaskInit                           0x080079e1   Thumb Code    78  remotetask.o(.text)
    GetEncoderBias                           0x08007a55   Thumb Code    26  canbustask.o(.text)
    EncoderProcess                           0x08007a6f   Thumb Code   202  canbustask.o(.text)
    Can1ReceiveMsgProcess                    0x08007b39   Thumb Code   594  canbustask.o(.text)
    Can2ReceiveMsgProcess                    0x08007d8b   Thumb Code   306  canbustask.o(.text)
    Set_CM_Speed                             0x08007ebd   Thumb Code    92  canbustask.o(.text)
    Set_Gimbal_Current                       0x08007f19   Thumb Code    82  canbustask.o(.text)
    Set_ShootMotor_Speed                     0x08007f6b   Thumb Code    84  canbustask.o(.text)
    LED_TOGGLE                               0x08007fc1   Thumb Code   224  supervisetask.o(.text)
    Get_Lost_Error                           0x080080a1   Thumb Code    10  supervisetask.o(.text)
    GetLostCounter                           0x080080ab   Thumb Code    18  supervisetask.o(.text)
    SuperviseTask                            0x080080bd   Thumb Code   426  supervisetask.o(.text)
    Set_Error_Flag                           0x08008267   Thumb Code     2  supervisetask.o(.text)
    Is_Lost_Error_Set                        0x08008269   Thumb Code    22  supervisetask.o(.text)
    Is_Serious_Error                         0x0800827f   Thumb Code     4  supervisetask.o(.text)
    FrameUnpack                              0x08008325   Thumb Code   234  protocal_parser.o(.text)
    FramePack                                0x0800840f   Thumb Code    50  protocal_parser.o(.text)
    SetFrameLength                           0x08008441   Thumb Code    10  protocal_parser.o(.text)
    SetFrameCmd                              0x0800844b   Thumb Code    10  protocal_parser.o(.text)
    GetFrameCmd                              0x08008455   Thumb Code     6  protocal_parser.o(.text)
    GetFrameDataAddress                      0x0800845b   Thumb Code     6  protocal_parser.o(.text)
    Version_Send                             0x08008461   Thumb Code    94  protocal_parser.o(.text)
    IMU_Info_Send                            0x080084bf   Thumb Code   122  protocal_parser.o(.text)
    Sensor_Info_Send                         0x08008539   Thumb Code   140  protocal_parser.o(.text)
    Mag_Cali_Info_Send                       0x080085c5   Thumb Code   122  protocal_parser.o(.text)
    Offset_Info_Send                         0x0800863f   Thumb Code   174  protocal_parser.o(.text)
    Cali_Feedback_Info_Send                  0x080086ed   Thumb Code    88  protocal_parser.o(.text)
    Robot_Error_Code_Send                    0x08008745   Thumb Code     2  protocal_parser.o(.text)
    PID_Paremeter_Send                       0x08008747   Thumb Code   270  protocal_parser.o(.text)
    FIFO_Init                                0x08008855   Thumb Code    78  fifo.o(.text)
    FIFO_Create                              0x080088a3   Thumb Code    80  fifo.o(.text)
    FIFO_Destory                             0x080088f3   Thumb Code    40  fifo.o(.text)
    FIFO_S_Init                              0x0800891b   Thumb Code    62  fifo.o(.text)
    FIFO_S_Create                            0x08008959   Thumb Code    60  fifo.o(.text)
    FIFO_S_Destory                           0x08008995   Thumb Code    40  fifo.o(.text)
    FIFO_Put                                 0x080089bd   Thumb Code   106  fifo.o(.text)
    FIFO_S_Put                               0x08008a27   Thumb Code    68  fifo.o(.text)
    FIFO_S_Puts                              0x08008a6b   Thumb Code    98  fifo.o(.text)
    FIFO_Get                                 0x08008acd   Thumb Code   106  fifo.o(.text)
    FIFO_S_Get                               0x08008b37   Thumb Code    58  fifo.o(.text)
    FIFO_GetHead                             0x08008b71   Thumb Code   162  fifo.o(.text)
    FIFO_S_GetHead                           0x08008c13   Thumb Code    76  fifo.o(.text)
    FIFO_PreRead                             0x08008c5f   Thumb Code   108  fifo.o(.text)
    FIFO_S_PreRead                           0x08008ccb   Thumb Code    48  fifo.o(.text)
    FIFO_IsEmpty                             0x08008cfb   Thumb Code    24  fifo.o(.text)
    FIFO_S_IsEmpty                           0x08008d13   Thumb Code    24  fifo.o(.text)
    FIFO_IsFull                              0x08008d2b   Thumb Code    24  fifo.o(.text)
    FIFO_S_IsFull                            0x08008d43   Thumb Code    24  fifo.o(.text)
    FIFO_CountUsed                           0x08008d5b   Thumb Code    16  fifo.o(.text)
    FIFO_S_CountUsed                         0x08008d6b   Thumb Code    16  fifo.o(.text)
    FIFO_CountFree                           0x08008d7b   Thumb Code    16  fifo.o(.text)
    FIFO_S_CountFree                         0x08008d8b   Thumb Code    16  fifo.o(.text)
    FIFO_Flush                               0x08008d9b   Thumb Code    50  fifo.o(.text)
    FIFO_S_Flush                             0x08008dcd   Thumb Code    44  fifo.o(.text)
    RampInit                                 0x08008df9   Thumb Code     8  ramp.o(.text)
    RampCalc                                 0x08008e01   Thumb Code    66  ramp.o(.text)
    RampSetCounter                           0x08008e43   Thumb Code     4  ramp.o(.text)
    RampResetCounter                         0x08008e47   Thumb Code     6  ramp.o(.text)
    RampSetScale                             0x08008e4d   Thumb Code     4  ramp.o(.text)
    RampIsOverflow                           0x08008e51   Thumb Code    18  ramp.o(.text)
    LostCounterFeed                          0x08008e69   Thumb Code     8  lostcounter.o(.text)
    LostCounterCount                         0x08008e71   Thumb Code    10  lostcounter.o(.text)
    LostCounterOverflowCheck                 0x08008e7b   Thumb Code    14  lostcounter.o(.text)
    PID_Reset                                0x08008e89   Thumb Code    50  pid_regulator.o(.text)
    PID_Calc                                 0x08008ebb   Thumb Code   234  pid_regulator.o(.text)
    Get_CRC8_Check_Sum                       0x08008fa9   Thumb Code    30  mf_crc8.o(.text)
    Verify_CRC8_Check_Sum                    0x08008fc7   Thumb Code    46  mf_crc8.o(.text)
    Append_CRC8_Check_Sum                    0x08008ff5   Thumb Code    36  mf_crc8.o(.text)
    Get_CRC16_Check_Sum                      0x0800901d   Thumb Code    46  mf_crc16.o(.text)
    Verify_CRC16_Check_Sum                   0x0800904b   Thumb Code    60  mf_crc16.o(.text)
    Append_CRC16_Check_Sum                   0x08009087   Thumb Code    44  mf_crc16.o(.text)
    __aeabi_memcpy                           0x080090bd   Thumb Code    36  memcpya.o(.text)
    __aeabi_memcpy4                          0x080090bd   Thumb Code     0  memcpya.o(.text)
    __aeabi_memcpy8                          0x080090bd   Thumb Code     0  memcpya.o(.text)
    __aeabi_memset                           0x080090e1   Thumb Code    14  memseta.o(.text)
    __aeabi_memset4                          0x080090e1   Thumb Code     0  memseta.o(.text)
    __aeabi_memset8                          0x080090e1   Thumb Code     0  memseta.o(.text)
    __aeabi_memclr                           0x080090ef   Thumb Code     4  memseta.o(.text)
    __aeabi_memclr4                          0x080090ef   Thumb Code     0  memseta.o(.text)
    __aeabi_memclr8                          0x080090ef   Thumb Code     0  memseta.o(.text)
    _memset$wrapper                          0x080090f3   Thumb Code    18  memseta.o(.text)
    __aeabi_dadd                             0x08009105   Thumb Code   322  dadd.o(.text)
    __aeabi_dsub                             0x08009247   Thumb Code     6  dadd.o(.text)
    __aeabi_drsub                            0x0800924d   Thumb Code     6  dadd.o(.text)
    __aeabi_dmul                             0x08009253   Thumb Code   228  dmul.o(.text)
    __aeabi_ddiv                             0x08009337   Thumb Code   222  ddiv.o(.text)
    __aeabi_i2d                              0x08009415   Thumb Code    34  dflti.o(.text)
    __aeabi_d2iz                             0x08009437   Thumb Code    62  dfixi.o(.text)
    __aeabi_d2uiz                            0x08009475   Thumb Code    50  dfixui.o(.text)
    __aeabi_f2d                              0x080094a7   Thumb Code    38  f2d.o(.text)
    __aeabi_cdrcmple                         0x080094cd   Thumb Code    48  cdrcmple.o(.text)
    __aeabi_d2f                              0x080094fd   Thumb Code    56  d2f.o(.text)
    __aeabi_llsl                             0x08009535   Thumb Code    30  llshl.o(.text)
    _ll_shift_l                              0x08009535   Thumb Code     0  llshl.o(.text)
    __aeabi_llsr                             0x08009553   Thumb Code    32  llushr.o(.text)
    _ll_ushift_r                             0x08009553   Thumb Code     0  llushr.o(.text)
    __aeabi_lasr                             0x08009573   Thumb Code    36  llsshr.o(.text)
    _ll_sshift_r                             0x08009573   Thumb Code     0  llsshr.o(.text)
    __I$use$fp                               0x08009597   Thumb Code     0  iusefp.o(.text)
    _float_round                             0x08009597   Thumb Code    18  fepilogue.o(.text)
    _float_epilogue                          0x080095a9   Thumb Code    92  fepilogue.o(.text)
    _double_round                            0x08009605   Thumb Code    30  depilogue.o(.text)
    _double_epilogue                         0x08009623   Thumb Code   156  depilogue.o(.text)
    _dsqrt                                   0x080096bf   Thumb Code   162  dsqrt.o(.text)
    __scatterload                            0x08009761   Thumb Code    28  init.o(.text)
    __scatterload_rt2                        0x08009761   Thumb Code     0  init.o(.text)
    __decompress                             0x08009785   Thumb Code     0  __dczerorl2.o(.text)
    __decompress1                            0x08009785   Thumb Code    86  __dczerorl2.o(.text)
    __ARM_fpclassify                         0x080097db   Thumb Code    48  fpclassify.o(i.__ARM_fpclassify)
    __hardfp_asin                            0x08009811   Thumb Code   770  asin.o(i.__hardfp_asin)
    __hardfp_atan                            0x08009b71   Thumb Code   622  atan.o(i.__hardfp_atan)
    __hardfp_atan2                           0x08009e49   Thumb Code   432  atan2.o(i.__hardfp_atan2)
    __hardfp_fabs                            0x0800a039   Thumb Code    20  fabs.o(i.__hardfp_fabs)
    __hardfp_sqrt                            0x0800a04d   Thumb Code   122  sqrt.o(i.__hardfp_sqrt)
    __kernel_poly                            0x0800a0c7   Thumb Code   248  poly.o(i.__kernel_poly)
    __mathlib_dbl_infnan                     0x0800a1bf   Thumb Code    20  dunder.o(i.__mathlib_dbl_infnan)
    __mathlib_dbl_infnan2                    0x0800a1d3   Thumb Code    20  dunder.o(i.__mathlib_dbl_infnan2)
    __mathlib_dbl_invalid                    0x0800a1e9   Thumb Code    24  dunder.o(i.__mathlib_dbl_invalid)
    __mathlib_dbl_underflow                  0x0800a209   Thumb Code    24  dunder.o(i.__mathlib_dbl_underflow)
    __scatterload_copy                       0x0800a229   Thumb Code    14  handlers.o(i.__scatterload_copy)
    __scatterload_null                       0x0800a237   Thumb Code     2  handlers.o(i.__scatterload_null)
    __scatterload_zeroinit                   0x0800a239   Thumb Code    14  handlers.o(i.__scatterload_zeroinit)
    __set_errno                              0x0800a249   Thumb Code     6  errno.o(i.__set_errno)
    atan                                     0x0800a255   Thumb Code    16  atan.o(i.atan)
    fabs                                     0x0800a265   Thumb Code    24  fabs.o(i.fabs)
    free                                     0x0800a27d   Thumb Code    76  malloc.o(i.free)
    malloc                                   0x0800a2cd   Thumb Code    92  malloc.o(i.malloc)
    sqrt                                     0x0800a339   Thumb Code   110  sqrt.o(i.sqrt)
    lost_counter_len                         0x0800a3a8   Data          44  supervisetask.o(.constdata)
    CRC8_INIT                                0x0800a3d4   Data           1  mf_crc8.o(.constdata)
    CRC8_TAB                                 0x0800a3d5   Data         256  mf_crc8.o(.constdata)
    wCRC_Table                               0x0800a4d6   Data         512  mf_crc16.o(.constdata)
    __mathlib_zero                           0x0800a7c0   Data           8  qnan.o(.constdata)
    Region$$Table$$Base                      0x0800a7c8   Number         0  anon$$obj.o(Region$$Table)
    Region$$Table$$Limit                     0x0800a7e8   Number         0  anon$$obj.o(Region$$Table)
    Upload_Speed                             0x20000000   Data           4  main.o(.data)
    power1                                   0x20000004   Data           2  main.o(.data)
    power2                                   0x20000006   Data           2  main.o(.data)
    system_micrsecond                        0x20000008   Data           4  main.o(.data)
    gpio                                     0x2000000c   Data           8  gun.o(.data)
    ms_count                                 0x20000014   Data           4  timer.o(.data)
    UART_TranFifo                            0x20000020   Data           4  usart3.o(.data)
    SystemCoreClock                          0x20000038   Data           4  system_stm32f4xx.o(.data)
    AHBPrescTable                            0x2000003c   Data          16  system_stm32f4xx.o(.data)
    exInt                                    0x2000004c   Data           4  imu.o(.data)
    eyInt                                    0x20000050   Data           4  imu.o(.data)
    ezInt                                    0x20000054   Data           4  imu.o(.data)
    q0                                       0x20000058   Data           4  imu.o(.data)
    q1                                       0x2000005c   Data           4  imu.o(.data)
    q2                                       0x20000060   Data           4  imu.o(.data)
    q3                                       0x20000064   Data           4  imu.o(.data)
    lastUpdate                               0x2000008c   Data           4  imu.o(.data)
    now                                      0x20000090   Data           4  imu.o(.data)
    yaw_temp                                 0x20000094   Data           4  imu.o(.data)
    pitch_temp                               0x20000098   Data           4  imu.o(.data)
    roll_temp                                0x2000009c   Data           4  imu.o(.data)
    last_yaw_temp                            0x200000a0   Data           4  imu.o(.data)
    last_pitch_temp                          0x200000a4   Data           4  imu.o(.data)
    last_roll_temp                           0x200000a8   Data           4  imu.o(.data)
    yaw_angle                                0x200000ac   Data           4  imu.o(.data)
    pitch_angle                              0x200000b0   Data           4  imu.o(.data)
    roll_angle                               0x200000b4   Data           4  imu.o(.data)
    HMC5883_lastx                            0x200000bc   Data           4  mpu6050_driver.o(.data)
    HMC5883_lasty                            0x200000c0   Data           4  mpu6050_driver.o(.data)
    HMC5883_lastz                            0x200000c4   Data           4  mpu6050_driver.o(.data)
    MPU6050_Lastax                           0x200000c8   Data           2  mpu6050_driver.o(.data)
    MPU6050_Lastay                           0x200000ca   Data           2  mpu6050_driver.o(.data)
    MPU6050_Lastaz                           0x200000cc   Data           2  mpu6050_driver.o(.data)
    MPU6050_Lastgx                           0x200000ce   Data           2  mpu6050_driver.o(.data)
    MPU6050_Lastgy                           0x200000d0   Data           2  mpu6050_driver.o(.data)
    MPU6050_Lastgz                           0x200000d2   Data           2  mpu6050_driver.o(.data)
    isMPU6050_is_DRY                         0x200000d4   Data           1  mpu6050_interrupt.o(.data)
    PIDCaliData                              0x200000e4   Data           8  iotask.o(.data)
    GimbalSavedCaliData                      0x200000ec   Data           5  iotask.o(.data)
    GyroSavedCaliData                        0x200000f1   Data           7  iotask.o(.data)
    PitchPositionSavedPID                    0x200000f8   Data           8  iotask.o(.data)
    PitchSpeedSavedPID                       0x20000100   Data           8  iotask.o(.data)
    YawPositionSavedPID                      0x20000108   Data           8  iotask.o(.data)
    YawSpeedSavedPID                         0x20000110   Data           8  iotask.o(.data)
    app_param_calied_flag                    0x20000118   Data           1  iotask.o(.data)
    GMPPositionPID                           0x20000168   Data          80  controltask.o(.data)
    GMPSpeedPID                              0x200001b8   Data          80  controltask.o(.data)
    GMYPositionPID                           0x20000208   Data          80  controltask.o(.data)
    GMYSpeedPID                              0x20000258   Data          80  controltask.o(.data)
    CMRotatePID                              0x200002a8   Data          80  controltask.o(.data)
    CM1SpeedPID                              0x200002f8   Data          80  controltask.o(.data)
    CM2SpeedPID                              0x20000348   Data          80  controltask.o(.data)
    CM3SpeedPID                              0x20000398   Data          80  controltask.o(.data)
    CM4SpeedPID                              0x200003e8   Data          80  controltask.o(.data)
    HeroReloadSpeedPID                       0x20000438   Data          80  controltask.o(.data)
    HeroTrackSpeedPID                        0x20000488   Data          80  controltask.o(.data)
    ShootMotorPositionPID                    0x200004d8   Data          80  controltask.o(.data)
    ShootMotorSpeedPID                       0x20000528   Data          80  controltask.o(.data)
    lastWorkState                            0x20000578   Data           1  controltask.o(.data)
    workState                                0x20000579   Data           1  controltask.o(.data)
    GMPitchRamp                              0x2000057c   Data          36  controltask.o(.data)
    GMYawRamp                                0x200005a0   Data          36  controltask.o(.data)
    pwm_ccr                                  0x200005c4   Data           2  controltask.o(.data)
    ChassisSpeedRef                          0x200005d8   Data           6  remotetask.o(.data)
    HeroSpeedRef                             0x200005de   Data           6  remotetask.o(.data)
    friction_wheel_state                     0x200005e4   Data           1  remotetask.o(.data)
    frictionRamp                             0x200005e8   Data          36  remotetask.o(.data)
    LRSpeedRamp                              0x2000060c   Data          36  remotetask.o(.data)
    FBSpeedRamp                              0x20000630   Data          36  remotetask.o(.data)
    ZGyroModuleAngle                         0x20000660   Data           4  canbustask.o(.data)
    lost_counter                             0x20000664   Data          44  supervisetask.o(.data)
    lost_err                                 0x20000690   Data           4  supervisetask.o(.data)
    CRC_INIT                                 0x200006a6   Data           2  mf_crc16.o(.data)
    __microlib_freelist                      0x200006a8   Data           4  mvars.o(.data)
    __microlib_freelist_initialised          0x200006ac   Data           4  mvars.o(.data)
    tim                                      0x200006b4   Data          12  gun.o(.bss)
    oc                                       0x200006c0   Data          20  gun.o(.bss)
    mygetqval                                0x20000814   Data          36  imu.o(.bss)
    angle                                    0x20000848   Data          12  imu.o(.bss)
    MPU6050_Raw_Data                         0x20000854   Data          20  mpu6050_driver.o(.bss)
    MPU6050_Real_Data                        0x20000868   Data          40  mpu6050_driver.o(.bss)
    ahrs                                     0x20000890   Data          12  mpu6050_driver.o(.bss)
    mpu_buf                                  0x2000089c   Data          20  mpu6050_driver.o(.bss)
    MPU6050_FIFO                             0x200008b0   Data         132  mpu6050_driver.o(.bss)
    HMC5883_FIFO                             0x20000934   Data          66  mpu6050_driver.o(.bss)
    MagMaxMinData                            0x20000976   Data          12  mpu6050_driver.o(.bss)
    gAppParamStruct                          0x20000982   Data          87  iotask.o(.bss)
    AccSavedCaliData                         0x200009ec   Data          19  iotask.o(.bss)
    MagSavedCaliData                         0x200009ff   Data          19  iotask.o(.bss)
    RC_CtrlData                              0x20000a14   Data          22  remotetask.o(.bss)
    HeroTrackRef                             0x20000a2c   Data          24  remotetask.o(.bss)
    GimbalRef                                0x20000a44   Data          24  remotetask.o(.bss)
    HeroClawRef                              0x20000a5c   Data          24  remotetask.o(.bss)
    CM1Encoder                               0x20000a8c   Data          68  canbustask.o(.bss)
    CM2Encoder                               0x20000ad0   Data          68  canbustask.o(.bss)
    CM3Encoder                               0x20000b14   Data          68  canbustask.o(.bss)
    CM4Encoder                               0x20000b58   Data          68  canbustask.o(.bss)
    GMYawEncoder                             0x20000b9c   Data          68  canbustask.o(.bss)
    GMPitchEncoder                           0x20000be0   Data          68  canbustask.o(.bss)
    ShootMotorEncoder                        0x20000c24   Data          68  canbustask.o(.bss)
    HeroReloadEncoder                        0x20000c68   Data          68  canbustask.o(.bss)
    HeroTrackEncoder                         0x20000cac   Data          68  canbustask.o(.bss)
    __heap_base                              0x20000e00   Data           0  startup_stm32f427xx.o(HEAP)
    __heap_limit                             0x20001e00   Data           0  startup_stm32f427xx.o(HEAP)
    __initial_sp                             0x20002200   Data           0  startup_stm32f427xx.o(STACK)



==============================================================================

Memory Map of the image

  Image Entry point : 0x080001ad

  Load Region LR_IROM1 (Base: 0x08000000, Size: 0x0000ae9c, Max: 0x00200000, ABSOLUTE, COMPRESSED[0x0000a8b4])

    Execution Region ER_IROM1 (Base: 0x08000000, Size: 0x0000a7e8, Max: 0x00200000, ABSOLUTE)

    Base Addr    Size         Type   Attr      Idx    E Section Name        Object

    0x08000000   0x000001ac   Data   RO         1072    RESET               startup_stm32f427xx.o
    0x080001ac   0x00000000   Code   RO         1786  * .ARM.Collect$$$$00000000  mc_w.l(entry.o)
    0x080001ac   0x00000004   Code   RO         1876    .ARM.Collect$$$$00000001  mc_w.l(entry2.o)
    0x080001b0   0x00000004   Code   RO         1879    .ARM.Collect$$$$00000004  mc_w.l(entry5.o)
    0x080001b4   0x00000000   Code   RO         1881    .ARM.Collect$$$$00000008  mc_w.l(entry7b.o)
    0x080001b4   0x00000000   Code   RO         1883    .ARM.Collect$$$$0000000A  mc_w.l(entry8b.o)
    0x080001b4   0x00000008   Code   RO         1884    .ARM.Collect$$$$0000000B  mc_w.l(entry9a.o)
    0x080001bc   0x00000000   Code   RO         1886    .ARM.Collect$$$$0000000D  mc_w.l(entry10a.o)
    0x080001bc   0x00000000   Code   RO         1888    .ARM.Collect$$$$0000000F  mc_w.l(entry11a.o)
    0x080001bc   0x00000004   Code   RO         1877    .ARM.Collect$$$$00002712  mc_w.l(entry2.o)
    0x080001c0   0x00000060   Code   RO            4    .text               main.o
    0x08000220   0x00000044   Code   RO          206    .text               bsp.o
    0x08000264   0x0000006c   Code   RO          237    .text               led.o
    0x080002d0   0x000001c8   Code   RO          261    .text               gun.o
    0x08000498   0x00000134   Code   RO          292    .text               can1.o
    0x080005cc   0x0000019c   Code   RO          319    .text               can2.o
    0x08000768   0x0000006c   Code   RO          343    .text               delay.o
    0x080007d4   0x00000104   Code   RO          367    .text               exti.o
    0x080008d8   0x0000003c   Code   RO          391    .text               laser.o
    0x08000914   0x000001dc   Code   RO          415    .text               timer.o
    0x08000af0   0x0000021c   Code   RO          442    .text               usart1.o
    0x08000d0c   0x000001cc   Code   RO          475    .text               usart3.o
    0x08000ed8   0x0000009c   Code   RO          506    .text               encoder.o
    0x08000f74   0x00000174   Code   RO          532    .text               bsp_flash.o
    0x080010e8   0x00000018   Code   RO          559    .text               stm32f4xx_it.o
    0x08001100   0x000000e0   Code   RO          586    .text               misc.o
    0x080011e0   0x000009f0   Code   RO          663    .text               stm32f4xx_can.o
    0x08001bd0   0x000003a8   Code   RO          744    .text               stm32f4xx_dma.o
    0x08001f78   0x0000011c   Code   RO          771    .text               stm32f4xx_exti.o
    0x08002094   0x000004bc   Code   RO          798    .text               stm32f4xx_flash.o
    0x08002550   0x0000025c   Code   RO          825    .text               stm32f4xx_gpio.o
    0x080027ac   0x00000588   Code   RO          879    .text               stm32f4xx_rcc.o
    0x08002d34   0x0000008c   Code   RO          935    .text               stm32f4xx_syscfg.o
    0x08002dc0   0x00000ca2   Code   RO          962    .text               stm32f4xx_tim.o
    0x08003a62   0x00000002   PAD
    0x08003a64   0x0000041a   Code   RO          989    .text               stm32f4xx_usart.o
    0x08003e7e   0x00000002   PAD
    0x08003e80   0x00000210   Code   RO         1016    .text               system_stm32f4xx.o
    0x08004090   0x00000024   Code   RO         1073    .text               startup_stm32f427xx.o
    0x080040b4   0x00000f44   Code   RO         1080    .text               imu.o
    0x08004ff8   0x00000314   Code   RO         1112    .text               mpu6050_i2c.o
    0x0800530c   0x000007c0   Code   RO         1136    .text               mpu6050_driver.o
    0x08005acc   0x000000b4   Code   RO         1172    .text               mpu6050_interrupt.o
    0x08005b80   0x00000ab0   Code   RO         1202    .text               iotask.o
    0x08006630   0x00000b0c   Code   RO         1234    .text               controltask.o
    0x0800713c   0x00000918   Code   RO         1264    .text               remotetask.o
    0x08007a54   0x0000056a   Code   RO         1295    .text               canbustask.o
    0x08007fbe   0x00000002   PAD
    0x08007fc0   0x000002e4   Code   RO         1326    .text               supervisetask.o
    0x080082a4   0x000005b0   Code   RO         1357    .text               Protocol.lib(protocal_parser.o)
    0x08008854   0x000005a4   Code   RO         1448    .text               RMLib.lib(fifo.o)
    0x08008df8   0x00000070   Code   RO         1528    .text               RMLib.lib(ramp.o)
    0x08008e68   0x00000020   Code   RO         1661    .text               RMLib.lib(lostcounter.o)
    0x08008e88   0x00000120   Code   RO         1684    .text               RMLib.lib(pid_regulator.o)
    0x08008fa8   0x00000074   Code   RO         1708    .text               Protocol.lib(mf_crc8.o)
    0x0800901c   0x000000a0   Code   RO         1723    .text               Protocol.lib(mf_crc16.o)
    0x080090bc   0x00000024   Code   RO         1789    .text               mc_w.l(memcpya.o)
    0x080090e0   0x00000024   Code   RO         1791    .text               mc_w.l(memseta.o)
    0x08009104   0x0000014e   Code   RO         1823    .text               mf_w.l(dadd.o)
    0x08009252   0x000000e4   Code   RO         1825    .text               mf_w.l(dmul.o)
    0x08009336   0x000000de   Code   RO         1827    .text               mf_w.l(ddiv.o)
    0x08009414   0x00000022   Code   RO         1831    .text               mf_w.l(dflti.o)
    0x08009436   0x0000003e   Code   RO         1833    .text               mf_w.l(dfixi.o)
    0x08009474   0x00000032   Code   RO         1835    .text               mf_w.l(dfixui.o)
    0x080094a6   0x00000026   Code   RO         1837    .text               mf_w.l(f2d.o)
    0x080094cc   0x00000030   Code   RO         1839    .text               mf_w.l(cdrcmple.o)
    0x080094fc   0x00000038   Code   RO         1841    .text               mf_w.l(d2f.o)
    0x08009534   0x0000001e   Code   RO         1890    .text               mc_w.l(llshl.o)
    0x08009552   0x00000020   Code   RO         1892    .text               mc_w.l(llushr.o)
    0x08009572   0x00000024   Code   RO         1894    .text               mc_w.l(llsshr.o)
    0x08009596   0x00000000   Code   RO         1905    .text               mc_w.l(iusefp.o)
    0x08009596   0x0000006e   Code   RO         1906    .text               mf_w.l(fepilogue.o)
    0x08009604   0x000000ba   Code   RO         1908    .text               mf_w.l(depilogue.o)
    0x080096be   0x000000a2   Code   RO         1910    .text               mf_w.l(dsqrt.o)
    0x08009760   0x00000024   Code   RO         1914    .text               mc_w.l(init.o)
    0x08009784   0x00000056   Code   RO         1924    .text               mc_w.l(__dczerorl2.o)
    0x080097da   0x00000030   Code   RO         1871    i.__ARM_fpclassify  m_wm.l(fpclassify.o)
    0x0800980a   0x00000006   PAD
    0x08009810   0x00000360   Code   RO         1742    i.__hardfp_asin     m_wm.l(asin.o)
    0x08009b70   0x000002d8   Code   RO         1843    i.__hardfp_atan     m_wm.l(atan.o)
    0x08009e48   0x000001f0   Code   RO         1756    i.__hardfp_atan2    m_wm.l(atan2.o)
    0x0800a038   0x00000014   Code   RO         1768    i.__hardfp_fabs     m_wm.l(fabs.o)
    0x0800a04c   0x0000007a   Code   RO         1774    i.__hardfp_sqrt     m_wm.l(sqrt.o)
    0x0800a0c6   0x000000f8   Code   RO         1873    i.__kernel_poly     m_wm.l(poly.o)
    0x0800a1be   0x00000014   Code   RO         1858    i.__mathlib_dbl_infnan  m_wm.l(dunder.o)
    0x0800a1d2   0x00000014   Code   RO         1859    i.__mathlib_dbl_infnan2  m_wm.l(dunder.o)
    0x0800a1e6   0x00000002   PAD
    0x0800a1e8   0x00000020   Code   RO         1860    i.__mathlib_dbl_invalid  m_wm.l(dunder.o)
    0x0800a208   0x00000020   Code   RO         1863    i.__mathlib_dbl_underflow  m_wm.l(dunder.o)
    0x0800a228   0x0000000e   Code   RO         1918    i.__scatterload_copy  mc_w.l(handlers.o)
    0x0800a236   0x00000002   Code   RO         1919    i.__scatterload_null  mc_w.l(handlers.o)
    0x0800a238   0x0000000e   Code   RO         1920    i.__scatterload_zeroinit  mc_w.l(handlers.o)
    0x0800a246   0x00000002   PAD
    0x0800a248   0x0000000c   Code   RO         1900    i.__set_errno       mc_w.l(errno.o)
    0x0800a254   0x00000010   Code   RO         1845    i.atan              m_wm.l(atan.o)
    0x0800a264   0x00000018   Code   RO         1770    i.fabs              m_wm.l(fabs.o)
    0x0800a27c   0x00000050   Code   RO         1795    i.free              mc_w.l(malloc.o)
    0x0800a2cc   0x0000006c   Code   RO         1796    i.malloc            mc_w.l(malloc.o)
    0x0800a338   0x0000006e   Code   RO         1776    i.sqrt              m_wm.l(sqrt.o)
    0x0800a3a6   0x00000002   PAD
    0x0800a3a8   0x0000002c   Data   RO         1328    .constdata          supervisetask.o
    0x0800a3d4   0x00000101   Data   RO         1709    .constdata          Protocol.lib(mf_crc8.o)
    0x0800a4d5   0x00000001   PAD
    0x0800a4d6   0x00000200   Data   RO         1724    .constdata          Protocol.lib(mf_crc16.o)
    0x0800a6d6   0x00000002   PAD
    0x0800a6d8   0x00000050   Data   RO         1745    .constdata          m_wm.l(asin.o)
    0x0800a728   0x00000098   Data   RO         1846    .constdata          m_wm.l(atan.o)
    0x0800a7c0   0x00000008   Data   RO         1875    .constdata          m_wm.l(qnan.o)
    0x0800a7c8   0x00000020   Data   RO         1916    Region$$Table       anon$$obj.o


    Execution Region RW_IRAM1 (Base: 0x20000000, Size: 0x00002200, Max: 0x00030000, ABSOLUTE, COMPRESSED[0x000000cc])

    Base Addr    Size         Type   Attr      Idx    E Section Name        Object

    0x20000000   0x0000000c   Data   RW            5    .data               main.o
    0x2000000c   0x00000008   Data   RW          263    .data               gun.o
    0x20000014   0x00000008   Data   RW          416    .data               timer.o
    0x2000001c   0x00000004   Data   RW          444    .data               usart1.o
    0x20000020   0x00000004   Data   RW          477    .data               usart3.o
    0x20000024   0x00000001   Data   RW          507    .data               encoder.o
    0x20000025   0x00000010   Data   RW          880    .data               stm32f4xx_rcc.o
    0x20000035   0x00000003   PAD
    0x20000038   0x00000014   Data   RW         1017    .data               system_stm32f4xx.o
    0x2000004c   0x00000070   Data   RW         1082    .data               imu.o
    0x200000bc   0x00000018   Data   RW         1138    .data               mpu6050_driver.o
    0x200000d4   0x00000001   Data   RW         1173    .data               mpu6050_interrupt.o
    0x200000d5   0x00000003   PAD
    0x200000d8   0x00000090   Data   RW         1204    .data               iotask.o
    0x20000168   0x00000470   Data   RW         1235    .data               controltask.o
    0x200005d8   0x00000084   Data   RW         1266    .data               remotetask.o
    0x2000065c   0x00000008   Data   RW         1297    .data               canbustask.o
    0x20000664   0x0000003c   Data   RW         1329    .data               supervisetask.o
    0x200006a0   0x00000005   Data   RW         1359    .data               Protocol.lib(protocal_parser.o)
    0x200006a5   0x00000001   PAD
    0x200006a6   0x00000002   Data   RW         1725    .data               Protocol.lib(mf_crc16.o)
    0x200006a8   0x00000004   Data   RW         1896    .data               mc_w.l(mvars.o)
    0x200006ac   0x00000004   Data   RW         1897    .data               mc_w.l(mvars.o)
    0x200006b0   0x00000004   Data   RW         1901    .data               mc_w.l(errno.o)
    0x200006b4   0x00000020   Zero   RW          262    .bss                gun.o
    0x200006d4   0x0000013e   Zero   RW          443    .bss                usart1.o
    0x20000812   0x00000002   PAD
    0x20000814   0x00000040   Zero   RW         1081    .bss                imu.o
    0x20000854   0x0000012e   Zero   RW         1137    .bss                mpu6050_driver.o
    0x20000982   0x00000090   Zero   RW         1203    .bss                iotask.o
    0x20000a12   0x00000002   PAD
    0x20000a14   0x00000077   Zero   RW         1265    .bss                remotetask.o
    0x20000a8b   0x00000001   PAD
    0x20000a8c   0x00000264   Zero   RW         1296    .bss                canbustask.o
    0x20000cf0   0x0000010a   Zero   RW         1358    .bss                Protocol.lib(protocal_parser.o)
    0x20000dfa   0x00000006   PAD
    0x20000e00   0x00001000   Zero   RW         1071    HEAP                startup_stm32f427xx.o
    0x20001e00   0x00000400   Zero   RW         1070    STACK               startup_stm32f427xx.o


==============================================================================

Image component sizes


      Code (inc. data)   RO Data    RW Data    ZI Data      Debug   Object Name

        68          6          0          0          0        527   bsp.o
       372         48          0          0          0       2358   bsp_flash.o
       308         10          0          0          0       1064   can1.o
       412         14          0          0          0       1277   can2.o
      1386         68          0          8        612       4153   canbustask.o
      2828        294          0       1136          0       6915   controltask.o
       108          0          0          0          0       1246   delay.o
       156         14          0          1          0       1310   encoder.o
       260          8          0          0          0        963   exti.o
       456         32          0          8         32       1736   gun.o
      3908        332          0        112         64       4757   imu.o
      2736        256          0        144        144      11224   iotask.o
        60          6          0          0          0        554   laser.o
       108         10          0          0          0        580   led.o
        96         16          0         12          0     295060   main.o
       224         20          0          0          0     211001   misc.o
      1984         66          0         24        302       9946   mpu6050_driver.o
       788         10          0          0          0       3947   mpu6050_i2c.o
       180         10          0          1          0       1119   mpu6050_interrupt.o
      2328        154          0        132        119       8363   remotetask.o
        36          8        428          0       5120        868   startup_stm32f427xx.o
      2544         38          0          0          0      16464   stm32f4xx_can.o
       936         32          0          0          0      19029   stm32f4xx_dma.o
       284         10          0          0          0       4747   stm32f4xx_exti.o
      1212         26          0          0          0      12453   stm32f4xx_flash.o
       604         36          0          0          0      10513   stm32f4xx_gpio.o
        24          0          0          0          0       1174   stm32f4xx_it.o
      1416         48          0         16          0      24011   stm32f4xx_rcc.o
       140         12          0          0          0       1715   stm32f4xx_syscfg.o
      3234         60          0          0          0      42812   stm32f4xx_tim.o
      1050         26          0          0          0      13852   stm32f4xx_usart.o
       740         34         44         60          0       5411   supervisetask.o
       528         46          0         20          0       1951   system_stm32f4xx.o
       476         26          0          8          0       2080   timer.o
       540         28          0          4        318       2873   usart1.o
       460         22          0          4          0       3708   usart3.o

    ----------------------------------------------------------------------
     32996       1826        504       1696       6716     731761   Object Totals
         0          0         32          0          0          0   (incl. Generated)
         6          0          0          6          5          0   (incl. Padding)

    ----------------------------------------------------------------------

      Code (inc. data)   RO Data    RW Data    ZI Data      Debug   Library Member Name

       160         10        512          2          0       2386   mf_crc16.o
       116          4        257          0          0       1882   mf_crc8.o
      1456         28          0          5        266      13116   protocal_parser.o
      1444          0          0          0          0       8256   fifo.o
        32          0          0          0          0       1640   lostcounter.o
       288          4          0          0          0       1785   pid_regulator.o
       112          6          0          0          0       2612   ramp.o
       864         94         80          0          0        280   asin.o
       744        106        152          0          0        352   atan.o
       496         64          0          0          0        192   atan2.o
       104         16          0          0          0        496   dunder.o
        44          0          0          0          0        248   fabs.o
        48          0          0          0          0        124   fpclassify.o
       248          0          0          0          0        152   poly.o
         0          0          8          0          0          0   qnan.o
       232          0          0          0          0        296   sqrt.o
        86          0          0          0          0          0   __dczerorl2.o
         0          0          0          0          0          0   entry.o
         0          0          0          0          0          0   entry10a.o
         0          0          0          0          0          0   entry11a.o
         8          4          0          0          0          0   entry2.o
         4          0          0          0          0          0   entry5.o
         0          0          0          0          0          0   entry7b.o
         0          0          0          0          0          0   entry8b.o
         8          4          0          0          0          0   entry9a.o
        12          6          0          4          0         68   errno.o
        30          0          0          0          0          0   handlers.o
        36          8          0          0          0         68   init.o
         0          0          0          0          0          0   iusefp.o
        30          0          0          0          0         68   llshl.o
        36          0          0          0          0         68   llsshr.o
        32          0          0          0          0         68   llushr.o
       188         20          0          0          0        160   malloc.o
        36          0          0          0          0         68   memcpya.o
        36          0          0          0          0        108   memseta.o
         0          0          0          8          0          0   mvars.o
        48          0          0          0          0         68   cdrcmple.o
        56          0          0          0          0         88   d2f.o
       334          0          0          0          0        148   dadd.o
       222          0          0          0          0        100   ddiv.o
       186          0          0          0          0        176   depilogue.o
        62          0          0          0          0         80   dfixi.o
        50          0          0          0          0         76   dfixui.o
        34          0          0          0          0         76   dflti.o
       228          0          0          0          0         96   dmul.o
       162          0          0          0          0        100   dsqrt.o
        38          0          0          0          0         68   f2d.o
       110          0          0          0          0        168   fepilogue.o

    ----------------------------------------------------------------------
      8472        374       1012         20        272      35737   Library Totals
        12          0          3          1          6          0   (incl. Padding)

    ----------------------------------------------------------------------

      Code (inc. data)   RO Data    RW Data    ZI Data      Debug   Library Name

      1732         42        769          7        266      17384   Protocol.lib
      1876         10          0          0          0      14293   RMLib.lib
      2780        280        240          0          0       2140   m_wm.l
       542         42          0         12          0        676   mc_w.l
      1530          0          0          0          0       1244   mf_w.l

    ----------------------------------------------------------------------
      8472        374       1012         20        272      35737   Library Totals

    ----------------------------------------------------------------------

==============================================================================


      Code (inc. data)   RO Data    RW Data    ZI Data      Debug   

     41468       2200       1516       1716       6988     756146   Grand Totals
     41468       2200       1516        204       6988     756146   ELF Image Totals (compressed)
     41468       2200       1516        204          0          0   ROM Totals

==============================================================================

    Total RO  Size (Code + RO Data)                42984 (  41.98kB)
    Total RW  Size (RW Data + ZI Data)              8704 (   8.50kB)
    Total ROM Size (Code + RO Data + RW Data)      43188 (  42.18kB)

==============================================================================

