Component: ARM Compiler 5.06 update 4 (build 422) Tool: armlink [4d35d2]

==============================================================================

Section Cross References

    main.o(.text) refers to controltask.o(.text) for ControtLoopTaskInit
    main.o(.text) refers to remotetask.o(.text) for RemoteTaskInit
    main.o(.text) refers to delay.o(.text) for delay_ms
    main.o(.text) refers to bsp.o(.text) for BSP_Init
    main.o(.text) refers to timer.o(.text) for Get_Time_Micros
    main.o(.text) refers to imu.o(.text) for IMU_getYawPitchRoll
    main.o(.text) refers to iotask.o(.text) for UploadParameter
    main.o(.text) refers to main.o(.data) for system_micrsecond
    main.o(.text) refers to imu.o(.bss) for angle
    bsp.o(.text) refers to misc.o(.text) for NVIC_PriorityGroupConfig
    bsp.o(.text) refers to gun.o(.text) for PWM_Configuration
    bsp.o(.text) refers to led.o(.text) for Led_Configuration
    bsp.o(.text) refers to laser.o(.text) for Laser_Configuration
    bsp.o(.text) refers to timer.o(.text) for TIM2_Configuration
    bsp.o(.text) refers to mpu6050_driver.o(.text) for MPU6050_Initialize
    bsp.o(.text) refers to encoder.o(.text) for Quad_Encoder_Configuration
    bsp.o(.text) refers to can1.o(.text) for CAN2_NEW_Configuration
    bsp.o(.text) refers to can2.o(.text) for CAN1_NEW_Configuration
    bsp.o(.text) refers to usart1.o(.text) for USART1_Configuration
    bsp.o(.text) refers to usart3.o(.text) for USART3_Configuration
    bsp.o(.text) refers to mpu6050_interrupt.o(.text) for MPU6050_IntConfiguration
    led.o(.text) refers to stm32f4xx_rcc.o(.text) for RCC_AHB1PeriphClockCmd
    led.o(.text) refers to stm32f4xx_gpio.o(.text) for GPIO_Init
    gun.o(.text) refers to stm32f4xx_rcc.o(.text) for RCC_AHB1PeriphClockCmd
    gun.o(.text) refers to stm32f4xx_gpio.o(.text) for GPIO_Init
    gun.o(.text) refers to stm32f4xx_tim.o(.text) for TIM_TimeBaseInit
    gun.o(.text) refers to gun.o(.data) for gpio
    gun.o(.text) refers to gun.o(.bss) for tim
    can1.o(.text) refers to stm32f4xx_rcc.o(.text) for RCC_AHB1PeriphClockCmd
    can1.o(.text) refers to stm32f4xx_gpio.o(.text) for GPIO_PinAFConfig
    can1.o(.text) refers to misc.o(.text) for NVIC_Init
    can1.o(.text) refers to stm32f4xx_can.o(.text) for CAN_DeInit
    can1.o(.text) refers to canbustask.o(.text) for Can2ReceiveMsgProcess
    can2.o(.text) refers to stm32f4xx_rcc.o(.text) for RCC_AHB1PeriphClockCmd
    can2.o(.text) refers to stm32f4xx_gpio.o(.text) for GPIO_PinAFConfig
    can2.o(.text) refers to misc.o(.text) for NVIC_Init
    can2.o(.text) refers to stm32f4xx_can.o(.text) for CAN_DeInit
    can2.o(.text) refers to canbustask.o(.text) for Can1ReceiveMsgProcess
    exti.o(.text) refers to stm32f4xx_rcc.o(.text) for RCC_APB2PeriphClockCmd
    exti.o(.text) refers to stm32f4xx_gpio.o(.text) for GPIO_Init
    exti.o(.text) refers to stm32f4xx_syscfg.o(.text) for SYSCFG_EXTILineConfig
    exti.o(.text) refers to stm32f4xx_exti.o(.text) for EXTI_Init
    exti.o(.text) refers to misc.o(.text) for NVIC_Init
    laser.o(.text) refers to stm32f4xx_rcc.o(.text) for RCC_AHB1PeriphClockCmd
    laser.o(.text) refers to stm32f4xx_gpio.o(.text) for GPIO_Init
    timer.o(.text) refers to stm32f4xx_rcc.o(.text) for RCC_APB2PeriphClockCmd
    timer.o(.text) refers to stm32f4xx_tim.o(.text) for TIM_ARRPreloadConfig
    timer.o(.text) refers to misc.o(.text) for NVIC_Init
    timer.o(.text) refers to stm32f4xx_gpio.o(.text) for GPIO_ToggleBits
    timer.o(.text) refers to controltask.o(.text) for Control_Task
    usart1.o(.text) refers to fifo.o(.text) for FIFO_Init
    usart1.o(.text) refers to stm32f4xx_rcc.o(.text) for RCC_AHB1PeriphClockCmd
    usart1.o(.text) refers to stm32f4xx_gpio.o(.text) for GPIO_PinAFConfig
    usart1.o(.text) refers to stm32f4xx_usart.o(.text) for USART_DeInit
    usart1.o(.text) refers to stm32f4xx_dma.o(.text) for DMA_DeInit
    usart1.o(.text) refers to misc.o(.text) for NVIC_Init
    usart1.o(.text) refers to remotetask.o(.text) for RemoteDataPrcess
    usart1.o(.text) refers to supervisetask.o(.text) for GetLostCounter
    usart1.o(.text) refers to lostcounter.o(.text) for LostCounterFeed
    usart1.o(.text) refers to usart1.o(.bss) for _USART1_RX_BUF
    usart1.o(.text) refers to usart1.o(.data) for this_time_rx_len
    usart3.o(.text) refers to stm32f4xx_rcc.o(.text) for RCC_AHB1PeriphClockCmd
    usart3.o(.text) refers to stm32f4xx_gpio.o(.text) for GPIO_PinAFConfig
    usart3.o(.text) refers to stm32f4xx_usart.o(.text) for USART_Init
    usart3.o(.text) refers to misc.o(.text) for NVIC_Init
    usart3.o(.text) refers to fifo.o(.text) for FIFO_S_Create
    usart3.o(.text) refers to protocal_parser.o(.text) for FrameUnpack
    usart3.o(.text) refers to iotask.o(.text) for SetCaliCmdFlag
    usart3.o(.text) refers to usart3.o(.data) for UART_TranFifo
    usart3.o(.text) refers to canbustask.o(.data) for ZGyroModuleAngle
    usart3.o(.text) refers to imu.o(.data) for yaw_angle
[...]
    _main_stk                                0x080001ad   Thumb Code     0  entry2.o(.ARM.Collect$$$$00000001)
    _main_scatterload                        0x080001b1   Thumb Code     0  entry5.o(.ARM.Collect$$$$00000004)
    __main_after_scatterload                 0x080001b5   Thumb Code     0  entry5.o(.ARM.Collect$$$$00000004)
    _main_clock                              0x080001b5   Thumb Code     0  entry7b.o(.ARM.Collect$$$$00000008)
    _main_cpp_init                           0x080001b5   Thumb Code     0  entry8b.o(.ARM.Collect$$$$0000000A)
    _main_init                               0x080001b5   Thumb Code     0  entry9a.o(.ARM.Collect$$$$0000000B)
    __rt_final_cpp                           0x080001bd   Thumb Code     0  entry10a.o(.ARM.Collect$$$$0000000D)
    __rt_final_exit                          0x080001bd   Thumb Code     0  entry11a.o(.ARM.Collect$$$$0000000F)
    main                                     0x080001c1   Thumb Code    80  main.o(.text)
    BSP_Init                                 0x08000221   Thumb Code    74  bsp.o(.text)
    Led_Configuration                        0x08000271   Thumb Code    98  led.o(.text)
    GUN_OFF                                  0x080002dd   Thumb Code    12  gun.o(.text)
    GUN_ON                                   0x080002e9   Thumb Code    14  gun.o(.text)
    GUN_Control                              0x080002f7   Thumb Code    10  gun.o(.text)
    APS_ON                                   0x08000301   Thumb Code    10  gun.o(.text)
    APS_OFF                                  0x0800030b   Thumb Code     8  gun.o(.text)
    PWM_Configuration                        0x08000313   Thumb Code   236  gun.o(.text)
    servo_Configuration                      0x080003ff   Thumb Code   134  gun.o(.text)
    CAN2_NEW_Configuration                   0x080004a5   Thumb Code   264  can1.o(.text)
    CAN2_TX_IRQHandler                       0x080005ad   Thumb Code    22  can1.o(.text)
    CAN2_RX0_IRQHandler                      0x080005c3   Thumb Code    42  can1.o(.text)
    CAN1_NEW_Configuration                   0x080005f5   Thumb Code   260  can2.o(.text)
    CAN1_TX_IRQHandler                       0x080006f9   Thumb Code    22  can2.o(.text)
    GYRO_RST                                 0x0800070f   Thumb Code    86  can2.o(.text)
    CAN1_RX0_IRQHandler                      0x08000765   Thumb Code    50  can2.o(.text)
    delay_ms                                 0x080007a5   Thumb Code    28  delay.o(.text)
    delay_us                                 0x080007c1   Thumb Code    26  delay.o(.text)
    Delay_ms                                 0x080007db   Thumb Code    28  delay.o(.text)
    Delay_us                                 0x080007f7   Thumb Code    26  delay.o(.text)
    Exti_Configuration                       0x08000811   Thumb Code   216  exti.o(.text)
    EXTI0_IRQHandler                         0x080008e9   Thumb Code    18  exti.o(.text)
    EXTI1_IRQHandler                         0x080008fb   Thumb Code    18  exti.o(.text)
    Laser_Configuration                      0x08000915   Thumb Code    54  laser.o(.text)
    TIM8_Configuration                       0x08000951   Thumb Code    84  timer.o(.text)
    TIM6_Configuration                       0x080009a5   Thumb Code    72  timer.o(.text)
    TIM6_Start                               0x080009ed   Thumb Code    30  timer.o(.text)
    TIM4_Configuration                       0x08000a0b   Thumb Code    84  timer.o(.text)
    TIM2_Configuration                       0x08000a5f   Thumb Code    60  timer.o(.text)
    TIM2_IRQHandler                          0x08000a9b   Thumb Code    48  timer.o(.text)
    TIM6_DAC_IRQHandler                      0x08000acb   Thumb Code    34  timer.o(.text)
    Get_Time_Micros                          0x08000aed   Thumb Code     8  timer.o(.text)
    USART1_Configuration                     0x08000b19   Thumb Code   302  usart1.o(.text)
    USART1_IRQHandler                        0x08000c47   Thumb Code   190  usart1.o(.text)
    USART1_GetRxBuf                          0x08000d05   Thumb Code     4  usart1.o(.text)
    USART3_Configuration                     0x08000d25   Thumb Code   182  usart3.o(.text)
    UART3_PrintCh                            0x08000ddb   Thumb Code    28  usart3.o(.text)
    UART3_PrintBlock                         0x08000df7   Thumb Code    44  usart3.o(.text)
    fputc                                    0x08000e23   Thumb Code    24  usart3.o(.text)
    USART3_IRQHandler                        0x08000e3b   Thumb Code   268  usart3.o(.text)
    Quad_Encoder_Configuration               0x08000f61   Thumb Code    90  encoder.o(.text)
    Encoder_Start                            0x08000fbb   Thumb Code    12  encoder.o(.text)
    GetQuadEncoderDiff                       0x08000fc7   Thumb Code    40  encoder.o(.text)
    BSP_FLASH_GetFlashSector                 0x08001003   Thumb Code   116  bsp_flash.o(.text)
    BSP_FLASH_Write                          0x08001077   Thumb Code   168  bsp_flash.o(.text)
    BSP_FLASH_Read                           0x0800111f   Thumb Code    34  bsp_flash.o(.text)
    NMI_Handler                              0x08001171   Thumb Code     2  stm32f4xx_it.o(.text)
    HardFault_Handler                        0x08001173   Thumb Code     4  stm32f4xx_it.o(.text)
    MemManage_Handler                        0x08001177   Thumb Code     4  stm32f4xx_it.o(.text)
    BusFault_Handler                         0x0800117b   Thumb Code     4  stm32f4xx_it.o(.text)
    UsageFault_Handler                       0x0800117f   Thumb Code     4  stm32f4xx_it.o(.text)
    SVC_Handler                              0x08001183   Thumb Code     2  stm32f4xx_it.o(.text)
    DebugMon_Handler                         0x08001185   Thumb Code     2  stm32f4xx_it.o(.text)
    PendSV_Handler                           0x08001187   Thumb Code     2  stm32f4xx_it.o(.text)
    NVIC_PriorityGroupConfig                 0x08001189   Thumb Code    10  misc.o(.text)
    NVIC_Init                                0x08001193   Thumb Code   106  misc.o(.text)
    NVIC_SetVectorTable                      0x080011fd   Thumb Code    14  misc.o(.text)
    NVIC_SystemLPConfig                      0x0800120b   Thumb Code    34  misc.o(.text)
    SysTick_CLKSourceConfig                  0x0800122d   Thumb Code    40  misc.o(.text)
    CAN_DeInit                               0x08001269   Thumb Code    50  stm32f4xx_can.o(.text)
    CAN_Init                                 0x0800129b   Thumb Code   276  stm32f4xx_can.o(.text)
    CAN_FilterInit                           0x080013af   Thumb Code   258  stm32f4xx_can.o(.text)
    CAN_StructInit                           0x080014b1   Thumb Code    32  stm32f4xx_can.o(.text)
    CAN_SlaveStartBank                       0x080014d1   Thumb Code    48  stm32f4xx_can.o(.text)
    CAN_DBGFreeze                            0x08001501   Thumb Code    22  stm32f4xx_can.o(.text)
    CAN_TTComModeCmd                         0x08001517   Thumb Code   118  stm32f4xx_can.o(.text)
    CAN_Transmit                             0x0800158d   Thumb Code   304  stm32f4xx_can.o(.text)
    CAN_TransmitStatus                       0x080016bd   Thumb Code   138  stm32f4xx_can.o(.text)
    CAN_CancelTransmit                       0x08001747   Thumb Code    48  stm32f4xx_can.o(.text)
    CAN_Receive                              0x08001777   Thumb Code   240  stm32f4xx_can.o(.text)
    CAN_FIFORelease                          0x08001867   Thumb Code    22  stm32f4xx_can.o(.text)
    CAN_MessagePending                       0x0800187d   Thumb Code    30  stm32f4xx_can.o(.text)
    CAN_OperatingModeRequest                 0x0800189b   Thumb Code   162  stm32f4xx_can.o(.text)
    CAN_Sleep                                0x0800193d   Thumb Code    30  stm32f4xx_can.o(.text)
    CAN_WakeUp                               0x0800195b   Thumb Code    48  stm32f4xx_can.o(.text)
    CAN_GetLastErrorCode                     0x0800198b   Thumb Code    12  stm32f4xx_can.o(.text)
    CAN_GetReceiveErrorCounter               0x08001997   Thumb Code    10  stm32f4xx_can.o(.text)
    CAN_GetLSBTransmitErrorCounter           0x080019a1   Thumb Code    12  stm32f4xx_can.o(.text)
    CAN_ITConfig                             0x080019ad   Thumb Code    18  stm32f4xx_can.o(.text)
    CAN_GetFlagStatus                        0x080019bf   Thumb Code   120  stm32f4xx_can.o(.text)
    CAN_ClearFlag                            0x08001a37   Thumb Code    52  stm32f4xx_can.o(.text)
    CAN_GetITStatus                          0x08001a7d   Thumb Code   310  stm32f4xx_can.o(.text)
    CAN_ClearITPendingBit                    0x08001bb3   Thumb Code   162  stm32f4xx_can.o(.text)
    DMA_DeInit                               0x08001c59   Thumb Code   324  stm32f4xx_dma.o(.text)
    DMA_Init                                 0x08001d9d   Thumb Code    82  stm32f4xx_dma.o(.text)
    DMA_StructInit                           0x08001def   Thumb Code    34  stm32f4xx_dma.o(.text)
    DMA_Cmd                                  0x08001e11   Thumb Code    22  stm32f4xx_dma.o(.text)
    DMA_PeriphIncOffsetSizeConfig            0x08001e27   Thumb Code    22  stm32f4xx_dma.o(.text)
    DMA_FlowControllerConfig                 0x08001e3d   Thumb Code    22  stm32f4xx_dma.o(.text)
    DMA_SetCurrDataCounter                   0x08001e53   Thumb Code     4  stm32f4xx_dma.o(.text)
    DMA_GetCurrDataCounter                   0x08001e57   Thumb Code     8  stm32f4xx_dma.o(.text)
    DMA_DoubleBufferModeConfig               0x08001e5f   Thumb Code    24  stm32f4xx_dma.o(.text)
    DMA_DoubleBufferModeCmd                  0x08001e77   Thumb Code    22  stm32f4xx_dma.o(.text)
    DMA_MemoryTargetConfig                   0x08001e8d   Thumb Code    10  stm32f4xx_dma.o(.text)
    DMA_GetCurrentMemoryTarget               0x08001e97   Thumb Code    20  stm32f4xx_dma.o(.text)
    DMA_GetCmdStatus                         0x08001eab   Thumb Code    20  stm32f4xx_dma.o(.text)
    DMA_GetFIFOStatus                        0x08001ebf   Thumb Code    12  stm32f4xx_dma.o(.text)
    DMA_GetFlagStatus                        0x08001ecb   Thumb Code    56  stm32f4xx_dma.o(.text)
    DMA_ClearFlag                            0x08001f03   Thumb Code    40  stm32f4xx_dma.o(.text)
    DMA_ITConfig                             0x08001f2b   Thumb Code    58  stm32f4xx_dma.o(.text)
    DMA_GetITStatus                          0x08001f65   Thumb Code    84  stm32f4xx_dma.o(.text)
    DMA_ClearITPendingBit                    0x08001fb9   Thumb Code    40  stm32f4xx_dma.o(.text)
    EXTI_DeInit                              0x08002001   Thumb Code    28  stm32f4xx_exti.o(.text)
    EXTI_Init                                0x0800201d   Thumb Code   142  stm32f4xx_exti.o(.text)
    EXTI_StructInit                          0x080020ab   Thumb Code    16  stm32f4xx_exti.o(.text)
    EXTI_GenerateSWInterrupt                 0x080020bb   Thumb Code    16  stm32f4xx_exti.o(.text)
    EXTI_GetFlagStatus                       0x080020cb   Thumb Code    22  stm32f4xx_exti.o(.text)
    EXTI_ClearFlag                           0x080020e1   Thumb Code     8  stm32f4xx_exti.o(.text)
    EXTI_GetITStatus                         0x080020e9   Thumb Code    34  stm32f4xx_exti.o(.text)
    EXTI_ClearITPendingBit                   0x0800210b   Thumb Code     8  stm32f4xx_exti.o(.text)
    FLASH_SetLatency                         0x0800211d   Thumb Code     6  stm32f4xx_flash.o(.text)
    FLASH_PrefetchBufferCmd                  0x08002123   Thumb Code    30  stm32f4xx_flash.o(.text)
    FLASH_InstructionCacheCmd                0x08002141   Thumb Code    30  stm32f4xx_flash.o(.text)
    FLASH_DataCacheCmd                       0x0800215f   Thumb Code    30  stm32f4xx_flash.o(.text)
    FLASH_InstructionCacheReset              0x0800217d   Thumb Code    14  stm32f4xx_flash.o(.text)
    FLASH_DataCacheReset                     0x0800218b   Thumb Code    14  stm32f4xx_flash.o(.text)
    FLASH_Unlock                             0x08002199   Thumb Code    26  stm32f4xx_flash.o(.text)
    FLASH_Lock                               0x080021b3   Thumb Code    18  stm32f4xx_flash.o(.text)
    FLASH_GetStatus                          0x080021c5   Thumb Code    74  stm32f4xx_flash.o(.text)
    FLASH_WaitForLastOperation               0x0800220f   Thumb Code    34  stm32f4xx_flash.o(.text)
    FLASH_EraseSector                        0x08002231   Thumb Code   140  stm32f4xx_flash.o(.text)
    FLASH_EraseAllSectors                    0x080022bd   Thumb Code   112  stm32f4xx_flash.o(.text)
    FLASH_ProgramDoubleWord                  0x0800232d   Thumb Code    86  stm32f4xx_flash.o(.text)
    FLASH_ProgramWord                        0x08002383   Thumb Code    82  stm32f4xx_flash.o(.text)
    FLASH_ProgramHalfWord                    0x080023d5   Thumb Code    82  stm32f4xx_flash.o(.text)
    FLASH_ProgramByte                        0x08002427   Thumb Code    78  stm32f4xx_flash.o(.text)
    FLASH_OB_Unlock                          0x08002475   Thumb Code    26  stm32f4xx_flash.o(.text)
    FLASH_OB_Lock                            0x0800248f   Thumb Code    18  stm32f4xx_flash.o(.text)
    FLASH_OB_WRPConfig                       0x080024a1   Thumb Code    54  stm32f4xx_flash.o(.text)
    FLASH_OB_RDPConfig                       0x080024d7   Thumb Code    24  stm32f4xx_flash.o(.text)
    FLASH_OB_UserConfig                      0x080024ef   Thumb Code    68  stm32f4xx_flash.o(.text)
    FLASH_OB_BORConfig                       0x08002533   Thumb Code    22  stm32f4xx_flash.o(.text)
    FLASH_OB_Launch                          0x08002549   Thumb Code    26  stm32f4xx_flash.o(.text)
    FLASH_OB_GetUser                         0x08002563   Thumb Code    10  stm32f4xx_flash.o(.text)
    FLASH_OB_GetWRP                          0x0800256d   Thumb Code     8  stm32f4xx_flash.o(.text)
    FLASH_OB_GetRDP                          0x08002575   Thumb Code    20  stm32f4xx_flash.o(.text)
    FLASH_OB_GetBOR                          0x08002589   Thumb Code    10  stm32f4xx_flash.o(.text)
    FLASH_ITConfig                           0x08002593   Thumb Code    34  stm32f4xx_flash.o(.text)
    FLASH_GetFlagStatus                      0x080025b5   Thumb Code    22  stm32f4xx_flash.o(.text)
    FLASH_ClearFlag                          0x080025cb   Thumb Code     8  stm32f4xx_flash.o(.text)
    GPIO_DeInit                              0x080025d9   Thumb Code   220  stm32f4xx_gpio.o(.text)
    GPIO_Init                                0x080026b5   Thumb Code   144  stm32f4xx_gpio.o(.text)
    GPIO_StructInit                          0x08002745   Thumb Code    18  stm32f4xx_gpio.o(.text)
    GPIO_PinLockConfig                       0x08002757   Thumb Code    34  stm32f4xx_gpio.o(.text)
    GPIO_ReadInputDataBit                    0x08002779   Thumb Code    18  stm32f4xx_gpio.o(.text)
    GPIO_ReadInputData                       0x0800278b   Thumb Code     8  stm32f4xx_gpio.o(.text)
    GPIO_ReadOutputDataBit                   0x08002793   Thumb Code    18  stm32f4xx_gpio.o(.text)
    GPIO_ReadOutputData                      0x080027a5   Thumb Code     8  stm32f4xx_gpio.o(.text)
    GPIO_SetBits                             0x080027ad   Thumb Code     4  stm32f4xx_gpio.o(.text)
    GPIO_ResetBits                           0x080027b1   Thumb Code     4  stm32f4xx_gpio.o(.text)
    GPIO_WriteBit                            0x080027b5   Thumb Code    10  stm32f4xx_gpio.o(.text)
    GPIO_Write                               0x080027bf   Thumb Code     4  stm32f4xx_gpio.o(.text)
    GPIO_ToggleBits                          0x080027c3   Thumb Code     8  stm32f4xx_gpio.o(.text)
    GPIO_PinAFConfig                         0x080027cb   Thumb Code    70  stm32f4xx_gpio.o(.text)
    RCC_DeInit                               0x08002835   Thumb Code    60  stm32f4xx_rcc.o(.text)
    RCC_HSEConfig                            0x08002871   Thumb Code    14  stm32f4xx_rcc.o(.text)
    RCC_GetFlagStatus                        0x0800287f   Thumb Code    60  stm32f4xx_rcc.o(.text)
    RCC_WaitForHSEStartUp                    0x080028bb   Thumb Code    56  stm32f4xx_rcc.o(.text)
    RCC_AdjustHSICalibrationValue            0x080028f3   Thumb Code    20  stm32f4xx_rcc.o(.text)
    RCC_HSICmd                               0x08002907   Thumb Code     6  stm32f4xx_rcc.o(.text)
    RCC_LSEConfig                            0x0800290d   Thumb Code    46  stm32f4xx_rcc.o(.text)
    RCC_LSICmd                               0x0800293b   Thumb Code     6  stm32f4xx_rcc.o(.text)
    RCC_PLLConfig                            0x08002941   Thumb Code    32  stm32f4xx_rcc.o(.text)
    RCC_PLLCmd                               0x08002961   Thumb Code     6  stm32f4xx_rcc.o(.text)
    RCC_PLLI2SConfig                         0x08002967   Thumb Code    14  stm32f4xx_rcc.o(.text)
    RCC_PLLI2SCmd                            0x08002975   Thumb Code     6  stm32f4xx_rcc.o(.text)
    RCC_ClockSecuritySystemCmd               0x0800297b   Thumb Code     6  stm32f4xx_rcc.o(.text)
    RCC_MCO1Config                           0x08002981   Thumb Code    28  stm32f4xx_rcc.o(.text)
    RCC_MCO2Config                           0x0800299d   Thumb Code    28  stm32f4xx_rcc.o(.text)
    RCC_SYSCLKConfig                         0x080029b9   Thumb Code    20  stm32f4xx_rcc.o(.text)
    RCC_GetSYSCLKSource                      0x080029cd   Thumb Code    12  stm32f4xx_rcc.o(.text)
    RCC_HCLKConfig                           0x080029d9   Thumb Code    20  stm32f4xx_rcc.o(.text)
    RCC_PCLK1Config                          0x080029ed   Thumb Code    20  stm32f4xx_rcc.o(.text)
    RCC_PCLK2Config                          0x08002a01   Thumb Code    22  stm32f4xx_rcc.o(.text)
    RCC_GetClocksFreq                        0x08002a17   Thumb Code   222  stm32f4xx_rcc.o(.text)
    RCC_RTCCLKConfig                         0x08002af5   Thumb Code    54  stm32f4xx_rcc.o(.text)
    RCC_RTCCLKCmd                            0x08002b2b   Thumb Code     8  stm32f4xx_rcc.o(.text)
    RCC_BackupResetCmd                       0x08002b33   Thumb Code     8  stm32f4xx_rcc.o(.text)
    RCC_I2SCLKConfig                         0x08002b3b   Thumb Code     6  stm32f4xx_rcc.o(.text)
    RCC_AHB1PeriphClockCmd                   0x08002b41   Thumb Code    34  stm32f4xx_rcc.o(.text)
    RCC_AHB2PeriphClockCmd                   0x08002b63   Thumb Code    34  stm32f4xx_rcc.o(.text)
    RCC_AHB3PeriphClockCmd                   0x08002b85   Thumb Code    34  stm32f4xx_rcc.o(.text)
    RCC_APB1PeriphClockCmd                   0x08002ba7   Thumb Code    34  stm32f4xx_rcc.o(.text)
    RCC_APB2PeriphClockCmd                   0x08002bc9   Thumb Code    34  stm32f4xx_rcc.o(.text)
    RCC_AHB1PeriphResetCmd                   0x08002beb   Thumb Code    34  stm32f4xx_rcc.o(.text)
    RCC_AHB2PeriphResetCmd                   0x08002c0d   Thumb Code    72  stm32f4xx_rcc.o(.text)
    RCC_AHB3PeriphResetCmd                   0x08002c55   Thumb Code    34  stm32f4xx_rcc.o(.text)
    RCC_APB1PeriphResetCmd                   0x08002c77   Thumb Code    34  stm32f4xx_rcc.o(.text)
    RCC_APB2PeriphResetCmd                   0x08002c99   Thumb Code    34  stm32f4xx_rcc.o(.text)
    RCC_AHB1PeriphClockLPModeCmd             0x08002cbb   Thumb Code    34  stm32f4xx_rcc.o(.text)
    RCC_AHB2PeriphClockLPModeCmd             0x08002cdd   Thumb Code    34  stm32f4xx_rcc.o(.text)
    RCC_AHB3PeriphClockLPModeCmd             0x08002cff   Thumb Code    34  stm32f4xx_rcc.o(.text)
    RCC_APB1PeriphClockLPModeCmd             0x08002d21   Thumb Code    34  stm32f4xx_rcc.o(.text)
    RCC_APB2PeriphClockLPModeCmd             0x08002d43   Thumb Code    34  stm32f4xx_rcc.o(.text)
    RCC_ITConfig                             0x08002d65   Thumb Code    34  stm32f4xx_rcc.o(.text)
    RCC_ClearFlag                            0x08002d87   Thumb Code    18  stm32f4xx_rcc.o(.text)
    RCC_GetITStatus                          0x08002d99   Thumb Code    22  stm32f4xx_rcc.o(.text)
    RCC_ClearITPendingBit                    0x08002daf   Thumb Code     8  stm32f4xx_rcc.o(.text)
    SYSCFG_DeInit                            0x08002dbd   Thumb Code    22  stm32f4xx_syscfg.o(.text)
    SYSCFG_MemoryRemapConfig                 0x08002dd3   Thumb Code     6  stm32f4xx_syscfg.o(.text)
    SYSCFG_EXTILineConfig                    0x08002dd9   Thumb Code    66  stm32f4xx_syscfg.o(.text)
    SYSCFG_ETH_MediaInterfaceConfig          0x08002e1b   Thumb Code     6  stm32f4xx_syscfg.o(.text)
    SYSCFG_CompensationCellCmd               0x08002e21   Thumb Code     6  stm32f4xx_syscfg.o(.text)
    SYSCFG_GetCompensationCellStatus         0x08002e27   Thumb Code    22  stm32f4xx_syscfg.o(.text)
    TIM_DeInit                               0x08002e49   Thumb Code   346  stm32f4xx_tim.o(.text)
    TIM_TimeBaseInit                         0x08002fa3   Thumb Code   104  stm32f4xx_tim.o(.text)
    TIM_TimeBaseStructInit                   0x0800300b   Thumb Code    18  stm32f4xx_tim.o(.text)
    TIM_PrescalerConfig                      0x0800301d   Thumb Code     6  stm32f4xx_tim.o(.text)
    TIM_CounterModeConfig                    0x08003023   Thumb Code    18  stm32f4xx_tim.o(.text)
    TIM_SetCounter                           0x08003035   Thumb Code     4  stm32f4xx_tim.o(.text)
    TIM_SetAutoreload                        0x08003039   Thumb Code     4  stm32f4xx_tim.o(.text)
    TIM_GetCounter                           0x0800303d   Thumb Code     6  stm32f4xx_tim.o(.text)
    TIM_GetPrescaler                         0x08003043   Thumb Code     6  stm32f4xx_tim.o(.text)
    TIM_UpdateDisableConfig                  0x08003049   Thumb Code    24  stm32f4xx_tim.o(.text)
    TIM_UpdateRequestConfig                  0x08003061   Thumb Code    24  stm32f4xx_tim.o(.text)
    TIM_ARRPreloadConfig                     0x08003079   Thumb Code    24  stm32f4xx_tim.o(.text)
    TIM_SelectOnePulseMode                   0x08003091   Thumb Code    18  stm32f4xx_tim.o(.text)
    TIM_SetClockDivision                     0x080030a3   Thumb Code    18  stm32f4xx_tim.o(.text)
    TIM_Cmd                                  0x080030b5   Thumb Code    24  stm32f4xx_tim.o(.text)
    TIM_OC1Init                              0x080030cd   Thumb Code   114  stm32f4xx_tim.o(.text)
    TIM_OC2Init                              0x0800313f   Thumb Code   154  stm32f4xx_tim.o(.text)
    TIM_OC3Init                              0x080031d9   Thumb Code   204  stm32f4xx_tim.o(.text)
    TIM_OC4Init                              0x080032a5   Thumb Code   112  stm32f4xx_tim.o(.text)
    TIM_OCStructInit                         0x08003315   Thumb Code    20  stm32f4xx_tim.o(.text)
    TIM_SelectOCxM                           0x08003329   Thumb Code    86  stm32f4xx_tim.o(.text)
    TIM_SetCompare1                          0x0800337f   Thumb Code     4  stm32f4xx_tim.o(.text)
    TIM_SetCompare2                          0x08003383   Thumb Code     4  stm32f4xx_tim.o(.text)
    TIM_SetCompare3                          0x08003387   Thumb Code     4  stm32f4xx_tim.o(.text)
    TIM_SetCompare4                          0x0800338b   Thumb Code     4  stm32f4xx_tim.o(.text)
    TIM_ForcedOC1Config                      0x0800338f   Thumb Code    18  stm32f4xx_tim.o(.text)
    TIM_ForcedOC2Config                      0x080033a1   Thumb Code    26  stm32f4xx_tim.o(.text)
    TIM_ForcedOC3Config                      0x080033bb   Thumb Code    18  stm32f4xx_tim.o(.text)
    TIM_ForcedOC4Config                      0x080033cd   Thumb Code    26  stm32f4xx_tim.o(.text)
    TIM_OC1PreloadConfig                     0x080033e7   Thumb Code    18  stm32f4xx_tim.o(.text)
    TIM_OC2PreloadConfig                     0x080033f9   Thumb Code    26  stm32f4xx_tim.o(.text)
    TIM_OC3PreloadConfig                     0x08003413   Thumb Code    18  stm32f4xx_tim.o(.text)
    TIM_OC4PreloadConfig                     0x08003425   Thumb Code    26  stm32f4xx_tim.o(.text)
    TIM_OC1FastConfig                        0x0800343f   Thumb Code    18  stm32f4xx_tim.o(.text)
    TIM_OC2FastConfig                        0x08003451   Thumb Code    26  stm32f4xx_tim.o(.text)
    TIM_OC3FastConfig                        0x0800346b   Thumb Code    18  stm32f4xx_tim.o(.text)
    TIM_OC4FastConfig                        0x0800347d   Thumb Code    26  stm32f4xx_tim.o(.text)
    TIM_ClearOC1Ref                          0x08003497   Thumb Code    18  stm32f4xx_tim.o(.text)
    TIM_ClearOC2Ref                          0x080034a9   Thumb Code    24  stm32f4xx_tim.o(.text)
    TIM_ClearOC3Ref                          0x080034c1   Thumb Code    18  stm32f4xx_tim.o(.text)
    TIM_ClearOC4Ref                          0x080034d3   Thumb Code    24  stm32f4xx_tim.o(.text)
    TIM_OC1PolarityConfig                    0x080034eb   Thumb Code    18  stm32f4xx_tim.o(.text)
    TIM_OC1NPolarityConfig                   0x080034fd   Thumb Code    18  stm32f4xx_tim.o(.text)
    TIM_OC2PolarityConfig                    0x0800350f   Thumb Code    26  stm32f4xx_tim.o(.text)
    TIM_OC2NPolarityConfig                   0x08003529   Thumb Code    26  stm32f4xx_tim.o(.text)
    TIM_OC3PolarityConfig                    0x08003543   Thumb Code    26  stm32f4xx_tim.o(.text)
    TIM_OC3NPolarityConfig                   0x0800355d   Thumb Code    26  stm32f4xx_tim.o(.text)
    TIM_OC4PolarityConfig                    0x08003577   Thumb Code    26  stm32f4xx_tim.o(.text)
    TIM_CCxCmd                               0x08003591   Thumb Code    30  stm32f4xx_tim.o(.text)
    TIM_CCxNCmd                              0x080035af   Thumb Code    30  stm32f4xx_tim.o(.text)
    TIM_SetIC4Prescaler                      0x080035cd   Thumb Code    26  stm32f4xx_tim.o(.text)
    TIM_SetIC3Prescaler                      0x08003637   Thumb Code    18  stm32f4xx_tim.o(.text)
    TIM_SetIC2Prescaler                      0x08003691   Thumb Code    26  stm32f4xx_tim.o(.text)
    TIM_SetIC1Prescaler                      0x08003705   Thumb Code    18  stm32f4xx_tim.o(.text)
    TIM_ICInit                               0x08003751   Thumb Code   110  stm32f4xx_tim.o(.text)
    TIM_ICStructInit                         0x080037bf   Thumb Code    18  stm32f4xx_tim.o(.text)
    TIM_PWMIConfig                           0x080037d1   Thumb Code   124  stm32f4xx_tim.o(.text)
    TIM_GetCapture1                          0x0800384d   Thumb Code     6  stm32f4xx_tim.o(.text)
    TIM_GetCapture2                          0x08003853   Thumb Code     6  stm32f4xx_tim.o(.text)
    TIM_GetCapture3                          0x08003859   Thumb Code     6  stm32f4xx_tim.o(.text)
    TIM_GetCapture4                          0x0800385f   Thumb Code     6  stm32f4xx_tim.o(.text)
    TIM_BDTRConfig                           0x08003865   Thumb Code    32  stm32f4xx_tim.o(.text)
    TIM_BDTRStructInit                       0x08003885   Thumb Code    18  stm32f4xx_tim.o(.text)
    TIM_CtrlPWMOutputs                       0x08003897   Thumb Code    30  stm32f4xx_tim.o(.text)
    TIM_SelectCOM                            0x080038b5   Thumb Code    24  stm32f4xx_tim.o(.text)
    TIM_CCPreloadControl                     0x080038cd   Thumb Code    24  stm32f4xx_tim.o(.text)
    TIM_ITConfig                             0x080038e5   Thumb Code    18  stm32f4xx_tim.o(.text)
    TIM_GenerateEvent                        0x080038f7   Thumb Code     4  stm32f4xx_tim.o(.text)
    TIM_GetFlagStatus                        0x080038fb   Thumb Code    18  stm32f4xx_tim.o(.text)
    TIM_ClearFlag                            0x0800390d   Thumb Code     6  stm32f4xx_tim.o(.text)
    TIM_GetITStatus                          0x08003913   Thumb Code    34  stm32f4xx_tim.o(.text)
    TIM_ClearITPendingBit                    0x08003935   Thumb Code     6  stm32f4xx_tim.o(.text)
    TIM_DMAConfig                            0x0800393b   Thumb Code    10  stm32f4xx_tim.o(.text)
    TIM_DMACmd                               0x08003945   Thumb Code    18  stm32f4xx_tim.o(.text)
    TIM_SelectCCDMA                          0x08003957   Thumb Code    24  stm32f4xx_tim.o(.text)
    TIM_InternalClockConfig                  0x0800396f   Thumb Code    12  stm32f4xx_tim.o(.text)
    TIM_SelectInputTrigger                   0x0800397b   Thumb Code    18  stm32f4xx_tim.o(.text)
    TIM_ITRxExternalClockConfig              0x0800398d   Thumb Code    24  stm32f4xx_tim.o(.text)
    TIM_TIxExternalClockConfig               0x080039a5   Thumb Code    62  stm32f4xx_tim.o(.text)
    TIM_ETRConfig                            0x080039e3   Thumb Code    28  stm32f4xx_tim.o(.text)
    TIM_ETRClockMode1Config                  0x080039ff   Thumb Code    54  stm32f4xx_tim.o(.text)
    TIM_ETRClockMode2Config                  0x08003a35   Thumb Code    32  stm32f4xx_tim.o(.text)
    TIM_SelectOutputTrigger                  0x08003a55   Thumb Code    18  stm32f4xx_tim.o(.text)
    TIM_SelectSlaveMode                      0x08003a67   Thumb Code    18  stm32f4xx_tim.o(.text)
    TIM_SelectMasterSlaveMode                0x08003a79   Thumb Code    18  stm32f4xx_tim.o(.text)
    TIM_EncoderInterfaceConfig               0x08003a8b   Thumb Code    66  stm32f4xx_tim.o(.text)
    TIM_SelectHallSensor                     0x08003acd   Thumb Code    24  stm32f4xx_tim.o(.text)
    TIM_RemapConfig                          0x08003ae5   Thumb Code     6  stm32f4xx_tim.o(.text)
    USART_DeInit                             0x08003aed   Thumb Code   156  stm32f4xx_usart.o(.text)
    USART_Init                               0x08003b89   Thumb Code   204  stm32f4xx_usart.o(.text)
    USART_StructInit                         0x08003c55   Thumb Code    24  stm32f4xx_usart.o(.text)
    USART_ClockInit                          0x08003c6d   Thumb Code    32  stm32f4xx_usart.o(.text)
    USART_ClockStructInit                    0x08003c8d   Thumb Code    12  stm32f4xx_usart.o(.text)
    USART_Cmd                                0x08003c99   Thumb Code    24  stm32f4xx_usart.o(.text)
    USART_SetPrescaler                       0x08003cb1   Thumb Code    16  stm32f4xx_usart.o(.text)
    USART_OverSampling8Cmd                   0x08003cc1   Thumb Code    22  stm32f4xx_usart.o(.text)
    USART_OneBitMethodCmd                    0x08003cd7   Thumb Code    24  stm32f4xx_usart.o(.text)
    USART_SendData                           0x08003cef   Thumb Code     8  stm32f4xx_usart.o(.text)
    USART_ReceiveData                        0x08003cf7   Thumb Code    10  stm32f4xx_usart.o(.text)
    USART_SetAddress                         0x08003d01   Thumb Code    18  stm32f4xx_usart.o(.text)
    USART_ReceiverWakeUpCmd                  0x08003d13   Thumb Code    24  stm32f4xx_usart.o(.text)
    USART_WakeUpConfig                       0x08003d2b   Thumb Code    18  stm32f4xx_usart.o(.text)
    USART_LINBreakDetectLengthConfig         0x08003d3d   Thumb Code    18  stm32f4xx_usart.o(.text)
    USART_LINCmd                             0x08003d4f   Thumb Code    24  stm32f4xx_usart.o(.text)
    USART_SendBreak                          0x08003d67   Thumb Code    10  stm32f4xx_usart.o(.text)
    USART_HalfDuplexCmd                      0x08003d71   Thumb Code    24  stm32f4xx_usart.o(.text)
    USART_SetGuardTime                       0x08003d89   Thumb Code    16  stm32f4xx_usart.o(.text)
    USART_SmartCardCmd                       0x08003d99   Thumb Code    24  stm32f4xx_usart.o(.text)
    USART_SmartCardNACKCmd                   0x08003db1   Thumb Code    24  stm32f4xx_usart.o(.text)
    USART_IrDAConfig                         0x08003dc9   Thumb Code    18  stm32f4xx_usart.o(.text)
    USART_IrDACmd                            0x08003ddb   Thumb Code    24  stm32f4xx_usart.o(.text)
    USART_DMACmd                             0x08003df3   Thumb Code    18  stm32f4xx_usart.o(.text)
    USART_ITConfig                           0x08003e05   Thumb Code    74  stm32f4xx_usart.o(.text)
    USART_GetFlagStatus                      0x08003e4f   Thumb Code    26  stm32f4xx_usart.o(.text)
    USART_ClearFlag                          0x08003e69   Thumb Code    18  stm32f4xx_usart.o(.text)
    USART_GetITStatus                        0x08003e7b   Thumb Code   110  stm32f4xx_usart.o(.text)
    USART_ClearITPendingBit                  0x08003ee9   Thumb Code    30  stm32f4xx_usart.o(.text)
    SystemInit                               0x08003fe5   Thumb Code    88  system_stm32f4xx.o(.text)
    SystemCoreClockUpdate                    0x0800403d   Thumb Code   174  system_stm32f4xx.o(.text)
    Reset_Handler                            0x08004119   Thumb Code     8  startup_stm32f427xx.o(.text)
    SysTick_Handler                          0x08004131   Thumb Code     2  startup_stm32f427xx.o(.text)
    ADC_IRQHandler                           0x08004133   Thumb Code     0  startup_stm32f427xx.o(.text)
    CAN1_RX1_IRQHandler                      0x08004133   Thumb Code     0  startup_stm32f427xx.o(.text)
    CAN1_SCE_IRQHandler                      0x08004133   Thumb Code     0  startup_stm32f427xx.o(.text)
    CAN2_RX1_IRQHandler                      0x08004133   Thumb Code     0  startup_stm32f427xx.o(.text)
    CAN2_SCE_IRQHandler                      0x08004133   Thumb Code     0  startup_stm32f427xx.o(.text)
    DCMI_IRQHandler                          0x08004133   Thumb Code     0  startup_stm32f427xx.o(.text)
    DMA1_Stream0_IRQHandler                  0x08004133   Thumb Code     0  startup_stm32f427xx.o(.text)
    DMA1_Stream1_IRQHandler                  0x08004133   Thumb Code     0  startup_stm32f427xx.o(.text)
    DMA1_Stream2_IRQHandler                  0x08004133   Thumb Code     0  startup_stm32f427xx.o(.text)
    DMA1_Stream3_IRQHandler                  0x08004133   Thumb Code     0  startup_stm32f427xx.o(.text)
    DMA1_Stream4_IRQHandler                  0x08004133   Thumb Code     0  startup_stm32f427xx.o(.text)
    DMA1_Stream5_IRQHandler                  0x08004133   Thumb Code     0  startup_stm32f427xx.o(.text)
    DMA1_Stream6_IRQHandler                  0x08004133   Thumb Code     0  startup_stm32f427xx.o(.text)
    DMA1_Stream7_IRQHandler                  0x08004133   Thumb Code     0  startup_stm32f427xx.o(.text)
    DMA2D_IRQHandler                         0x08004133   Thumb Code     0  startup_stm32f427xx.o(.text)
    DMA2_Stream0_IRQHandler                  0x08004133   Thumb Code     0  startup_stm32f427xx.o(.text)
    DMA2_Stream1_IRQHandler                  0x08004133   Thumb Code     0  startup_stm32f427xx.o(.text)
    DMA2_Stream2_IRQHandler                  0x08004133   Thumb Code     0  startup_stm32f427xx.o(.text)
    DMA2_Stream3_IRQHandler                  0x08004133   Thumb Code     0  startup_stm32f427xx.o(.text)
    DMA2_Stream4_IRQHandler                  0x08004133   Thumb Code     0  startup_stm32f427xx.o(.text)
    DMA2_Stream5_IRQHandler                  0x08004133   Thumb Code     0  startup_stm32f427xx.o(.text)
    DMA2_Stream6_IRQHandler                  0x08004133   Thumb Code     0  startup_stm32f427xx.o(.text)
    DMA2_Stream7_IRQHandler                  0x08004133   Thumb Code     0  startup_stm32f427xx.o(.text)
    ETH_IRQHandler                           0x08004133   Thumb Code     0  startup_stm32f427xx.o(.text)
    ETH_WKUP_IRQHandler                      0x08004133   Thumb Code     0  startup_stm32f427xx.o(.text)
    EXTI15_10_IRQHandler                     0x08004133   Thumb Code     0  startup_stm32f427xx.o(.text)
    EXTI2_IRQHandler                         0x08004133   Thumb Code     0  startup_stm32f427xx.o(.text)
    EXTI3_IRQHandler                         0x08004133   Thumb Code     0  startup_stm32f427xx.o(.text)
    EXTI9_5_IRQHandler                       0x08004133   Thumb Code     0  startup_stm32f427xx.o(.text)
    FLASH_IRQHandler                         0x08004133   Thumb Code     0  startup_stm32f427xx.o(.text)
    FMC_IRQHandler                           0x08004133   Thumb Code     0  startup_stm32f427xx.o(.text)
    FPU_IRQHandler                           0x08004133   Thumb Code     0  startup_stm32f427xx.o(.text)
    HASH_RNG_IRQHandler                      0x08004133   Thumb Code     0  startup_stm32f427xx.o(.text)
    I2C1_ER_IRQHandler                       0x08004133   Thumb Code     0  startup_stm32f427xx.o(.text)
    I2C1_EV_IRQHandler                       0x08004133   Thumb Code     0  startup_stm32f427xx.o(.text)
    I2C2_ER_IRQHandler                       0x08004133   Thumb Code     0  startup_stm32f427xx.o(.text)
    I2C2_EV_IRQHandler                       0x08004133   Thumb Code     0  startup_stm32f427xx.o(.text)
    I2C3_ER_IRQHandler                       0x08004133   Thumb Code     0  startup_stm32f427xx.o(.text)
    I2C3_EV_IRQHandler                       0x08004133   Thumb Code     0  startup_stm32f427xx.o(.text)
    OTG_FS_IRQHandler                        0x08004133   Thumb Code     0  startup_stm32f427xx.o(.text)
    OTG_FS_WKUP_IRQHandler                   0x08004133   Thumb Code     0  startup_stm32f427xx.o(.text)
    OTG_HS_EP1_IN_IRQHandler                 0x08004133   Thumb Code     0  startup_stm32f427xx.o(.text)
    OTG_HS_EP1_OUT_IRQHandler                0x08004133   Thumb Code     0  startup_stm32f427xx.o(.text)
    OTG_HS_IRQHandler                        0x08004133   Thumb Code     0  startup_stm32f427xx.o(.text)
    OTG_HS_WKUP_IRQHandler                   0x08004133   Thumb Code     0  startup_stm32f427xx.o(.text)
    PVD_IRQHandler                           0x08004133   Thumb Code     0  startup_stm32f427xx.o(.text)
    RCC_IRQHandler                           0x08004133   Thumb Code     0  startup_stm32f427xx.o(.text)
    RTC_Alarm_IRQHandler                     0x08004133   Thumb Code     0  startup_stm32f427xx.o(.text)
    RTC_WKUP_IRQHandler                      0x08004133   Thumb Code     0  startup_stm32f427xx.o(.text)
    SAI1_IRQHandler                          0x08004133   Thumb Code     0  startup_stm32f427xx.o(.text)
    SDIO_IRQHandler                          0x08004133   Thumb Code     0  startup_stm32f427xx.o(.text)
    SPI1_IRQHandler                          0x08004133   Thumb Code     0  startup_stm32f427xx.o(.text)
    SPI2_IRQHandler                          0x08004133   Thumb Code     0  startup_stm32f427xx.o(.text)
    SPI3_IRQHandler                          0x08004133   Thumb Code     0  startup_stm32f427xx.o(.text)
    SPI4_IRQHandler                          0x08004133   Thumb Code     0  startup_stm32f427xx.o(.text)
    SPI5_IRQHandler                          0x08004133   Thumb Code     0  startup_stm32f427xx.o(.text)
    SPI6_IRQHandler                          0x08004133   Thumb Code     0  startup_stm32f427xx.o(.text)
    TAMP_STAMP_IRQHandler                    0x08004133   Thumb Code     0  startup_stm32f427xx.o(.text)
    TIM1_BRK_TIM9_IRQHandler                 0x08004133   Thumb Code     0  startup_stm32f427xx.o(.text)
    TIM1_CC_IRQHandler                       0x08004133   Thumb Code     0  startup_stm32f427xx.o(.text)
    TIM1_TRG_COM_TIM11_IRQHandler            0x08004133   Thumb Code     0  startup_stm32f427xx.o(.text)
    TIM1_UP_TIM10_IRQHandler                 0x08004133   Thumb Code     0  startup_stm32f427xx.o(.text)
    TIM3_IRQHandler                          0x08004133   Thumb Code     0  startup_stm32f427xx.o(.text)
    TIM4_IRQHandler                          0x08004133   Thumb Code     0  startup_stm32f427xx.o(.text)
    TIM5_IRQHandler                          0x08004133   Thumb Code     0  startup_stm32f427xx.o(.text)
    TIM7_IRQHandler                          0x08004133   Thumb Code     0  startup_stm32f427xx.o(.text)
    TIM8_BRK_TIM12_IRQHandler                0x08004133   Thumb Code     0  startup_stm32f427xx.o(.text)
    TIM8_CC_IRQHandler                       0x08004133   Thumb Code     0  startup_stm32f427xx.o(.text)
    TIM8_TRG_COM_TIM14_IRQHandler            0x08004133   Thumb Code     0  startup_stm32f427xx.o(.text)
    TIM8_UP_TIM13_IRQHandler                 0x08004133   Thumb Code     0  startup_stm32f427xx.o(.text)
    UART4_IRQHandler                         0x08004133   Thumb Code     0  startup_stm32f427xx.o(.text)
    UART5_IRQHandler                         0x08004133   Thumb Code     0  startup_stm32f427xx.o(.text)
    UART7_IRQHandler                         0x08004133   Thumb Code     0  startup_stm32f427xx.o(.text)
    UART8_IRQHandler                         0x08004133   Thumb Code     0  startup_stm32f427xx.o(.text)
    USART2_IRQHandler                        0x08004133   Thumb Code     0  startup_stm32f427xx.o(.text)
    USART6_IRQHandler                        0x08004133   Thumb Code     0  startup_stm32f427xx.o(.text)
    WWDG_IRQHandler                          0x08004133   Thumb Code     0  startup_stm32f427xx.o(.text)
    invSqrt                                  0x0800413d   Thumb Code    56  imu.o(.text)
    Init_Quaternion                          0x08004175   Thumb Code   664  imu.o(.text)
    IMU_getValues                            0x0800440d   Thumb Code   196  imu.o(.text)
    IMU_AHRSupdate                           0x080044d1   Thumb Code  2034  imu.o(.text)
    IMU_getQ                                 0x08004cc3   Thumb Code    56  imu.o(.text)
    IMU_getYawPitchRoll                      0x08004cfb   Thumb Code   648  imu.o(.text)
    GetPitchYawGxGyGz                        0x08004f83   Thumb Code   204  imu.o(.text)
    IIC_Delay                                0x08005081   Thumb Code    26  mpu6050_i2c.o(.text)
    HEAT_Configuration                       0x0800509b   Thumb Code    50  mpu6050_i2c.o(.text)
    IIC_GPIO_Init                            0x080050cd   Thumb Code    40  mpu6050_i2c.o(.text)
    IIC_SDA_Out                              0x080050f5   Thumb Code    30  mpu6050_i2c.o(.text)
    IIC_SDA_In                               0x08005113   Thumb Code    36  mpu6050_i2c.o(.text)
    IIC_Start                                0x08005137   Thumb Code    52  mpu6050_i2c.o(.text)
    IIC_Stop                                 0x0800516b   Thumb Code    52  mpu6050_i2c.o(.text)
    IIC_Ack                                  0x0800519f   Thumb Code    58  mpu6050_i2c.o(.text)
    IIC_WaitAck                              0x080051d9   Thumb Code    80  mpu6050_i2c.o(.text)
    IIC_WriteBit                             0x08005229   Thumb Code    86  mpu6050_i2c.o(.text)
    IIC_ReadBit                              0x0800527f   Thumb Code    78  mpu6050_i2c.o(.text)
    IIC_WriteData                            0x080052cd   Thumb Code    68  mpu6050_i2c.o(.text)
    IIC_ReadData                             0x08005311   Thumb Code   122  mpu6050_i2c.o(.text)
    MPU6050_ReadData                         0x08005395   Thumb Code    36  mpu6050_driver.o(.text)
    HMC5883_Init                             0x080053b9   Thumb Code   104  mpu6050_driver.o(.text)
    MPU6050_Init                             0x08005421   Thumb Code   178  mpu6050_driver.o(.text)
    MPU6050_EnableInt                        0x080054d3   Thumb Code    44  mpu6050_driver.o(.text)
    MPU6050_Initialize                       0x080054ff   Thumb Code    20  mpu6050_driver.o(.text)
    MPU6050_DataSave                         0x08005513   Thumb Code   494  mpu6050_driver.o(.text)
    HMC58X3_ReadData                         0x08005701   Thumb Code    18  mpu6050_driver.o(.text)
    MPU6050_getMotion6                       0x08005713   Thumb Code   354  mpu6050_driver.o(.text)
    MPU6050_getlastMotion6                   0x08005875   Thumb Code    76  mpu6050_driver.o(.text)
    HMC58X3_newValues                        0x080058c1   Thumb Code   334  mpu6050_driver.o(.text)
    HMC58X3_getRaw                           0x08005a0f   Thumb Code    90  mpu6050_driver.o(.text)
    HMC58X3_getlastValues                    0x08005a69   Thumb Code    22  mpu6050_driver.o(.text)
    HMC58X3_mgetValues                       0x08005a7f   Thumb Code   214  mpu6050_driver.o(.text)
    MPU6050_IntConfiguration                 0x08005b55   Thumb Code   124  mpu6050_interrupt.o(.text)
    EXTI4_IRQHandler                         0x08005bd1   Thumb Code    46  mpu6050_interrupt.o(.text)
    Is_AppParam_Calied                       0x08005c09   Thumb Code     6  iotask.o(.text)
    AppParamInit                             0x08005c23   Thumb Code   276  iotask.o(.text)
    SetGimbalCaliData                        0x08005d37   Thumb Code    24  iotask.o(.text)
    SetGyroCaliData                          0x08005d4f   Thumb Code    28  iotask.o(.text)
    SetAccCaliData                           0x08005d6b   Thumb Code    24  iotask.o(.text)
    SetMagCaliData                           0x08005d83   Thumb Code    24  iotask.o(.text)
    SetPIDCaliData                           0x08005d9b   Thumb Code   280  iotask.o(.text)
    GetGimbalCaliData                        0x08005eb3   Thumb Code    16  iotask.o(.text)
    GetGyroCaliData                          0x08005ec3   Thumb Code    20  iotask.o(.text)
    GetAccCaliData                           0x08005ed7   Thumb Code    20  iotask.o(.text)
    GetMagCaliData                           0x08005eeb   Thumb Code    20  iotask.o(.text)
    IsGimbalCalied                           0x08005eff   Thumb Code    16  iotask.o(.text)
    IsGyroCalied                             0x08005f0f   Thumb Code    16  iotask.o(.text)
    IsAccCalied                              0x08005f1f   Thumb Code    18  iotask.o(.text)
    IsMagCalied                              0x08005f31   Thumb Code    18  iotask.o(.text)
    SetCaliCmdFlag                           0x08005f43   Thumb Code    12  iotask.o(.text)
    ResetCaliCmdFlag                         0x08005f4f   Thumb Code    12  iotask.o(.text)
    ResetManualCaliCmdFlag                   0x08005f5b   Thumb Code     8  iotask.o(.text)
    GetCaliCmdFlagGrp                        0x08005f63   Thumb Code     6  iotask.o(.text)
    ManualGetCaliCmdFlagGrp                  0x08005f69   Thumb Code     6  iotask.o(.text)
    IsCaliCmdFlagSet                         0x08005f6f   Thumb Code    18  iotask.o(.text)
    Sensor_Offset_Param_Init                 0x08005f81   Thumb Code   168  iotask.o(.text)
    MagEndCaliProcess                        0x08006029   Thumb Code   138  iotask.o(.text)
    MagStartCaliProcess                      0x080060b3   Thumb Code    26  iotask.o(.text)
    GimbalCaliProcess                        0x080060cd   Thumb Code   134  iotask.o(.text)
    GyroCaliProcess                          0x08006153   Thumb Code   202  iotask.o(.text)
    CalibrateLoop                            0x0800621d   Thumb Code   234  iotask.o(.text)
    PIDCaliProcess                           0x08006307   Thumb Code    22  iotask.o(.text)
    UploadParameter                          0x0800631d   Thumb Code   618  iotask.o(.text)
    ManualSetGimbal                          0x08006587   Thumb Code   108  iotask.o(.text)
    ManualSetGyro                            0x080065f3   Thumb Code    14  iotask.o(.text)
    ManualCali                               0x08006601   Thumb Code    32  iotask.o(.text)
    ManualSetMag                             0x08006621   Thumb Code    62  iotask.o(.text)
    GetWorkState                             0x080066bf   Thumb Code     6  controltask.o(.text)
    CMControlLoop                            0x080066c5   Thumb Code   810  controltask.o(.text)
    Hero_reload                              0x080069ef   Thumb Code   366  controltask.o(.text)
    ShooterMControlLoop                      0x08006b5d   Thumb Code    78  controltask.o(.text)
    SetGimbalMotorOutput                     0x08006bab   Thumb Code    78  controltask.o(.text)
    GMYawControlLoop                         0x08006bf9   Thumb Code   164  controltask.o(.text)
    GMPitchControlLoop                       0x08006c9d   Thumb Code   196  controltask.o(.text)
    GimbalYawControlModeSwitch               0x08006d61   Thumb Code   298  controltask.o(.text)
    ControtLoopTaskInit                      0x08006e8b   Thumb Code   390  controltask.o(.text)
    WorkStateFSM                             0x0800702f   Thumb Code   284  controltask.o(.text)
    Control_Task                             0x0800714b   Thumb Code    94  controltask.o(.text)
    GetRemoteSwitchAction                    0x080071dd   Thumb Code   120  remotetask.o(.text)
    IsRemoteBeingAction                      0x08007255   Thumb Code   238  remotetask.o(.text)
    SetInputMode                             0x08007343   Thumb Code    36  remotetask.o(.text)
    GetInputMode                             0x08007367   Thumb Code     6  remotetask.o(.text)
    SetShootState                            0x0800736d   Thumb Code     6  remotetask.o(.text)
    RemoteShootControl                       0x08007373   Thumb Code   264  remotetask.o(.text)
    MouseShootControl                        0x0800747b   Thumb Code   288  remotetask.o(.text)
    HeroRemoteControlProcess                 0x0800759b   Thumb Code    80  remotetask.o(.text)
    GimbalAngleLimit                         0x080075eb   Thumb Code   226  remotetask.o(.text)
    MouseKeyControlProcess                   0x080076cd   Thumb Code   446  remotetask.o(.text)
    RemoteControlProcess                     0x0800788b   Thumb Code   230  remotetask.o(.text)
    RemoteDataPrcess                         0x08007971   Thumb Code   262  remotetask.o(.text)
    GetShootState                            0x08007a77   Thumb Code     6  remotetask.o(.text)
    GetFrictionState                         0x08007a7d   Thumb Code     6  remotetask.o(.text)
    SetFrictionState                         0x08007a83   Thumb Code     6  remotetask.o(.text)
    RemoteTaskInit                           0x08007a89   Thumb Code    78  remotetask.o(.text)
    GetEncoderBias                           0x08007afd   Thumb Code    26  canbustask.o(.text)
    EncoderProcess                           0x08007b17   Thumb Code   202  canbustask.o(.text)
    Can1ReceiveMsgProcess                    0x08007be1   Thumb Code   594  canbustask.o(.text)
    Can2ReceiveMsgProcess                    0x08007e33   Thumb Code   306  canbustask.o(.text)
    Set_CM_Speed                             0x08007f65   Thumb Code    92  canbustask.o(.text)
    Set_Gimbal_Current                       0x08007fc1   Thumb Code    82  canbustask.o(.text)
    Set_ShootMotor_Speed                     0x08008013   Thumb Code    84  canbustask.o(.text)
    LED_TOGGLE                               0x08008069   Thumb Code   224  supervisetask.o(.text)
    Get_Lost_Error                           0x08008149   Thumb Code    10  supervisetask.o(.text)
    GetLostCounter                           0x08008153   Thumb Code    18  supervisetask.o(.text)
    SuperviseTask                            0x08008165   Thumb Code   426  supervisetask.o(.text)
    Set_Error_Flag                           0x0800830f   Thumb Code     2  supervisetask.o(.text)
    Is_Lost_Error_Set                        0x08008311   Thumb Code    22  supervisetask.o(.text)
    Is_Serious_Error                         0x08008327   Thumb Code     4  supervisetask.o(.text)
    FrameUnpack                              0x080083cd   Thumb Code   234  protocal_parser.o(.text)
    FramePack                                0x080084b7   Thumb Code    50  protocal_parser.o(.text)
    SetFrameLength                           0x080084e9   Thumb Code    10  protocal_parser.o(.text)
    SetFrameCmd                              0x080084f3   Thumb Code    10  protocal_parser.o(.text)
    GetFrameCmd                              0x080084fd   Thumb Code     6  protocal_parser.o(.text)
    GetFrameDataAddress                      0x08008503   Thumb Code     6  protocal_parser.o(.text)
    Version_Send                             0x08008509   Thumb Code    94  protocal_parser.o(.text)
    IMU_Info_Send                            0x08008567   Thumb Code   122  protocal_parser.o(.text)
    Sensor_Info_Send                         0x080085e1   Thumb Code   140  protocal_parser.o(.text)
    Mag_Cali_Info_Send                       0x0800866d   Thumb Code   122  protocal_parser.o(.text)
    Offset_Info_Send                         0x080086e7   Thumb Code   174  protocal_parser.o(.text)
    Cali_Feedback_Info_Send                  0x08008795   Thumb Code    88  protocal_parser.o(.text)
    Robot_Error_Code_Send                    0x080087ed   Thumb Code     2  protocal_parser.o(.text)
    PID_Paremeter_Send                       0x080087ef   Thumb Code   270  protocal_parser.o(.text)
    FIFO_Init                                0x080088fd   Thumb Code    78  fifo.o(.text)
    FIFO_Create                              0x0800894b   Thumb Code    80  fifo.o(.text)
    FIFO_Destory                             0x0800899b   Thumb Code    40  fifo.o(.text)
    FIFO_S_Init                              0x080089c3   Thumb Code    62  fifo.o(.text)
    FIFO_S_Create                            0x08008a01   Thumb Code    60  fifo.o(.text)
    FIFO_S_Destory                           0x08008a3d   Thumb Code    40  fifo.o(.text)
    FIFO_Put                                 0x08008a65   Thumb Code   106  fifo.o(.text)
    FIFO_S_Put                               0x08008acf   Thumb Code    68  fifo.o(.text)
    FIFO_S_Puts                              0x08008b13   Thumb Code    98  fifo.o(.text)
    FIFO_Get                                 0x08008b75   Thumb Code   106  fifo.o(.text)
    FIFO_S_Get                               0x08008bdf   Thumb Code    58  fifo.o(.text)
    FIFO_GetHead                             0x08008c19   Thumb Code   162  fifo.o(.text)
    FIFO_S_GetHead                           0x08008cbb   Thumb Code    76  fifo.o(.text)
    FIFO_PreRead                             0x08008d07   Thumb Code   108  fifo.o(.text)
    FIFO_S_PreRead                           0x08008d73   Thumb Code    48  fifo.o(.text)
    FIFO_IsEmpty                             0x08008da3   Thumb Code    24  fifo.o(.text)
    FIFO_S_IsEmpty                           0x08008dbb   Thumb Code    24  fifo.o(.text)
    FIFO_IsFull                              0x08008dd3   Thumb Code    24  fifo.o(.text)
    FIFO_S_IsFull                            0x08008deb   Thumb Code    24  fifo.o(.text)
    FIFO_CountUsed                           0x08008e03   Thumb Code    16  fifo.o(.text)
    FIFO_S_CountUsed                         0x08008e13   Thumb Code    16  fifo.o(.text)
    FIFO_CountFree                           0x08008e23   Thumb Code    16  fifo.o(.text)
    FIFO_S_CountFree                         0x08008e33   Thumb Code    16  fifo.o(.text)
    FIFO_Flush                               0x08008e43   Thumb Code    50  fifo.o(.text)
    FIFO_S_Flush                             0x08008e75   Thumb Code    44  fifo.o(.text)
    RampInit                                 0x08008ea1   Thumb Code     8  ramp.o(.text)
    RampCalc                                 0x08008ea9   Thumb Code    66  ramp.o(.text)
    RampSetCounter                           0x08008eeb   Thumb Code     4  ramp.o(.text)
    RampResetCounter                         0x08008eef   Thumb Code     6  ramp.o(.text)
    RampSetScale                             0x08008ef5   Thumb Code     4  ramp.o(.text)
    RampIsOverflow                           0x08008ef9   Thumb Code    18  ramp.o(.text)
    LostCounterFeed                          0x08008f11   Thumb Code     8  lostcounter.o(.text)
    LostCounterCount                         0x08008f19   Thumb Code    10  lostcounter.o(.text)
    LostCounterOverflowCheck                 0x08008f23   Thumb Code    14  lostcounter.o(.text)
    PID_Reset                                0x08008f31   Thumb Code    50  pid_regulator.o(.text)
    PID_Calc                                 0x08008f63   Thumb Code   234  pid_regulator.o(.text)
    Get_CRC8_Check_Sum                       0x08009051   Thumb Code    30  mf_crc8.o(.text)
    Verify_CRC8_Check_Sum                    0x0800906f   Thumb Code    46  mf_crc8.o(.text)
    Append_CRC8_Check_Sum                    0x0800909d   Thumb Code    36  mf_crc8.o(.text)
    Get_CRC16_Check_Sum                      0x080090c5   Thumb Code    46  mf_crc16.o(.text)
    Verify_CRC16_Check_Sum                   0x080090f3   Thumb Code    60  mf_crc16.o(.text)
    Append_CRC16_Check_Sum                   0x0800912f   Thumb Code    44  mf_crc16.o(.text)
    __aeabi_memcpy                           0x08009165   Thumb Code    36  memcpya.o(.text)
    __aeabi_memcpy4                          0x08009165   Thumb Code     0  memcpya.o(.text)
    __aeabi_memcpy8                          0x08009165   Thumb Code     0  memcpya.o(.text)
    __aeabi_memset                           0x08009189   Thumb Code    14  memseta.o(.text)
    __aeabi_memset4                          0x08009189   Thumb Code     0  memseta.o(.text)
    __aeabi_memset8                          0x08009189   Thumb Code     0  memseta.o(.text)
    __aeabi_memclr                           0x08009197   Thumb Code     4  memseta.o(.text)
    __aeabi_memclr4                          0x08009197   Thumb Code     0  memseta.o(.text)
    __aeabi_memclr8                          0x08009197   Thumb Code     0  memseta.o(.text)
    _memset$wrapper                          0x0800919b   Thumb Code    18  memseta.o(.text)
    __aeabi_dadd                             0x080091ad   Thumb Code   322  dadd.o(.text)
    __aeabi_dsub                             0x080092ef   Thumb Code     6  dadd.o(.text)
    __aeabi_drsub                            0x080092f5   Thumb Code     6  dadd.o(.text)
    __aeabi_dmul                             0x080092fb   Thumb Code   228  dmul.o(.text)
    __aeabi_ddiv                             0x080093df   Thumb Code   222  ddiv.o(.text)
    __aeabi_i2d                              0x080094bd   Thumb Code    34  dflti.o(.text)
    __aeabi_d2iz                             0x080094df   Thumb Code    62  dfixi.o(.text)
    __aeabi_d2uiz                            0x0800951d   Thumb Code    50  dfixui.o(.text)
    __aeabi_f2d                              0x0800954f   Thumb Code    38  f2d.o(.text)
    __aeabi_cdrcmple                         0x08009575   Thumb Code    48  cdrcmple.o(.text)
    __aeabi_d2f                              0x080095a5   Thumb Code    56  d2f.o(.text)
    __aeabi_llsl                             0x080095dd   Thumb Code    30  llshl.o(.text)
    _ll_shift_l                              0x080095dd   Thumb Code     0  llshl.o(.text)
    __aeabi_llsr                             0x080095fb   Thumb Code    32  llushr.o(.text)
    _ll_ushift_r                             0x080095fb   Thumb Code     0  llushr.o(.text)
    __aeabi_lasr                             0x0800961b   Thumb Code    36  llsshr.o(.text)
    _ll_sshift_r                             0x0800961b   Thumb Code     0  llsshr.o(.text)
    __I$use$fp                               0x0800963f   Thumb Code     0  iusefp.o(.text)
    _float_round                             0x0800963f   Thumb Code    18  fepilogue.o(.text)
    _float_epilogue                          0x08009651   Thumb Code    92  fepilogue.o(.text)
    _double_round                            0x080096ad   Thumb Code    30  depilogue.o(.text)
    _double_epilogue                         0x080096cb   Thumb Code   156  depilogue.o(.text)
    _dsqrt                                   0x08009767   Thumb Code   162  dsqrt.o(.text)
    __scatterload                            0x08009809   Thumb Code    28  init.o(.text)
    __scatterload_rt2                        0x08009809   Thumb Code     0  init.o(.text)
    __decompress                             0x0800982d   Thumb Code     0  __dczerorl2.o(.text)
    __decompress1                            0x0800982d   Thumb Code    86  __dczerorl2.o(.text)
    __ARM_fpclassify                         0x08009883   Thumb Code    48  fpclassify.o(i.__ARM_fpclassify)
    __hardfp_asin                            0x080098b9   Thumb Code   770  asin.o(i.__hardfp_asin)
    __hardfp_atan                            0x08009c19   Thumb Code   622  atan.o(i.__hardfp_atan)
    __hardfp_atan2                           0x08009ef1   Thumb Code   432  atan2.o(i.__hardfp_atan2)
    __hardfp_fabs                            0x0800a0e1   Thumb Code    20  fabs.o(i.__hardfp_fabs)
    __hardfp_sqrt                            0x0800a0f5   Thumb Code   122  sqrt.o(i.__hardfp_sqrt)
    __kernel_poly                            0x0800a16f   Thumb Code   248  poly.o(i.__kernel_poly)
    __mathlib_dbl_infnan                     0x0800a267   Thumb Code    20  dunder.o(i.__mathlib_dbl_infnan)
    __mathlib_dbl_infnan2                    0x0800a27b   Thumb Code    20  dunder.o(i.__mathlib_dbl_infnan2)
    __mathlib_dbl_invalid                    0x0800a291   Thumb Code    24  dunder.o(i.__mathlib_dbl_invalid)
    __mathlib_dbl_underflow                  0x0800a2b1   Thumb Code    24  dunder.o(i.__mathlib_dbl_underflow)
    __scatterload_copy                       0x0800a2d1   Thumb Code    14  handlers.o(i.__scatterload_copy)
    __scatterload_null                       0x0800a2df   Thumb Code     2  handlers.o(i.__scatterload_null)
    __scatterload_zeroinit                   0x0800a2e1   Thumb Code    14  handlers.o(i.__scatterload_zeroinit)
    __set_errno                              0x0800a2f1   Thumb Code     6  errno.o(i.__set_errno)
    atan                                     0x0800a2fd   Thumb Code    16  atan.o(i.atan)
    fabs                                     0x0800a30d   Thumb Code    24  fabs.o(i.fabs)
    free                                     0x0800a325   Thumb Code    76  malloc.o(i.free)
    malloc                                   0x0800a375   Thumb Code    92  malloc.o(i.malloc)
    sqrt                                     0x0800a3e1   Thumb Code   110  sqrt.o(i.sqrt)
    lost_counter_len                         0x0800a450   Data          44  supervisetask.o(.constdata)
    CRC8_INIT                                0x0800a47c   Data           1  mf_crc8.o(.constdata)
    CRC8_TAB                                 0x0800a47d   Data         256  mf_crc8.o(.constdata)
    wCRC_Table                               0x0800a57e   Data         512  mf_crc16.o(.constdata)
    __mathlib_zero                           0x0800a868   Data           8  qnan.o(.constdata)
    Region$$Table$$Base                      0x0800a870   Number         0  anon$$obj.o(Region$$Table)
    Region$$Table$$Limit                     0x0800a890   Number         0  anon$$obj.o(Region$$Table)
    Upload_Speed                             0x20000000   Data           4  main.o(.data)
    power1                                   0x20000004   Data           2  main.o(.data)
    power2                                   0x20000006   Data           2  main.o(.data)
    system_micrsecond                        0x20000008   Data           4  main.o(.data)
    gpio                                     0x2000000c   Data           8  gun.o(.data)
    UART_TranFifo                            0x20000018   Data           4  usart3.o(.data)
    SystemCoreClock                          0x20000030   Data           4  system_stm32f4xx.o(.data)
    AHBPrescTable                            0x20000034   Data          16  system_stm32f4xx.o(.data)
    exInt                                    0x20000044   Data           4  imu.o(.data)
    eyInt                                    0x20000048   Data           4  imu.o(.data)
    ezInt                                    0x2000004c   Data           4  imu.o(.data)
    q0                                       0x20000050   Data           4  imu.o(.data)
    q1                                       0x20000054   Data           4  imu.o(.data)
    q2                                       0x20000058   Data           4  imu.o(.data)
    q3                                       0x2000005c   Data           4  imu.o(.data)
    lastUpdate                               0x20000084   Data           4  imu.o(.data)
    now                                      0x20000088   Data           4  imu.o(.data)
    yaw_temp                                 0x2000008c   Data           4  imu.o(.data)
    pitch_temp                               0x20000090   Data           4  imu.o(.data)
    roll_temp                                0x20000094   Data           4  imu.o(.data)
    last_yaw_temp                            0x20000098   Data           4  imu.o(.data)
    last_pitch_temp                          0x2000009c   Data           4  imu.o(.data)
    last_roll_temp                           0x200000a0   Data           4  imu.o(.data)
    yaw_angle                                0x200000a4   Data           4  imu.o(.data)
    pitch_angle                              0x200000a8   Data           4  imu.o(.data)
    roll_angle                               0x200000ac   Data           4  imu.o(.data)
    HMC5883_lastx                            0x200000b4   Data           4  mpu6050_driver.o(.data)
    HMC5883_lasty                            0x200000b8   Data           4  mpu6050_driver.o(.data)
    HMC5883_lastz                            0x200000bc   Data           4  mpu6050_driver.o(.data)
    MPU6050_Lastax                           0x200000c0   Data           2  mpu6050_driver.o(.data)
    MPU6050_Lastay                           0x200000c2   Data           2  mpu6050_driver.o(.data)
    MPU6050_Lastaz                           0x200000c4   Data           2  mpu6050_driver.o(.data)
    MPU6050_Lastgx                           0x200000c6   Data           2  mpu6050_driver.o(.data)
    MPU6050_Lastgy                           0x200000c8   Data           2  mpu6050_driver.o(.data)
    MPU6050_Lastgz                           0x200000ca   Data           2  mpu6050_driver.o(.data)
    isMPU6050_is_DRY                         0x200000cc   Data           1  mpu6050_interrupt.o(.data)
    PIDCaliData                              0x200000dc   Data           8  iotask.o(.data)
    GimbalSavedCaliData                      0x200000e4   Data           5  iotask.o(.data)
    GyroSavedCaliData                        0x200000e9   Data           7  iotask.o(.data)
    PitchPositionSavedPID                    0x200000f0   Data           8  iotask.o(.data)
    PitchSpeedSavedPID                       0x200000f8   Data           8  iotask.o(.data)
    YawPositionSavedPID                      0x20000100   Data           8  iotask.o(.data)
    YawSpeedSavedPID                         0x20000108   Data           8  iotask.o(.data)
    app_param_calied_flag                    0x20000110   Data           1  iotask.o(.data)
    GMPPositionPID                           0x20000160   Data          80  controltask.o(.data)
    GMPSpeedPID                              0x200001b0   Data          80  controltask.o(.data)
    GMYPositionPID                           0x20000200   Data          80  controltask.o(.data)
    GMYSpeedPID                              0x20000250   Data          80  controltask.o(.data)
    CMRotatePID                              0x200002a0   Data          80  controltask.o(.data)
    CM1SpeedPID                              0x200002f0   Data          80  controltask.o(.data)
    CM2SpeedPID                              0x20000340   Data          80  controltask.o(.data)
    CM3SpeedPID                              0x20000390   Data          80  controltask.o(.data)
    CM4SpeedPID                              0x200003e0   Data          80  controltask.o(.data)
    HeroReloadSpeedPID                       0x20000430   Data          80  controltask.o(.data)
    HeroTrackSpeedPID                        0x20000480   Data          80  controltask.o(.data)
    ShootMotorPositionPID                    0x200004d0   Data          80  controltask.o(.data)
    ShootMotorSpeedPID                       0x20000520   Data          80  controltask.o(.data)
    lastWorkState                            0x20000570   Data           1  controltask.o(.data)
    workState                                0x20000571   Data           1  controltask.o(.data)
    GMPitchRamp                              0x20000574   Data          36  controltask.o(.data)
    GMYawRamp                                0x20000598   Data          36  controltask.o(.data)
    pwm_ccr                                  0x200005bc   Data           2  controltask.o(.data)
    ChassisSpeedRef                          0x200005d0   Data           6  remotetask.o(.data)
    HeroSpeedRef                             0x200005d6   Data           6  remotetask.o(.data)
    friction_wheel_state                     0x200005dc   Data           1  remotetask.o(.data)
    frictionRamp                             0x200005e0   Data          36  remotetask.o(.data)
    LRSpeedRamp                              0x20000604   Data          36  remotetask.o(.data)
    FBSpeedRamp                              0x20000628   Data          36  remotetask.o(.data)
    ZGyroModuleAngle                         0x20000658   Data           4  canbustask.o(.data)
    lost_counter                             0x2000065c   Data          44  supervisetask.o(.data)
    lost_err                                 0x20000688   Data           4  supervisetask.o(.data)
    CRC_INIT                                 0x2000069e   Data           2  mf_crc16.o(.data)
    __microlib_freelist                      0x200006a0   Data           4  mvars.o(.data)
    __microlib_freelist_initialised          0x200006a4   Data           4  mvars.o(.data)
    tim                                      0x200006ac   Data          12  gun.o(.bss)
    oc                                       0x200006b8   Data          20  gun.o(.bss)
    mygetqval                                0x2000090c   Data          36  imu.o(.bss)
    angle                                    0x20000940   Data          12  imu.o(.bss)
    MPU6050_Raw_Data                         0x2000094c   Data          20  mpu6050_driver.o(.bss)
    MPU6050_Real_Data                        0x20000960   Data          40  mpu6050_driver.o(.bss)
    ahrs                                     0x20000988   Data          12  mpu6050_driver.o(.bss)
    mpu_buf                                  0x20000994   Data          20  mpu6050_driver.o(.bss)
    MPU6050_FIFO                             0x200009a8   Data         132  mpu6050_driver.o(.bss)
    HMC5883_FIFO                             0x20000a2c   Data          66  mpu6050_driver.o(.bss)
    MagMaxMinData                            0x20000a6e   Data          12  mpu6050_driver.o(.bss)
    gAppParamStruct                          0x20000a7a   Data          87  iotask.o(.bss)
    AccSavedCaliData                         0x20000ae4   Data          19  iotask.o(.bss)
    MagSavedCaliData                         0x20000af7   Data          19  iotask.o(.bss)
    RC_CtrlData                              0x20000b0c   Data          22  remotetask.o(.bss)
    HeroTrackRef                             0x20000b24   Data          24  remotetask.o(.bss)
    GimbalRef                                0x20000b3c   Data          24  remotetask.o(.bss)
    HeroClawRef                              0x20000b54   Data          24  remotetask.o(.bss)
    CM1Encoder                               0x20000b84   Data          68  canbustask.o(.bss)
    CM2Encoder                               0x20000bc8   Data          68  canbustask.o(.bss)
    CM3Encoder                               0x20000c0c   Data          68  canbustask.o(.bss)
    CM4Encoder                               0x20000c50   Data          68  canbustask.o(.bss)
    GMYawEncoder                             0x20000c94   Data          68  canbustask.o(.bss)
    GMPitchEncoder                           0x20000cd8   Data          68  canbustask.o(.bss)
    ShootMotorEncoder                        0x20000d1c   Data          68  canbustask.o(.bss)
    HeroReloadEncoder                        0x20000d60   Data          68  canbustask.o(.bss)
    HeroTrackEncoder                         0x20000da4   Data          68  canbustask.o(.bss)
    __heap_base                              0x20000ef8   Data           0  startup_stm32f427xx.o(HEAP)
    __heap_limit                             0x20001ef8   Data           0  startup_stm32f427xx.o(HEAP)
    __initial_sp                             0x200022f8   Data           0  startup_stm32f427xx.o(STACK)



==============================================================================

Memory Map of the image

  Image Entry point : 0x080001ad

  Load Region LR_IROM1 (Base: 0x08000000, Size: 0x0000af3c, Max: 0x00200000, ABSOLUTE, COMPRESSED[0x0000a95c])

    Execution Region ER_IROM1 (Base: 0x08000000, Size: 0x0000a890, Max: 0x00200000, ABSOLUTE)

    Base Addr    Size         Type   Attr      Idx    E Section Name        Object

    0x08000000   0x000001ac   Data   RO         1072    RESET               startup_stm32f427xx.o
    0x080001ac   0x00000000   Code   RO         1786  * .ARM.Collect$$$$00000000  mc_w.l(entry.o)
    0x080001ac   0x00000004   Code   RO         1876    .ARM.Collect$$$$00000001  mc_w.l(entry2.o)
    0x080001b0   0x00000004   Code   RO         1879    .ARM.Collect$$$$00000004  mc_w.l(entry5.o)
    0x080001b4   0x00000000   Code   RO         1881    .ARM.Collect$$$$00000008  mc_w.l(entry7b.o)
    0x080001b4   0x00000000   Code   RO         1883    .ARM.Collect$$$$0000000A  mc_w.l(entry8b.o)
    0x080001b4   0x00000008   Code   RO         1884    .ARM.Collect$$$$0000000B  mc_w.l(entry9a.o)
    0x080001bc   0x00000000   Code   RO         1886    .ARM.Collect$$$$0000000D  mc_w.l(entry10a.o)
    0x080001bc   0x00000000   Code   RO         1888    .ARM.Collect$$$$0000000F  mc_w.l(entry11a.o)
    0x080001bc   0x00000004   Code   RO         1877    .ARM.Collect$$$$00002712  mc_w.l(entry2.o)
    0x080001c0   0x00000060   Code   RO            4    .text               main.o
    0x08000220   0x00000050   Code   RO          206    .text               bsp.o
    0x08000270   0x0000006c   Code   RO          237    .text               led.o
    0x080002dc   0x000001c8   Code   RO          261    .text               gun.o
    0x080004a4   0x00000150   Code   RO          292    .text               can1.o
    0x080005f4   0x000001b0   Code   RO          319    .text               can2.o
    0x080007a4   0x0000006c   Code   RO          343    .text               delay.o
    0x08000810   0x00000104   Code   RO          367    .text               exti.o
    0x08000914   0x0000003c   Code   RO          391    .text               laser.o
    0x08000950   0x000001b8   Code   RO          415    .text               timer.o
    0x08000b08   0x0000021c   Code   RO          442    .text               usart1.o
    0x08000d24   0x0000023c   Code   RO          475    .text               usart3.o
    0x08000f60   0x0000009c   Code   RO          506    .text               encoder.o
    0x08000ffc   0x00000174   Code   RO          532    .text               bsp_flash.o
    0x08001170   0x00000018   Code   RO          559    .text               stm32f4xx_it.o
    0x08001188   0x000000e0   Code   RO          586    .text               misc.o
    0x08001268   0x000009f0   Code   RO          663    .text               stm32f4xx_can.o
    0x08001c58   0x000003a8   Code   RO          744    .text               stm32f4xx_dma.o
    0x08002000   0x0000011c   Code   RO          771    .text               stm32f4xx_exti.o
    0x0800211c   0x000004bc   Code   RO          798    .text               stm32f4xx_flash.o
    0x080025d8   0x0000025c   Code   RO          825    .text               stm32f4xx_gpio.o
    0x08002834   0x00000588   Code   RO          879    .text               stm32f4xx_rcc.o
    0x08002dbc   0x0000008c   Code   RO          935    .text               stm32f4xx_syscfg.o
    0x08002e48   0x00000ca2   Code   RO          962    .text               stm32f4xx_tim.o
    0x08003aea   0x00000002   PAD
    0x08003aec   0x0000041a   Code   RO          989    .text               stm32f4xx_usart.o
    0x08003f06   0x00000002   PAD
    0x08003f08   0x00000210   Code   RO         1016    .text               system_stm32f4xx.o
    0x08004118   0x00000024   Code   RO         1073    .text               startup_stm32f427xx.o
    0x0800413c   0x00000f44   Code   RO         1080    .text               imu.o
    0x08005080   0x00000314   Code   RO         1112    .text               mpu6050_i2c.o
    0x08005394   0x000007c0   Code   RO         1136    .text               mpu6050_driver.o
    0x08005b54   0x000000b4   Code   RO         1172    .text               mpu6050_interrupt.o
    0x08005c08   0x00000ab0   Code   RO         1202    .text               iotask.o
    0x080066b8   0x00000b24   Code   RO         1234    .text               controltask.o
    0x080071dc   0x00000920   Code   RO         1264    .text               remotetask.o
    0x08007afc   0x0000056a   Code   RO         1295    .text               canbustask.o
    0x08008066   0x00000002   PAD
    0x08008068   0x000002e4   Code   RO         1326    .text               supervisetask.o
    0x0800834c   0x000005b0   Code   RO         1357    .text               Protocol.lib(protocal_parser.o)
    0x080088fc   0x000005a4   Code   RO         1448    .text               RMLib.lib(fifo.o)
    0x08008ea0   0x00000070   Code   RO         1528    .text               RMLib.lib(ramp.o)
    0x08008f10   0x00000020   Code   RO         1661    .text               RMLib.lib(lostcounter.o)
    0x08008f30   0x00000120   Code   RO         1684    .text               RMLib.lib(pid_regulator.o)
    0x08009050   0x00000074   Code   RO         1708    .text               Protocol.lib(mf_crc8.o)
    0x080090c4   0x000000a0   Code   RO         1723    .text               Protocol.lib(mf_crc16.o)
    0x08009164   0x00000024   Code   RO         1789    .text               mc_w.l(memcpya.o)
    0x08009188   0x00000024   Code   RO         1791    .text               mc_w.l(memseta.o)
    0x080091ac   0x0000014e   Code   RO         1823    .text               mf_w.l(dadd.o)
    0x080092fa   0x000000e4   Code   RO         1825    .text               mf_w.l(dmul.o)
    0x080093de   0x000000de   Code   RO         1827    .text               mf_w.l(ddiv.o)
    0x080094bc   0x00000022   Code   RO         1831    .text               mf_w.l(dflti.o)
    0x080094de   0x0000003e   Code   RO         1833    .text               mf_w.l(dfixi.o)
    0x0800951c   0x00000032   Code   RO         1835    .text               mf_w.l(dfixui.o)
    0x0800954e   0x00000026   Code   RO         1837    .text               mf_w.l(f2d.o)
    0x08009574   0x00000030   Code   RO         1839    .text               mf_w.l(cdrcmple.o)
    0x080095a4   0x00000038   Code   RO         1841    .text               mf_w.l(d2f.o)
    0x080095dc   0x0000001e   Code   RO         1890    .text               mc_w.l(llshl.o)
    0x080095fa   0x00000020   Code   RO         1892    .text               mc_w.l(llushr.o)
    0x0800961a   0x00000024   Code   RO         1894    .text               mc_w.l(llsshr.o)
    0x0800963e   0x00000000   Code   RO         1905    .text               mc_w.l(iusefp.o)
    0x0800963e   0x0000006e   Code   RO         1906    .text               mf_w.l(fepilogue.o)
    0x080096ac   0x000000ba   Code   RO         1908    .text               mf_w.l(depilogue.o)
    0x08009766   0x000000a2   Code   RO         1910    .text               mf_w.l(dsqrt.o)
    0x08009808   0x00000024   Code   RO         1914    .text               mc_w.l(init.o)
    0x0800982c   0x00000056   Code   RO         1924    .text               mc_w.l(__dczerorl2.o)
    0x08009882   0x00000030   Code   RO         1871    i.__ARM_fpclassify  m_wm.l(fpclassify.o)
    0x080098b2   0x00000006   PAD
    0x080098b8   0x00000360   Code   RO         1742    i.__hardfp_asin     m_wm.l(asin.o)
    0x08009c18   0x000002d8   Code   RO         1843    i.__hardfp_atan     m_wm.l(atan.o)
    0x08009ef0   0x000001f0   Code   RO         1756    i.__hardfp_atan2    m_wm.l(atan2.o)
    0x0800a0e0   0x00000014   Code   RO         1768    i.__hardfp_fabs     m_wm.l(fabs.o)
    0x0800a0f4   0x0000007a   Code   RO         1774    i.__hardfp_sqrt     m_wm.l(sqrt.o)
    0x0800a16e   0x000000f8   Code   RO         1873    i.__kernel_poly     m_wm.l(poly.o)
    0x0800a266   0x00000014   Code   RO         1858    i.__mathlib_dbl_infnan  m_wm.l(dunder.o)
    0x0800a27a   0x00000014   Code   RO         1859    i.__mathlib_dbl_infnan2  m_wm.l(dunder.o)
    0x0800a28e   0x00000002   PAD
    0x0800a290   0x00000020   Code   RO         1860    i.__mathlib_dbl_invalid  m_wm.l(dunder.o)
    0x0800a2b0   0x00000020   Code   RO         1863    i.__mathlib_dbl_underflow  m_wm.l(dunder.o)
    0x0800a2d0   0x0000000e   Code   RO         1918    i.__scatterload_copy  mc_w.l(handlers.o)
    0x0800a2de   0x00000002   Code   RO         1919    i.__scatterload_null  mc_w.l(handlers.o)
    0x0800a2e0   0x0000000e   Code   RO         1920    i.__scatterload_zeroinit  mc_w.l(handlers.o)
    0x0800a2ee   0x00000002   PAD
    0x0800a2f0   0x0000000c   Code   RO         1900    i.__set_errno       mc_w.l(errno.o)
    0x0800a2fc   0x00000010   Code   RO         1845    i.atan              m_wm.l(atan.o)
    0x0800a30c   0x00000018   Code   RO         1770    i.fabs              m_wm.l(fabs.o)
    0x0800a324   0x00000050   Code   RO         1795    i.free              mc_w.l(malloc.o)
    0x0800a374   0x0000006c   Code   RO         1796    i.malloc            mc_w.l(malloc.o)
    0x0800a3e0   0x0000006e   Code   RO         1776    i.sqrt              m_wm.l(sqrt.o)
    0x0800a44e   0x00000002   PAD
    0x0800a450   0x0000002c   Data   RO         1328    .constdata          supervisetask.o
    0x0800a47c   0x00000101   Data   RO         1709    .constdata          Protocol.lib(mf_crc8.o)
    0x0800a57d   0x00000001   PAD
    0x0800a57e   0x00000200   Data   RO         1724    .constdata          Protocol.lib(mf_crc16.o)
    0x0800a77e   0x00000002   PAD
    0x0800a780   0x00000050   Data   RO         1745    .constdata          m_wm.l(asin.o)
    0x0800a7d0   0x00000098   Data   RO         1846    .constdata          m_wm.l(atan.o)
    0x0800a868   0x00000008   Data   RO         1875    .constdata          m_wm.l(qnan.o)
    0x0800a870   0x00000020   Data   RO         1916    Region$$Table       anon$$obj.o


    Execution Region RW_IRAM1 (Base: 0x20000000, Size: 0x000022f8, Max: 0x00030000, ABSOLUTE, COMPRESSED[0x000000cc])

    Base Addr    Size         Type   Attr      Idx    E Section Name        Object

    0x20000000   0x0000000c   Data   RW            5    .data               main.o
    0x2000000c   0x00000008   Data   RW          263    .data               gun.o
    0x20000014   0x00000004   Data   RW          444    .data               usart1.o
    0x20000018   0x00000004   Data   RW          477    .data               usart3.o
    0x2000001c   0x00000001   Data   RW          507    .data               encoder.o
    0x2000001d   0x00000010   Data   RW          880    .data               stm32f4xx_rcc.o
    0x2000002d   0x00000003   PAD
    0x20000030   0x00000014   Data   RW         1017    .data               system_stm32f4xx.o
    0x20000044   0x00000070   Data   RW         1082    .data               imu.o
    0x200000b4   0x00000018   Data   RW         1138    .data               mpu6050_driver.o
    0x200000cc   0x00000001   Data   RW         1173    .data               mpu6050_interrupt.o
    0x200000cd   0x00000003   PAD
    0x200000d0   0x00000090   Data   RW         1204    .data               iotask.o
    0x20000160   0x00000470   Data   RW         1235    .data               controltask.o
    0x200005d0   0x00000084   Data   RW         1266    .data               remotetask.o
    0x20000654   0x00000008   Data   RW         1297    .data               canbustask.o
    0x2000065c   0x0000003c   Data   RW         1329    .data               supervisetask.o
    0x20000698   0x00000005   Data   RW         1359    .data               Protocol.lib(protocal_parser.o)
    0x2000069d   0x00000001   PAD
    0x2000069e   0x00000002   Data   RW         1725    .data               Protocol.lib(mf_crc16.o)
    0x200006a0   0x00000004   Data   RW         1896    .data               mc_w.l(mvars.o)
    0x200006a4   0x00000004   Data   RW         1897    .data               mc_w.l(mvars.o)
    0x200006a8   0x00000004   Data   RW         1901    .data               mc_w.l(errno.o)
    0x200006ac   0x00000020   Zero   RW          262    .bss                gun.o
    0x200006cc   0x0000013e   Zero   RW          443    .bss                usart1.o
    0x2000080a   0x00000100   Zero   RW          476    .bss                usart3.o
    0x2000090a   0x00000002   PAD
    0x2000090c   0x00000040   Zero   RW         1081    .bss                imu.o
    0x2000094c   0x0000012e   Zero   RW         1137    .bss                mpu6050_driver.o
    0x20000a7a   0x00000090   Zero   RW         1203    .bss                iotask.o
    0x20000b0a   0x00000002   PAD
    0x20000b0c   0x00000077   Zero   RW         1265    .bss                remotetask.o
    0x20000b83   0x00000001   PAD
    0x20000b84   0x00000264   Zero   RW         1296    .bss                canbustask.o
    0x20000de8   0x0000010a   Zero   RW         1358    .bss                Protocol.lib(protocal_parser.o)
    0x20000ef2   0x00000006   PAD
    0x20000ef8   0x00001000   Zero   RW         1071    HEAP                startup_stm32f427xx.o
    0x20001ef8   0x00000400   Zero   RW         1070    STACK               startup_stm32f427xx.o


==============================================================================

Image component sizes


      Code (inc. data)   RO Data    RW Data    ZI Data      Debug   Object Name

        80          6          0          0          0        563   bsp.o
       372         48          0          0          0       2394   bsp_flash.o
       336          8          0          0          0       1132   can1.o
       432         14          0          0          0       1341   can2.o
      1386         68          0          8        612       4209   canbustask.o
      2852        298          0       1136          0       6975   controltask.o
       108          0          0          0          0       1262   delay.o
       156         14          0          1          0       1342   encoder.o
       260          8          0          0          0        983   exti.o
       456         32          0          8         32       1772   gun.o
      3908        332          0        112         64       4813   imu.o
      2736        256          0        144        144      11300   iotask.o
        60          6          0          0          0        570   laser.o
       108         10          0          0          0        600   led.o
        96         16          0         12          0     300665   main.o
       224         20          0          0          0     211069   misc.o
      1984         66          0         24        302      10018   mpu6050_driver.o
       788         10          0          0          0       3979   mpu6050_i2c.o
       180         10          0          1          0       1155   mpu6050_interrupt.o
      2336        150          0        132        119       8599   remotetask.o
        36          8        428          0       5120        888   startup_stm32f427xx.o
      2544         38          0          0          0      16520   stm32f4xx_can.o
       936         32          0          0          0      19085   stm32f4xx_dma.o
       284         10          0          0          0       4803   stm32f4xx_exti.o
      1212         26          0          0          0      12501   stm32f4xx_flash.o
       604         36          0          0          0      10565   stm32f4xx_gpio.o
        24          0          0          0          0       1190   stm32f4xx_it.o
      1416         48          0         16          0      24083   stm32f4xx_rcc.o
       140         12          0          0          0       1731   stm32f4xx_syscfg.o
      3234         60          0          0          0      42868   stm32f4xx_tim.o
      1050         26          0          0          0      13908   stm32f4xx_usart.o
       740         34         44         60          0       5483   supervisetask.o
       528         46          0         20          0       2003   system_stm32f4xx.o
       440         20          0          0          0       1765   timer.o
       540         28          0          4        318       2941   usart1.o
       572         26          0          4        256       3422   usart3.o

    ----------------------------------------------------------------------
     33164       1822        504       1688       6972     738497   Object Totals
         0          0         32          0          0          0   (incl. Generated)
         6          0          0          6          5          0   (incl. Padding)

    ----------------------------------------------------------------------

      Code (inc. data)   RO Data    RW Data    ZI Data      Debug   Library Member Name

       160         10        512          2          0       2386   mf_crc16.o
       116          4        257          0          0       1882   mf_crc8.o
      1456         28          0          5        266      13116   protocal_parser.o
      1444          0          0          0          0       8256   fifo.o
        32          0          0          0          0       1640   lostcounter.o
       288          4          0          0          0       1785   pid_regulator.o
       112          6          0          0          0       2612   ramp.o
       864         94         80          0          0        280   asin.o
       744        106        152          0          0        352   atan.o
       496         64          0          0          0        192   atan2.o
       104         16          0          0          0        496   dunder.o
        44          0          0          0          0        248   fabs.o
        48          0          0          0          0        124   fpclassify.o
       248          0          0          0          0        152   poly.o
         0          0          8          0          0          0   qnan.o
       232          0          0          0          0        296   sqrt.o
        86          0          0          0          0          0   __dczerorl2.o
         0          0          0          0          0          0   entry.o
         0          0          0          0          0          0   entry10a.o
         0          0          0          0          0          0   entry11a.o
         8          4          0          0          0          0   entry2.o
         4          0          0          0          0          0   entry5.o
         0          0          0          0          0          0   entry7b.o
         0          0          0          0          0          0   entry8b.o
         8          4          0          0          0          0   entry9a.o
        12          6          0          4          0         68   errno.o
        30          0          0          0          0          0   handlers.o
        36          8          0          0          0         68   init.o
         0          0          0          0          0          0   iusefp.o
        30          0          0          0          0         68   llshl.o
        36          0          0          0          0         68   llsshr.o
        32          0          0          0          0         68   llushr.o
       188         20          0          0          0        160   malloc.o
        36          0          0          0          0         68   memcpya.o
        36          0          0          0          0        108   memseta.o
         0          0          0          8          0          0   mvars.o
        48          0          0          0          0         68   cdrcmple.o
        56          0          0          0          0         88   d2f.o
       334          0          0          0          0        148   dadd.o
       222          0          0          0          0        100   ddiv.o
       186          0          0          0          0        176   depilogue.o
        62          0          0          0          0         80   dfixi.o
        50          0          0          0          0         76   dfixui.o
        34          0          0          0          0         76   dflti.o
       228          0          0          0          0         96   dmul.o
       162          0          0          0          0        100   dsqrt.o
        38          0          0          0          0         68   f2d.o
       110          0          0          0          0        168   fepilogue.o

    ----------------------------------------------------------------------
      8472        374       1012         20        272      35737   Library Totals
        12          0          3          1          6          0   (incl. Padding)

    ----------------------------------------------------------------------

      Code (inc. data)   RO Data    RW Data    ZI Data      Debug   Library Name

      1732         42        769          7        266      17384   Protocol.lib
      1876         10          0          0          0      14293   RMLib.lib
      2780        280        240          0          0       2140   m_wm.l
       542         42          0         12          0        676   mc_w.l
      1530          0          0          0          0       1244   mf_w.l

    ----------------------------------------------------------------------
      8472        374       1012         20        272      35737   Library Totals

    ----------------------------------------------------------------------

==============================================================================


      Code (inc. data)   RO Data    RW Data    ZI Data      Debug   

     41636       2196       1516       1708       7244     763082   Grand Totals
     41636       2196       1516        204       7244     763082   ELF Image Totals (compressed)
     41636       2196       1516        204          0          0   ROM Totals

==============================================================================

    Total RO  Size (Code + RO Data)                43152 (  42.14kB)
    Total RW  Size (RW Data + ZI Data)              8952 (   8.74kB)
    Total ROM Size (Code + RO Data + RW Data)      43356 (  42.34kB)

==============================================================================

